******************************************************************************
               TMS320C6x Linker Unix v7.4.2                    
******************************************************************************
>> Linked Wed Feb 18 16:07:41 2015

OUTPUT FILE NAME:   <bin/dsp_server.xe674>
ENTRY POINT SYMBOL: "ti_sysbios_family_c64p_Hwi0"  address: cd19a800


MEMORY CONFIGURATION

         name            origin    length      used     unused   attr    fill
----------------------  --------  ---------  --------  --------  ----  --------
  IROM                  11700000   00100000  00000000  00100000  R  X
  IRAM                  11800000   00020000  0000c000  00014000  RW X
  L3_CBA_RAM            80000000   00020000  00000000  00020000  RW X
  DDRCMEM               c8000000   02000000  00000000  02000000  RWIX
  DDRALGHEAP            ca000000   03000000  03000000  00000000  RWIX
  DDR2                  cd000000   02000000  0019ad6c  01e65294  RWIX
  SR1                   cf000000   00800000  00800000  00000000  RWIX
  SYSLINK               cf800000   00800000  00800000  00000000  RWIX


SEGMENT ALLOCATION MAP

run origin  load origin   length   init length attrs members
----------  ----------- ---------- ----------- ----- -------
11800000    11800000    0000c000   00000000    rw-
  11800000    11800000    0000c000   00000000    rw- .INT_HEAP
ca000000    ca000000    030eb208   00000000    rw-
  ca000000    ca000000    03000000   00000000    rw- .EXTALG_HEAP
  cd000000    cd000000    000eb208   00000000    rw- .far
cd0eb208    cd0eb208    00000018   00000018    r--
  cd0eb208    cd0eb208    00000018   00000018    r-- .const.1
cd0eb220    cd0eb220    0005c380   0005c380    r-x
  cd0eb220    cd0eb220    0005c380   0005c380    r-x .text
cd1475a0    cd1475a0    00040000   00000000    rw-
  cd1475a0    cd1475a0    00040000   00000000    rw- .EXT_HEAP
cd1875a0    cd1875a0    000107da   000107da    r--
  cd1875a0    cd1875a0    000107da   000107da    r-- .const.2
cd197d80    cd197d80    0000194a   0000194a    rw-
  cd197d80    cd197d80    0000194a   0000194a    rw- .fardata
cd1996d0    cd1996d0    00001000   00000000    rw-
  cd1996d0    cd1996d0    00001000   00000000    rw- .stack
cd19a6d0    cd19a6d0    00000130   00000130    r--
  cd19a6d0    cd19a6d0    00000130   00000130    r-- .switch.1
cd19a800    cd19a800    00000200   00000200    r-x
  cd19a800    cd19a800    00000200   00000200    r-x .vecs
cd19aa00    cd19aa00    00000004   00000000    rw-
  cd19aa00    cd19aa00    00000004   00000000    rw- .bss
cd19aa04    cd19aa04    000001b0   000001b0    rw-
  cd19aa04    cd19aa04    000001b0   000001b0    rw- .neardata
cd19abb4    cd19abb4    00000018   00000018    r--
  cd19abb4    cd19abb4    00000018   00000018    r-- .switch.2
cd19abcc    cd19abcc    00000120   00000000    rw-
  cd19abcc    cd19abcc    00000120   00000000    rw- .cio
cd19b000    cd19b000    0000008c   0000008c    r--
  cd19b000    cd19b000    0000008c   0000008c    r-- ti_sdo_ipc_init


SECTION ALLOCATION MAP

 output                                  attributes/
section   page    origin      length       input sections
--------  ----  ----------  ----------   ----------------
.cinit     0    cd000000    00000000     UNINITIALIZED

.init_array 
*          0    cd000000    00000000     UNINITIALIZED

.INT_HEAP 
*          0    11800000    0000c000     UNINITIALIZED
                  11800000    0000c000     dsp_server_pe674.oe674 (.INT_HEAP)

.EXTALG_HEAP 
*          0    ca000000    03000000     UNINITIALIZED
                  ca000000    03000000     dsp_server_pe674.oe674 (.EXTALG_HEAP)

xdc.meta   0    cd000000    000000f0     COPY SECTION
                  cd000000    000000f0     dsp_server_pe674.oe674 (xdc.meta)

.far       0    cd000000    000eb208     UNINITIALIZED
                  cd000000    000e2260     trik_vidtranscode_cv.ae674 : vidtranscode_cv.oe674 (.far)
                  cd0e2260    00008474     dsp_server_pe674.oe674 (.far)
                  cd0ea6d4    00000004     --HOLE--
                  cd0ea6d8    00000800     dsp_server_pe674.oe674 (.far:taskStackSection)
                  cd0eaed8    00000140     rts6740_elf.lib : defs.obj (.far)
                  cd0eb018    000000a0     dskt2.ae674 : dskt2_lock.oe674 (.far)
                  cd0eb0b8    00000030     ce.ae674 : rms.oe674 (.far)
                  cd0eb0e8    0000002c     rman.ae674 : rman.oe674 (.far)
                  cd0eb114    00000024     ce.ae674 : Engine.oe674 (.far)
                  cd0eb138    00000014              : Server.oe674 (.far)
                  cd0eb14c    00000004     --HOLE--
                  cd0eb150    00000014     dskt2.ae674 : dskt2_scratch.oe674 (.far)
                  cd0eb164    00000014     nullres.ae674 : iresman_nullres.oe674 (.far)
                  cd0eb178    0000000c     Algorithm_BIOS.ae674 : Algorithm_BIOS.oe674 (.far)
                  cd0eb184    0000000c     XdmUtils.ae674 : XdmUtils.oe674 (.far)
                  cd0eb190    0000000c     ce.ae674 : visa.oe674 (.far)
                  cd0eb19c    0000000c     cesettings.ae674 : CESettings.oe674 (.far)
                  cd0eb1a8    0000000c     fcsettings.ae674 : FCSettings.oe674 (.far)
                  cd0eb1b4    0000000c     ipc_bios.ae674 : Processor_noOS.oe674 (.far)
                  cd0eb1c0    0000000c     node.ae674 : node_init.oe674 (.far)
                  cd0eb1cc    0000000c     osal.ae674 : Global_BIOS.oe674 (.far)
                  cd0eb1d8    0000000c                : Loader_noOS.oe674 (.far)
                  cd0eb1e4    0000000c                : Memory_BIOS.oe674 (.far)
                  cd0eb1f0    0000000c     vidtranscode.ae674 : vidtranscode.oe674 (.far)
                  cd0eb1fc    00000004     --HOLE--
                  cd0eb200    00000008     rts6740_elf.lib : trgdrv.obj (.far)

.const.1   0    cd0eb208    00000018     
                  cd0eb208    00000018     dskt2.ae674 : dskt2_scratch.oe674 (.const:$P$T0$2)

.text      0    cd0eb220    0005c380     
                  cd0eb220    00005ae0     dskt2.ae674 : dskt2_scratch.oe674 (.text)
                  cd0f0d00    00004e60     rman.ae674 : rman.oe674 (.text)
                  cd0f5b60    00002620     vlib.ae674 : VLIB_trackFeaturesLucasKanade_7x7.oe674 (.text:optimized)
                  cd0f8180    000016a0     dskt2.ae674 : dskt2crea.oe674 (.text)
                  cd0f9820    00001200     ce.ae674 : Engine.oe674 (.text:Engine_initFromServer)
                  cd0faa20    000011c0     ipc.ae674 : Ipc.obj (.text:ti_sdo_ipc_GateMP_Instance_init__F)
                  cd0fbbe0    00001160     trik_vidtranscode_cv.ae674 : vidtranscode_cv.oe674 (.text:_ZN4trik2cv17LKFeatureDetectorIL32TRIK_VIDTRANSCODE_CV_VideoFormat261ELS2_258EE3runERK17TrikCvImageBufferRS4_RK30TRIK_VIDTRANSCODE_CV_InArgsAlgR31TRIK_VIDTRANSCODE_CV_OutArgsAlg)
                  cd0fcd40    00000c40     ce.ae674 : visa.oe674 (.text:VISA_create2)
                  cd0fd980    00000c00              : Server.oe674 (.text:Server_addAlg)
                  cd0fe580    00000b00     ipc.ae674 : Ipc.obj (.text:Ipc_attach)
                  cd0ff080    00000a60               : Ipc.obj (.text:ti_sdo_ipc_heaps_HeapMemMP_alloc__E)
                  cd0ffae0    00000a20               : Ipc.obj (.text:ti_sdo_ipc_heaps_HeapMemMP_free__E)
                  cd100500    000009c0     dskt2.ae674 : dskt2_yield.oe674 (.text)
                  cd100ec0    000009a0     ti.targets.rts6000.ae674 : System.oe674 (.text:xdc_runtime_System_doPrint__I)
                  cd101860    00000960     vlib.ae674 : VLIB_harrisScore_7x7.oe674 (.text:optimized)
                  cd1021c0    00000940     ce.ae674 : Engine.oe674 (.text:Engine_addAlg)
                  cd102b00    00000920     ipc.ae674 : Ipc.obj (.text:ti_sdo_ipc_transports_TransportShm_Instance_init__F)
                  cd103420    00000900     ce.ae674 : Engine.oe674 (.text:Engine_addAlgRemote)
                  cd103d20    00000900     ipc.ae674 : Ipc.obj (.text:Ipc_detach)
                  cd104620    000008c0               : Ipc.obj (.text:ti_sdo_ipc_GateMP_Instance_finalize__F)
                  cd104ee0    000008a0               : Ipc.obj (.text:ti_sdo_ipc_ListMP_Instance_init__F)
                  cd105780    000008a0     sysbios.ae674 : BIOS.obj (.text:ti_sysbios_family_c64p_Exception_handler__I)
                  cd106020    00000840     ce.ae674 : Engine.oe674 (.text:Engine_createNode2)
                  cd106860    00000840     ipc.ae674 : Ipc.obj (.text:MessageQ_put)
                  cd1070a0    00000820               : Ipc.obj (.text:ti_sdo_ipc_heaps_HeapBufMP_Instance_init__F)
                  cd1078c0    00000800     ce.ae674 : rms.oe674 (.text:addAlg)
                  cd1080c0    00000800     dskt2.ae674 : dskt2free.oe674 (.text)
                  cd1088c0    00000800     ipc.ae674 : Ipc.obj (.text:ti_sdo_ipc_heaps_HeapBufMP_postInit__I)
                  cd1090c0    000007a0     ce.ae674 : Engine.oe674 (.text:addAlg)
                  cd109860    00000780     ipc.ae674 : Ipc.obj (.text:ti_sdo_ipc_heaps_HeapMemMP_Instance_init__F)
                  cd109fe0    00000740     ce.ae674 : Engine.oe674 (.text:rmsInit)
                  cd10a720    000006e0     dskt2.ae674 : dskt2dact.oe674 (.text)
                  cd10ae00    000006c0     ce.ae674 : Engine.oe674 (.text:addEngineToList)
                  cd10b4c0    000006c0     ipc.ae674 : Ipc.obj (.text:ti_sdo_ipc_nsremote_NameServerRemoteNotify_Instance_init__F)
                  cd10bb80    000006a0               : Ipc.obj (.text:Ipc_writeConfig)
                  cd10c220    000006a0               : Ipc.obj (.text:NameServer_add)
                  cd10c8c0    00000680     ipc_bios.ae674 : Processor_noOS.oe674 (.text:procCreate)
                  cd10cf40    00000620     ce.ae674 : Engine.oe674 (.text:Engine_removeAlg)
                  cd10d560    00000620     ipc.ae674 : Ipc.obj (.text:Notify_sendEvent)
                  cd10db80    00000620     sysbios.ae674 : BIOS.obj (.text:ti_sysbios_knl_Task_Instance_finalize__F)
                  cd10e1a0    00000600                   : BIOS.obj (.text:ti_sysbios_heaps_HeapMem_alloc__E)
                  cd10e7a0    00000600                   : BIOS.obj (.text:ti_sysbios_knl_Semaphore_pend__E)
                  cd10eda0    000005e0     ipc.ae674 : Ipc.obj (.text:Notify_registerEventSingle)
                  cd10f380    000005e0     sysbios.ae674 : BIOS.obj (.text:ti_sysbios_heaps_HeapMem_free__E)
                  cd10f960    000005c0     ipc.ae674 : Ipc.obj (.text:ListMP_getHead)
                  cd10ff20    000005c0               : Ipc.obj (.text:Notify_unregisterEventSingle)
                  cd1104e0    000005c0     rts6740_elf.lib : _printfi.obj (.text:_getarg_diouxp)
                  cd110aa0    000005c0     ipc.ae674 : Ipc.obj (.text:ti_sdo_ipc_SharedRegion_start__F)
                  cd111060    000005a0     trik_vidtranscode_cv.ae674 : vidtranscode_cv.oe674 (.text:_ZN4trik2cv17LKFeatureDetectorIL32TRIK_VIDTRANSCODE_CV_VideoFormat261ELS2_258EE5setupERK15TrikCvImageDescS6_Paj)
                  cd111600    000005a0     rts6740_elf.lib : divd.obj (.text:__c6xabi_divd)
                  cd111ba0    000005a0     sysbios.ae674 : BIOS.obj (.text:ti_sysbios_timers_timer64_Timer_Module_startup__F)
                  cd112140    00000580     ipc.ae674 : Ipc.obj (.text:ti_sdo_ipc_nsremote_NameServerRemoteNotify_get__F)
                  cd1126c0    00000580               : Ipc.obj (.text:ti_sdo_ipc_transports_TransportShm_put__E)
                  cd112c40    00000560               : Ipc.obj (.text:MessageQ_free)
                  cd1131a0    00000560               : Ipc.obj (.text:NameServer_get)
                  cd113700    00000540     trik_vidtranscode_cv.ae674 : vidtranscode_cv.oe674 (.text:_Z20handleSetupImageDescP12TrikCvHandle)
                  cd113c40    00000540     ce.ae674 : rms.oe674 (.text:createNode)
                  cd114180    00000540     ipc.ae674 : Ipc.obj (.text:ti_sdo_ipc_Ipc_procSyncStart__I)
                  cd1146c0    00000520     ce.ae674 : Engine.oe674 (.text:Engine_init)
                  cd114be0    00000520              : rms.oe674 (.text:getAlg)
                  cd115100    00000500              : Engine.oe674 (.text:Engine_fwriteTrace)
                  cd115600    00000500     sysbios.ae674 : BIOS.obj (.text:ti_sysbios_utils_Load_update__E)
                  cd115b00    000004e0     ipc.ae674 : Ipc.obj (.text:ti_sdo_ipc_notifyDrivers_NotifyDriverShm_Instance_init__F)
                  cd115fe0    000004a0               : Ipc.obj (.text:HeapBufMP_sharedMemReq)
                  cd116480    000004a0               : Ipc.obj (.text:ti_sdo_ipc_gates_GatePeterson_Instance_init__F)
                  cd116920    000004a0               : Ipc.obj (.text:ti_sdo_ipc_nsremote_NameServerRemoteNotify_swiFxn__I)
                  cd116dc0    00000480     dskt2.ae674 : dskt2actv.oe674 (.text)
                  cd117240    00000460     rts6740_elf.lib : _printfi.obj (.text:_printfi)
                  cd1176a0    00000460                     : _printfi.obj (.text:_setfield)
                  cd117b00    00000460     ipc.ae674 : Ipc.obj (.text:ti_sdo_ipc_GateMP_setRegion0Reserved__F)
                  cd117f60    00000460               : Ipc.obj (.text:ti_sdo_ipc_Ipc_procSyncFinish__I)
                  cd1183c0    00000460               : Ipc.obj (.text:ti_sdo_ipc_MessageQ_Instance_init__F)
                  cd118820    00000440               : Ipc.obj (.text:ListMP_putTail)
                  cd118c60    00000440     vidtranscode.ae674 : vidtranscode.oe674 (.text:VIDTRANSCODE_control)
                  cd1190a0    00000440     ipc.ae674 : Ipc.obj (.text:ti_sdo_ipc_heaps_HeapMemMP_getStats__E)
                  cd1194e0    00000440               : Ipc.obj (.text:ti_sdo_ipc_heaps_HeapMemMP_postInit__I)
                  cd119920    00000420     ce.ae674 : Engine.oe674 (.text:Engine_open)
                  cd119d40    00000420     sysbios.ae674 : BIOS.obj (.text:ti_sysbios_gates_GateMutexPri_enter__E)
                  cd11a160    00000420                   : BIOS.obj (.text:ti_sysbios_utils_Load_logLoads__I)
                  cd11a580    00000400     ipc.ae674 : Ipc.obj (.text:ti_sdo_ipc_Notify_Instance_init__F)
                  cd11a980    00000400     sysbios.ae674 : BIOS.obj (.text:ti_sysbios_knl_Task_Instance_init__F)
                  cd11ad80    000003e0     ce.ae674 : Engine.oe674 (.text:rserverOpen)
                  cd11b160    000003e0     sysbios.ae674 : BIOS.obj (.text:ti_sysbios_knl_Task_setPri__E)
                  cd11b540    000003c0     osal.ae674 : Memory_BIOS.oe674 (.text:ti_sdo_ce_osal_Memory_init)
                  cd11b900    000003c0     ipc.ae674 : Ipc.obj (.text:ti_sdo_ipc_SharedRegion_reserveMemory__F)
                  cd11bcc0    000003a0     Algorithm_BIOS.ae674 : Algorithm_BIOS.oe674 (.text:Algorithm_create)
                  cd11c060    000003a0     rts6740_elf.lib : fputs.obj (.text:fputs)
                  cd11c400    00000380     ipc.ae674 : Ipc.obj (.text:HeapMemMP_sharedMemReq)
                  cd11c780    00000380               : Ipc.obj (.text:MessageQ_alloc)
                  cd11cb00    00000380     ce.ae674 : rms.oe674 (.text:redefineHeap)
                  cd11ce80    00000380     ipc.ae674 : Ipc.obj (.text:ti_sdo_ipc_family_da830_InterruptDsp_intRegister__E)
                  cd11d200    00000380     ti.targets.rts6000.ae674 : Diags.oe674 (.text:xdc_runtime_Diags_setMask__F)
                  cd11d580    00000360     dsp_server_pe674.oe674 (.text:CERuntime_init)
                  cd11d8e0    00000360     vidtranscode.ae674 : vidtranscode.oe674 (.text:VIDTRANSCODE_process)
                  cd11dc40    00000360     fcsettings.ae674 : FCSettings.oe674 (.text)
                  cd11dfa0    00000340     ce.ae674 : Engine.oe674 (.text:Engine_setTrace)
                  cd11e2e0    00000340     ipc.ae674 : Ipc.obj (.text:GateMP_sharedMemReq)
                  cd11e620    00000340     node.ae674 : node_exec.oe674 (.text:NODE_EXECFXN)
                  cd11e960    00000340     ce.ae674 : visa.oe674 (.text:VISA_delete)
                  cd11eca0    00000340              : Engine.oe674 (.text:cleanup)
                  cd11efe0    00000340     nullres.ae674 : iresman_nullres.oe674 (.text)
                  cd11f320    00000320     ce.ae674 : Engine.oe674 (.text:Engine_getNumServerAlgs)
                  cd11f640    00000320     XdmUtils.ae674 : XdmUtils.oe674 (.text:XdmUtils_validateSparseBufDesc1)
                  cd11f960    00000320     rts6740_elf.lib : _printfi.obj (.text:_pproc_fge)
                  cd11fc80    00000300     ipc.ae674 : Ipc.obj (.text:GateMP_openByAddr)
                  cd11ff80    00000300     ipc_bios.ae674 : Processor_noOS.oe674 (.text:procDelete)
                  cd120280    00000300     ce.ae674 : rms.oe674 (.text:processRmsCmd)
                  cd120580    00000300     ipc.ae674 : Ipc.obj (.text:ti_sdo_ipc_heaps_HeapBufMP_free__E)
                  cd120880    00000300               : Ipc.obj (.text:ti_sdo_ipc_transports_TransportShm_openByAddr__F)
                  cd120b80    00000300     sysbios.ae674 : BIOS.obj (.text:ti_sysbios_family_c64p_Hwi_dispatchC__I)
                  cd120e80    000002e0     ipc.ae674 : Ipc.obj (.text:SharedRegion_getEntry)
                  cd121160    000002e0               : Ipc.obj (.text:SharedRegion_getPtr)
                  cd121440    000002e0     rts6740_elf.lib : _printfi.obj (.text:_pproc_fwp)
                  cd121720    000002e0     vlib.ae674 : VLIB_imagePyramid8.oe674 (.text:optimized)
                  cd121a00    000002e0     sysbios.ae674 : BIOS.obj (.text:ti_sysbios_heaps_HeapMem_Instance_init__F)
                  cd121ce0    000002e0     trik_vidtranscode_cv.ae674 : vidtranscode_cv.oe674 (.text:trikCvProceedImage)
                  cd121fc0    000002c0     ipc.ae674 : Ipc.obj (.text:MessageQ_open)
                  cd122280    000002c0     ipc_bios.ae674 : Processor_noOS.oe674 (.text:Processor_create)
                  cd122540    000002c0     ce.ae674 : Engine.oe674 (.text:getRpcProtocolVersion)
                  cd122800    000002c0              : Engine.oe674 (.text:rserverDetach)
                  cd122ac0    000002c0     ipc.ae674 : Ipc.obj (.text:ti_sdo_ipc_notifyDrivers_NotifyDriverShm_isr__I)
                  cd122d80    000002a0               : Ipc.obj (.text:MessageQ_staticMsgInit)
                  cd123020    000002a0               : Ipc.obj (.text:NameServer_getLocal)
                  cd1232c0    000002a0     ce.ae674 : rms.oe674 (.text:RMS_init)
                  cd123560    000002a0     vidtranscode.ae674 : vidtranscode_skel.oe674 (.text:call)
                  cd123800    000002a0     dskt2.ae674 : dskt2_permute.oe674 (.text)
                  cd123aa0    000002a0     rts6740_elf.lib : _printfi.obj (.text:ecvt)
                  cd123d40    000002a0                     : _printfi.obj (.text:fcvt)
                  cd123fe0    000002a0     ce.ae674 : Engine.oe674 (.text:freeServerTab)
                  cd124280    000002a0              : Engine.oe674 (.text:getAlgDesc)
                  cd124520    000002a0     ipc.ae674 : Ipc.obj (.text:ti_sdo_ipc_heaps_HeapBufMP_Instance_finalize__F)
                  cd1247c0    000002a0     sysbios.ae674 : BIOS.obj (.text:ti_sysbios_knl_Clock_workFunc__E)
                  cd124a60    000002a0                   : BIOS.obj (.text:ti_sysbios_timers_timer64_Timer_deviceConfig__I)
                  cd124d00    00000280     ipc.ae674 : Ipc.obj (.text:Ipc_start)
                  cd124f80    00000280     node.ae674 : node_dele.oe674 (.text:NODE_delete)
                  cd125200    00000280     ipc.ae674 : Ipc.obj (.text:SharedRegion_getSRPtr)
                  cd125480    00000280     XdmUtils.ae674 : XdmUtils.oe674 (.text:XdmUtils_validateSparseBufDesc)
                  cd125700    00000280     imglib2_elf.lib : IMG_ycbcr422pl_to_rgb565_i.obj (.text:intrinsic)
                  cd125980    00000280     osal_support.ae674 : OsalSupport.oe674 (.text)
                  cd125c00    00000280     sysbios.ae674 : BIOS.obj (.text:ti_sysbios_family_c64p_Cache_Module_startup__F)
                  cd125e80    00000280     ti.targets.rts6000.ae674 : Core-mem.oe674 (.text:xdc_runtime_Core_createObject__I)
                  cd126100    00000280                              : Error.oe674 (.text:xdc_runtime_Error_raiseX__F)
                  cd126380    00000280     dsp_server_pe674.oe674 (.text:xdc_runtime_System_printfExtend__I)
                  cd126600    00000260     cesettings.ae674 : CESettings.oe674 (.text:CESettings_getDiags)
                  cd126860    00000260     ipc.ae674 : Ipc.obj (.text:ListMP_sharedMemReq)
                  cd126ac0    00000260     node.ae674 : node_crea.oe674 (.text:NODE_create)
                  cd126d20    00000260     XdmUtils.ae674 : XdmUtils.oe674 (.text:XdmUtils_validateExtendedStruct)
                  cd126f80    00000260     rts6740_elf.lib : imath64.obj (.text:__c6xabi_divull)
                  cd1271e0    00000260                     : _printfi.obj (.text:_pconv_e)
                  cd127440    00000260     ce.ae674 : Engine.oe674 (.text:getServerKey)
                  cd1276a0    00000260     osal.ae674 : Memory_BIOS.oe674 (.text:ti_sdo_ce_osal_Memory_redefine)
                  cd127900    00000260     ipc.ae674 : Ipc.obj (.text:ti_sdo_ipc_ListMP_Instance_finalize__F)
                  cd127b60    00000260               : Ipc.obj (.text:ti_sdo_ipc_heaps_HeapMemMP_Instance_finalize__F)
                  cd127dc0    00000260               : Ipc.obj (.text:ti_sdo_ipc_notifyDrivers_NotifyDriverShm_disableEvent__E)
                  cd128020    00000260               : Ipc.obj (.text:ti_sdo_ipc_notifyDrivers_NotifyDriverShm_sharedMemReq__F)
                  cd128280    00000260     sysbios.ae674 : BIOS.obj (.text:ti_sysbios_family_c64p_Exception_internalHandler__I)
                  cd1284e0    00000260                   : BIOS.obj (.text:ti_sysbios_knl_Semaphore_post__E)
                  cd128740    00000260                   : BIOS.obj (.text:ti_sysbios_xdcruntime_ThreadSupport_Instance_init__F)
                  cd1289a0    00000260     ti.targets.rts6000.ae674 : Startup.oe674 (.text:xdc_runtime_Startup_startMods__I)
                  cd128c00    00000240     osal.ae674 : Global_BIOS.oe674 (.text:Global_init)
                  cd128e40    00000240     vidtranscode.ae674 : vidtranscode.oe674 (.text:VIDTRANSCODE_create)
                  cd129080    00000240     rts6740_elf.lib : _printfi.obj (.text:_pproc_diouxp)
                  cd1292c0    00000240     ce.ae674 : rms.oe674 (.text:mkInst)
                  cd129500    00000240     ipc.ae674 : Ipc.obj (.text:ti_sdo_ipc_MessageQ_Instance_finalize__F)
                  cd129740    00000240               : Ipc.obj (.text:ti_sdo_ipc_family_da830_NotifySetup_attach__E)
                  cd129980    00000240     sysbios.ae674 : BIOS.obj (.text:ti_sysbios_knl_Task_exit__E)
                  cd129bc0    00000220     ce.ae674 : Engine.oe674 (.text:Engine_deleteNode)
                  cd129de0    00000220     ipc.ae674 : Ipc.obj (.text:MessageQ_get)
                  cd12a000    00000220               : Ipc.obj (.text:MultiProc_getId)
                  cd12a220    00000220     rts6740_elf.lib : _printfi.obj (.text:_pproc_str)
                  cd12a440    00000220     trik_vidtranscode_cv.ae674 : vidtranscode_cv_fxns.oe674 (.text:algControl:TRIK_VIDTRANSCODE_CV_control)
                  cd12a660    00000220                                : vidtranscode_cv_fxns.oe674 (.text:algProcess:TRIK_VIDTRANSCODE_CV_process)
                  cd12a880    00000220     rts6740_elf.lib : fputc.obj (.text:fputc)
                  cd12aaa0    00000220     ipc.ae674 : Ipc.obj (.text:ti_sdo_ipc_GateMP_start__F)
                  cd12acc0    00000220     sysbios.ae674 : BIOS.obj (.text:ti_sysbios_family_c64p_Hwi_reconfig__E)
                  cd12aee0    00000220                   : BIOS.obj (.text:ti_sysbios_knl_Swi_run__I)
                  cd12b100    00000220                   : BIOS.obj (.text:ti_sysbios_knl_Task_schedule__I)
                  cd12b320    00000220                   : BIOS.obj (.text:ti_sysbios_knl_Task_startCore__E)
                  cd12b540    00000200     Algorithm_BIOS.ae674 : Algorithm_BIOS.oe674 (.text:Algorithm_delete)
                  cd12b740    00000200     ce.ae674 : Engine.oe674 (.text:Engine_close)
                  cd12b940    00000200     ipc.ae674 : Ipc.obj (.text:GateMP_enter)
                  cd12bb40    00000200               : Ipc.obj (.text:GateMP_leave)
                  cd12bd40    00000200               : Ipc.obj (.text:ListMP_openByAddr)
                  cd12bf40    00000200     rts6740_elf.lib : _printfi.obj (.text:_pconv_g)
                  cd12c140    00000200     sysbios.ae674 : c64p_Hwi_disp_always.obj (.text:_ti_sysbios_family_c64p_Hwi_dispatchAlways)
                  cd12c340    00000200     dskt2.ae674 : dskt2_lock.oe674 (.text)
                  cd12c540    00000200     rts6740_elf.lib : setvbuf.obj (.text:setvbuf)
                  cd12c740    00000200     ipc.ae674 : Ipc.obj (.text:ti_sdo_ipc_heaps_HeapBufMP_alloc__E)
                  cd12c940    00000200               : Ipc.obj (.text:ti_sdo_ipc_notifyDrivers_NotifyDriverShm_sendEvent__E)
                  cd12cb40    00000200               : Ipc.obj (.text:ti_sdo_ipc_transports_TransportShm_Instance_finalize__F)
                  cd12cd40    00000200     sysbios.ae674 : BIOS.obj (.text:ti_sysbios_utils_Load_taskDeleteHook__E)
                  cd12cf40    00000200     trik_vidtranscode_cv.ae674 : vidtranscode_cv.oe674 (.text:trikCvHandleSetupDynamicParams)
                  cd12d140    000001e0     cesettings.ae674 : CESettings.oe674 (.text:CESettings_setDiags)
                  cd12d320    000001e0     trik_vidtranscode_cv.ae674 : vidtranscode_cv.oe674 (.text:_Z17createCVAlgorithmIN4trik2cv17LKFeatureDetectorIL32TRIK_VIDTRANSCODE_CV_VideoFormat261ELS3_258EEEEiPK12TrikCvHandleR20TrikCvPersistentDataRK15TrikCvImageDescSC_)
                  cd12d500    000001e0     ipc.ae674 : Ipc.obj (.text:ti_sdo_ipc_GateMP_attach__F)
                  cd12d6e0    000001e0               : Ipc.obj (.text:ti_sdo_ipc_GateMP_getFreeResource__I)
                  cd12d8c0    000001e0     sysbios.ae674 : BIOS.obj (.text:ti_sysbios_family_c64p_Exception_externalHandler__I)
                  cd12daa0    000001e0                   : BIOS.obj (.text:ti_sysbios_knl_Swi_Instance_init__F)
                  cd12dc80    000001e0                   : BIOS.obj (.text:ti_sysbios_knl_Task_checkStacks__E)
                  cd12de60    000001e0                   : BIOS.obj (.text:ti_sysbios_knl_Task_postInit__I)
                  cd12e040    000001e0                   : BIOS.obj (.text:ti_sysbios_timers_timer64_Timer_getFreq__E)
                  cd12e220    000001e0                   : BIOS.obj (.text:ti_sysbios_utils_Load_idleFxn__E)
                  cd12e400    000001c0     ipc.ae674 : Ipc.obj (.text:HeapMemMP_openByAddr)
                  cd12e5c0    000001c0     ipc_bios.ae674 : Processor_noOS.oe674 (.text:Processor_delete)
                  cd12e780    000001c0     ce.ae674 : Server.oe674 (.text:Server_getNode)
                  cd12e940    000001c0              : Server.oe674 (.text:Server_init)
                  cd12eb00    000001c0     rts6740_elf.lib : _printfi.obj (.text:_mcpy)
                  cd12ecc0    000001c0     ce.ae674 : Engine.oe674 (.text:checkServer)
                  cd12ee80    000001c0              : Engine.oe674 (.text:isa)
                  cd12f040    000001c0     vlib.ae674 : VLIB_nonMaxSuppress_7x7_S16.oe674 (.text:optimized)
                  cd12f200    000001c0     ipc.ae674 : Ipc.obj (.text:ti_sdo_ipc_GateMP_detach__F)
                  cd12f3c0    000001c0               : Ipc.obj (.text:ti_sdo_ipc_GateMP_stop__F)
                  cd12f580    000001c0               : Ipc.obj (.text:ti_sdo_ipc_notifyDrivers_NotifyDriverShm_registerEvent__E)
                  cd12f740    000001c0     sysbios.ae674 : BIOS.obj (.text:ti_sysbios_family_c64p_Cache_block__I)
                  cd12f900    000001c0                   : BIOS.obj (.text:ti_sysbios_family_c64p_Exception_decodeMpfsr__I)
                  cd12fac0    000001c0                   : BIOS.obj (.text:ti_sysbios_gates_GateMutex_enter__E)
                  cd12fc80    000001c0                   : BIOS.obj (.text:ti_sysbios_timers_timer64_Timer_setPeriodMicroSecs__E)
                  cd12fe40    000001a0     ipc.ae674 : Ipc.obj (.text:SharedRegion_getCacheLineSize)
                  cd12ffe0    000001a0               : Ipc.obj (.text:SharedRegion_getHeap)
                  cd130180    000001a0               : Ipc.obj (.text:SharedRegion_isCacheEnabled)
                  cd130320    000001a0     rts6740_elf.lib : imath40.obj (.text:__c6xabi_divul)
                  cd1304c0    000001a0     ce.ae674 : Engine.oe674 (.text:allocNode)
                  cd130660    000001a0     node.ae674 : node_crea.oe674 (.text:callStub)
                  cd130800    000001a0     ipc.ae674 : Ipc.obj (.text:ti_sdo_ipc_GateMP_openRegion0Reserved__F)
                  cd1309a0    000001a0               : Ipc.obj (.text:ti_sdo_ipc_notifyDrivers_NotifyDriverShm_enableEvent__E)
                  cd130b40    000001a0               : Ipc.obj (.text:ti_sdo_ipc_notifyDrivers_NotifyDriverShm_unregisterEvent__E)
                  cd130ce0    000001a0               : Ipc.obj (.text:ti_sdo_ipc_nsremote_NameServerRemoteNotify_attach__E)
                  cd130e80    000001a0     sysbios.ae674 : BIOS.obj (.text:ti_sysbios_syncs_SyncSem_Instance_init__F)
                  cd131020    000001a0                   : BIOS.obj (.text:ti_sysbios_timers_timer64_Timer_start__E)
                  cd1311c0    000001a0                   : BIOS.obj (.text:ti_sysbios_xdcruntime_ThreadSupport_runStub__I)
                  cd131360    00000180     osal.ae674 : Global_BIOS.oe674 (.text:Global_exit)
                  cd1314e0    00000180     rts6740_elf.lib : trgdrv.obj (.text:HOSTrename)
                  cd131660    00000180     ipc.ae674 : Ipc.obj (.text:MultiProc_getName)
                  cd1317e0    00000180               : Ipc.obj (.text:Notify_intLineRegistered)
                  cd131960    00000180     ce.ae674 : rms.oe674 (.text:RMS_exec)
                  cd131ae0    00000180              : Server.oe674 (.text:cleanup)
                  cd131c60    00000180              : rms.oe674 (.text:getSegStat)
                  cd131de0    00000180              : Engine.oe674 (.text:rserverClose)
                  cd131f60    00000180     sysbios.ae674 : c64p_Exception_asm.obj (.text)
                  cd1320e0    00000180     syscbuf.ae674 : SysCBuf.oe674 (.text:ti_sdo_ce_utils_syscbuf_SysCBuf_get__F)
                  cd132260    00000180     ipc.ae674 : Ipc.obj (.text:ti_sdo_ipc_MessageQ_registerTransport__F)
                  cd1323e0    00000180               : Ipc.obj (.text:ti_sdo_ipc_Notify_Module_startup__F)
                  cd132560    00000180               : Ipc.obj (.text:ti_sdo_ipc_SharedRegion_resetInternalFields__F)
                  cd1326e0    00000180               : Ipc.obj (.text:ti_sdo_ipc_gates_GatePeterson_enter__E)
                  cd132860    00000180               : Ipc.obj (.text:ti_sdo_utils_NameServer_Module_startup__F)
                  cd1329e0    00000180     sysbios.ae674 : BIOS.obj (.text:ti_sysbios_knl_Swi_schedule__I)
                  cd132b60    00000180                   : BIOS.obj (.text:ti_sysbios_knl_Task_unblockI__E)
                  cd132ce0    00000180     ti.targets.rts6000.ae674 : Text.oe674 (.text:xdc_runtime_Text_putSite__F)
                  cd132e60    00000160     Algorithm_BIOS.ae674 : Algorithm_BIOS.oe674 (.text:Algorithm_activate)
                  cd132fc0    00000160                          : Algorithm_BIOS.oe674 (.text:Algorithm_deactivate)
                  cd133120    00000160     osal.ae674 : Memory_BIOS.oe674 (.text:ti_sdo_ce_osal_Memory_alloc)
                  cd133280    00000160                : Memory_BIOS.oe674 (.text:ti_sdo_ce_osal_Memory_free)
                  cd1333e0    00000160     ipc.ae674 : Ipc.obj (.text:ti_sdo_ipc_GateMP_createLocal__F)
                  cd133540    00000160               : Ipc.obj (.text:ti_sdo_ipc_MessageQ_unregisterTransport__F)
                  cd1336a0    00000160               : Ipc.obj (.text:ti_sdo_ipc_transports_TransportShm_sharedMemReq__F)
                  cd133800    00000160               : Ipc.obj (.text:ti_sdo_utils_NameServer_isRegistered__E)
                  cd133960    00000160               : Ipc.obj (.text:ti_sdo_utils_NameServer_registerRemoteDriver__E)
                  cd133ac0    00000160               : Ipc.obj (.text:ti_sdo_utils_NameServer_unregisterRemoteDriver__E)
                  cd133c20    00000160     sysbios.ae674 : BIOS.obj (.text:ti_sysbios_utils_Load_taskCreateHook__E)
                  cd133d80    00000140     ce.ae674 : Engine.oe674 (.text:Engine_getFxns)
                  cd133ec0    00000140     ipc.ae674 : Ipc.obj (.text:GateMP_close)
                  cd134000    00000140               : Ipc.obj (.text:MessageQ_registerHeap)
                  cd134140    00000140     vidtranscode.ae674 : vidtranscode.oe674 (.text:VIDTRANSCODE_delete)
                  cd134280    00000140     boot.ae674 : autoinit.oe674 (.text:_auto_init_elf)
                  cd1343c0    00000140     rts6740_elf.lib : _printfi.obj (.text:_pproc_fflags)
                  cd134500    00000140     ce.ae674 : rms.oe674 (.text:checkStack)
                  cd134640    00000140     rts6740_elf.lib : lowlev.obj (.text:getdevice)
                  cd134780    00000140     osal.ae674 : Memory_BIOS.oe674 (.text:ti_sdo_ce_osal_Memory_cacheInv)
                  cd1348c0    00000140                : Memory_BIOS.oe674 (.text:ti_sdo_ce_osal_Memory_cacheWb)
                  cd134a00    00000140     ipc.ae674 : Ipc.obj (.text:ti_sdo_ipc_Notify_exec__F)
                  cd134b40    00000140     sysbios.ae674 : BIOS.obj (.text:ti_sysbios_family_c64p_Hwi_Module_startup__F)
                  cd134c80    00000140                   : BIOS.obj (.text:ti_sysbios_gates_GateSwi_enter__E)
                  cd134dc0    00000140                   : BIOS.obj (.text:ti_sysbios_knl_Semaphore_Instance_init__F)
                  cd134f00    00000140                   : BIOS.obj (.text:ti_sysbios_knl_Swi_post__E)
                  cd135040    00000140                   : BIOS.obj (.text:ti_sysbios_knl_Task_Module_startup__F)
                  cd135180    00000140                   : BIOS.obj (.text:ti_sysbios_knl_Task_blockI__E)
                  cd1352c0    00000140                   : BIOS.obj (.text:ti_sysbios_knl_Task_yield__E)
                  cd135400    00000140     ti.targets.rts6000.ae674 : GateProcess.oe674 (.text:xdc_runtime_knl_GateProcess_Instance_init__F)
                  cd135540    00000120     Algorithm_BIOS.ae674 : Algorithm_BIOS.oe674 (.text:Algorithm_addGroup)
                  cd135660    00000120                          : Algorithm_BIOS.oe674 (.text:Algorithm_init)
                  cd135780    00000120                          : Algorithm_BIOS.oe674 (.text:Algorithm_removeGroup)
                  cd1358a0    00000120     ipc_bios.ae674 : Comm_BIOS.oe674 (.text:Comm_create)
                  cd1359c0    00000120     osal.ae674 : Loader_noOS.oe674 (.text:Loader_init)
                  cd135ae0    00000120     ipc.ae674 : Ipc.obj (.text:MessageQ_unregisterHeap)
                  cd135c00    00000120     ce.ae674 : visa.oe674 (.text:VISA_create)
                  cd135d20    00000120     rts6740_elf.lib : fclose.obj (.text:_closefile)
                  cd135e40    00000120                     : _printfi.obj (.text:_ltostr)
                  cd135f60    00000120     ce.ae674 : rms.oe674 (.text:deleteNode)
                  cd136080    00000120     rts6740_elf.lib : fseek.obj (.text:fseek)
                  cd1361a0    00000120     ce.ae674 : rms.oe674 (.text:getMemStat)
                  cd1362c0    00000120     vlib.ae674 : VLIB_xyGradients.oe674 (.text:optimized)
                  cd1363e0    00000120     osal.ae674 : Memory_BIOS.oe674 (.text:ti_sdo_ce_osal_Memory_cacheWbInvAll)
                  cd136500    00000120     ipc.ae674 : Ipc.obj (.text:ti_sdo_ipc_MessageQ_Module_startup__F)
                  cd136620    00000120     dsp_server_pe674.oe674 (.text:ti_sdo_ipc_MessageQ_Object__create__S)
                  cd136740    00000120     dsp_server_pe674.oe674 (.text:ti_sdo_ipc_Notify_Object__create__S)
                  cd136860    00000120     dsp_server_pe674.oe674 (.text:ti_sdo_ipc_gates_GatePeterson_Object__create__S)
                  cd136980    00000120     ipc.ae674 : Ipc.obj (.text:ti_sdo_ipc_nsremote_NameServerRemoteNotify_Instance_finalize__F)
                  cd136aa0    00000120     dsp_server_pe674.oe674 (.text:ti_sdo_ipc_nsremote_NameServerRemoteNotify_Object__create__S)
                  cd136bc0    00000120     dsp_server_pe674.oe674 (.text:ti_sdo_ipc_transports_TransportShm_Object__create__S)
                  cd136ce0    00000120     sysbios.ae674 : BIOS.obj (.text:ti_sysbios_BIOS_rtsUnlock__I)
                  cd136e00    00000120                   : BIOS.obj (.text:ti_sysbios_family_c64p_Exception_Module_startup__F)
                  cd136f20    00000120     dsp_server_pe674.oe674 (.text:ti_sysbios_family_c64p_Hwi_Object__create__S)
                  cd137040    00000120     sysbios.ae674 : BIOS.obj (.text:ti_sysbios_knl_Clock_startI__E)
                  cd137160    00000120     dsp_server_pe674.oe674 (.text:ti_sysbios_knl_Swi_Object__create__S)
                  cd137280    00000120     dsp_server_pe674.oe674 (.text:ti_sysbios_knl_Task_Object__create__S)
                  cd1373a0    00000120     dsp_server_pe674.oe674 (.text:ti_sysbios_xdcruntime_ThreadSupport_Object__create__S)
                  cd1374c0    00000120     ti.targets.rts6000.ae674 : Text.oe674 (.text:xdc_runtime_Text_putLab__F)
                  cd1375e0    00000120     dsp_server_pe674.oe674 (.text:xdc_runtime_knl_SemProcess_Object__create__S)
                  cd137700    00000120     dsp_server_pe674.oe674 (.text:xdc_runtime_knl_SemThread_Object__create__S)
                  cd137820    00000120     dsp_server_pe674.oe674 (.text:xdc_runtime_knl_Thread_Object__create__S)
                  cd137940    00000100     ce.ae674 : Engine.oe674 (.text:Engine_getConstName)
                  cd137a40    00000100     osal.ae674 : Global_BIOS.oe674 (.text:Global_atexit)
                  cd137b40    00000100                : Global_BIOS.oe674 (.text:Global_getenv)
                  cd137c40    00000100     rts6740_elf.lib : trgdrv.obj (.text:HOSTlseek)
                  cd137d40    00000100     node.ae674 : node_init.oe674 (.text:NODE_init)
                  cd137e40    00000100     ipc_bios.ae674 : Processor_noOS.oe674 (.text:Processor_init)
                  cd137f40    00000100     ce.ae674 : rms.oe674 (.text:RMS_exit)
                  cd138040    00000100              : Server.oe674 (.text:Server_initAlgDesc)
                  cd138140    00000100     XdmUtils.ae674 : XdmUtils.oe674 (.text:XdmUtils_init)
                  cd138240    00000100     ce.ae674 : visa.oe674 (.text:_VISA_init)
                  cd138340    00000100     rts6740_elf.lib : _io_perm.obj (.text:_wrt_ok)
                  cd138440    00000100     ce.ae674 : Engine.oe674 (.text:copyToFile)
                  cd138540    00000100     fcsettings.ae674 : gt_dais.oe674 (.text)
                  cd138640    00000100     rts6740_elf.lib : fprintf.obj (.text:fprintf)
                  cd138740    00000100     ce.ae674 : rms.oe674 (.text:getNumAlgs)
                  cd138840    00000100              : rms.oe674 (.text:getTrace)
                  cd138940    00000100     dsp_server_pe674.oe674 (.text:ti_sdo_ipc_GateMP_Object__create__S)
                  cd138a40    00000100     dsp_server_pe674.oe674 (.text:ti_sdo_ipc_ListMP_Object__create__S)
                  cd138b40    00000100     ipc.ae674 : Ipc.obj (.text:ti_sdo_ipc_Notify_Instance_finalize__F)
                  cd138c40    00000100               : Ipc.obj (.text:ti_sdo_ipc_SharedRegion_attach__F)
                  cd138d40    00000100               : Ipc.obj (.text:ti_sdo_ipc_SharedRegion_clearReservedMemory__F)
                  cd138e40    00000100               : Ipc.obj (.text:ti_sdo_ipc_gates_GateMPSupportNull_enter__E)
                  cd138f40    00000100               : Ipc.obj (.text:ti_sdo_ipc_gates_GateMPSupportNull_leave__E)
                  cd139040    00000100     dsp_server_pe674.oe674 (.text:ti_sdo_ipc_heaps_HeapBufMP_Object__create__S)
                  cd139140    00000100     dsp_server_pe674.oe674 (.text:ti_sdo_ipc_heaps_HeapMemMP_Object__create__S)
                  cd139240    00000100     dsp_server_pe674.oe674 (.text:ti_sdo_ipc_notifyDrivers_NotifyDriverShm_Object__create__S)
                  cd139340    00000100     ipc.ae674 : Ipc.obj (.text:ti_sdo_ipc_transports_TransportShmSetup_attach__E)
                  cd139440    00000100     sysbios.ae674 : BIOS.obj (.text:ti_sysbios_gates_GateMutexPri_leave__E)
                  cd139540    00000100                   : BIOS.obj (.text:ti_sysbios_knl_Swi_restoreHwi__E)
                  cd139640    00000100     dsp_server_pe674.oe674 (.text:ti_sysbios_syncs_SyncSem_Object__create__S)
                  cd139740    00000100     sysbios.ae674 : BIOS.obj (.text:ti_sysbios_timers_timer64_Timer_initDevice__I)
                  cd139840    00000100                   : BIOS.obj (.text:ti_sysbios_utils_Load_addTask__E)
                  cd139940    00000100                   : BIOS.obj (.text:ti_sysbios_xdcruntime_ThreadSupport_join__F)
                  cd139a40    00000100     trik_vidtranscode_cv.ae674 : vidtranscode_cv.oe674 (.text:trikCvHandleSetupParams)
                  cd139b40    00000100     ti.targets.rts6000.ae674 : Core-mem.oe674 (.text:xdc_runtime_Core_deleteObject__I)
                  cd139c40    00000100                              : Startup.oe674 (.text:xdc_runtime_Startup_exec__F)
                  cd139d40    00000100                              : Text.oe674 (.text:xdc_runtime_Text_putMod__F)
                  cd139e40    00000100                              : Text.oe674 (.text:xdc_runtime_Text_visitRope2__I)
                  cd139f40    00000100     dsp_server_pe674.oe674 (.text:xdc_runtime_knl_GateProcess_Object__create__S)
                  cd13a040    00000100     dsp_server_pe674.oe674 (.text:xdc_runtime_knl_GateThread_Object__create__S)
                  cd13a140    000000e0     cesettings.ae674 : CESettings.oe674 (.text:CESettings_init)
                  cd13a220    000000e0     rts6740_elf.lib : trgdrv.obj (.text:HOSTopen)
                  cd13a300    000000e0     ipc.ae674 : Ipc.obj (.text:HeapBufMP_create)
                  cd13a3e0    000000e0     ce.ae674 : visa.oe674 (.text:VISA_enter)
                  cd13a4c0    000000e0              : visa.oe674 (.text:VISA_exit)
                  cd13a5a0    000000e0     rts6740_elf.lib : divi.obj (.text:__divi)
                  cd13a680    000000e0                     : atoi.obj (.text:atoi)
                  cd13a760    000000e0                     : lowlev.obj (.text:close)
                  cd13a840    000000e0                     : fflush.obj (.text:fflush)
                  cd13a920    000000e0                     : ltoa.obj (.text:ltoa)
                  cd13aa00    000000e0                     : memset.obj (.text:memset)
                  cd13aae0    000000e0     ce.ae674 : rms.oe674 (.text:restoreHeap)
                  cd13abc0    000000e0              : rms.oe674 (.text:setTraceMask)
                  cd13aca0    000000e0              : rms.oe674 (.text:startNode)
                  cd13ad80    000000e0     ipc.ae674 : Ipc.obj (.text:ti_sdo_ipc_Notify_detach__F)
                  cd13ae60    000000e0               : Ipc.obj (.text:ti_sdo_ipc_SharedRegion_stop__F)
                  cd13af40    000000e0               : Ipc.obj (.text:ti_sdo_ipc_heaps_HeapBufMP_getStats__F)
                  cd13b020    000000e0     sysbios.ae674 : BIOS.obj (.text:ti_sysbios_family_c64p_Hwi_Instance_finalize__F)
                  cd13b100    000000e0                   : BIOS.obj (.text:ti_sysbios_family_c64p_Hwi_Instance_init__F)
                  cd13b1e0    000000e0     ti.targets.rts6000.ae674 : Error.oe674 (.text:xdc_runtime_Error_print__F)
                  cd13b2c0    000000e0                              : Memory.oe674 (.text:xdc_runtime_Memory_alloc__F)
                  cd13b3a0    000000e0                              : Thread.oe674 (.text:xdc_runtime_knl_Thread_Instance_init__F)
                  cd13b480    000000c0     ce.ae674 : Engine.oe674 (.text:Engine_getCodecClassConfig)
                  cd13b540    000000c0              : Engine.oe674 (.text:Engine_getProcId)
                  cd13b600    000000c0     rts6740_elf.lib : trgdrv.obj (.text:HOSTread)
                  cd13b6c0    000000c0                     : trgdrv.obj (.text:HOSTunlink)
                  cd13b780    000000c0                     : trgdrv.obj (.text:HOSTwrite)
                  cd13b840    000000c0     ipc.ae674 : Ipc.obj (.text:HeapMemMP_create)
                  cd13b900    000000c0               : Ipc.obj (.text:Ipc_stop)
                  cd13b9c0    000000c0               : Ipc.obj (.text:ListMP_create)
                  cd13ba80    000000c0     osal.ae674 : Loader_noOS.oe674 (.text:Loader_loadLibrary)
                  cd13bb40    000000c0     rts6740_elf.lib : dtor_list.obj (.text:_Z11__TI_atexitPFYvPvES_S_)
                  cd13bc00    000000c0                     : dtor_list.obj (.text:__cxa_finalize)
                  cd13bcc0    000000c0                     : divu.obj (.text:__divu)
                  cd13bd80    000000c0                     : remi.obj (.text:__remi)
                  cd13be40    000000c0                     : _printfi.obj (.text:_div)
                  cd13bf00    000000c0                     : fflush.obj (.text:_doflush)
                  cd13bfc0    000000c0                     : exit.obj (.text:exit)
                  cd13c080    000000c0     ce.ae674 : rms.oe674 (.text:getVers)
                  cd13c140    000000c0     dsp_server_pe674.oe674 (.text:memalign)
                  cd13c200    000000c0     ipc.ae674 : Ipc.obj (.text:ti_sdo_ipc_GateMP_getRegion0ReservedSize__F)
                  cd13c2c0    000000c0               : Ipc.obj (.text:ti_sdo_ipc_SharedRegion_detach__F)
                  cd13c380    000000c0     sysbios.ae674 : BIOS.obj (.text:ti_sysbios_BIOS_errorRaiseHook__I)
                  cd13c440    000000c0                   : BIOS.obj (.text:ti_sysbios_gates_GateAll_leave__E)
                  cd13c500    000000c0                   : BIOS.obj (.text:ti_sysbios_heaps_HeapMem_getStats__E)
                  cd13c5c0    000000c0                   : BIOS.obj (.text:ti_sysbios_knl_Clock_logTick__E)
                  cd13c680    000000c0                   : BIOS.obj (.text:ti_sysbios_knl_Swi_Instance_finalize__F)
                  cd13c740    000000c0                   : BIOS.obj (.text:ti_sysbios_knl_Task_allBlockedFunction__I)
                  cd13c800    000000c0                   : BIOS.obj (.text:ti_sysbios_timers_timer64_Timer_startup__E)
                  cd13c8c0    000000c0                   : BIOS.obj (.text:ti_sysbios_utils_Load_taskSwitchHook__E)
                  cd13c980    000000c0                   : BIOS.obj (.text:ti_sysbios_xdcruntime_SemThreadSupport_pend__F)
                  cd13ca40    000000c0     ti.targets.rts6000.ae674 : System.oe674 (.text:xdc_runtime_System_formatNum__I)
                  cd13cb00    000000c0                              : Text.oe674 (.text:xdc_runtime_Text_matchVisFxn__I)
                  cd13cbc0    000000a0     ce.ae674 : Engine.oe674 (.text:Engine_getRemoteVisa)
                  cd13cc60    000000a0     rts6740_elf.lib : trgdrv.obj (.text:HOSTclose)
                  cd13cd00    000000a0     dsp_server_pe674.oe674 (.text:IPC_threadGeneratedReset)
                  cd13cda0    000000a0     ipc.ae674 : Ipc.obj (.text:MessageQ_create)
                  cd13ce40    000000a0     ce.ae674 : Server.oe674 (.text:Server_getNodeUuid)
                  cd13cee0    000000a0     rts6740_elf.lib : new_.obj (.text:_Znwj)
                  cd13cf80    000000a0                     : remu.obj (.text:__remu)
                  cd13d020    000000a0     boot.ae674 : boot.oe674 (.text:_c_int00)
                  cd13d0c0    000000a0     rts6740_elf.lib : fopen.obj (.text:_cleanup)
                  cd13d160    000000a0                     : _printfi.obj (.text:_ecpy)
                  cd13d200    000000a0                     : _printfi.obj (.text:_fcpy)
                  cd13d2a0    000000a0                     : _printfi.obj (.text:_pconv_f)
                  cd13d340    000000a0     sysbios.ae674 : c64p_Hwi_asm.obj (.text:_ti_sysbios_family_c64p_Hwi_plug__E)
                  cd13d3e0    000000a0     trik_vidtranscode_cv.ae674 : vidtranscode_cv_fxns.oe674 (.text:algInit:TRIK_VIDTRANSCODE_CV_initObj)
                  cd13d480    000000a0     osal.ae674 : Loader_noOS.oe674 (.text:cleanup)
                  cd13d520    000000a0     rts6740_elf.lib : lowlev.obj (.text:finddevice)
                  cd13d5c0    000000a0     ce.ae674 : Engine.oe674 (.text:getDescListElem)
                  cd13d660    000000a0              : Engine.oe674 (.text:getStubFxns)
                  cd13d700    000000a0     rts6740_elf.lib : lowlev.obj (.text:lseek)
                  cd13d7a0    000000a0     dsp_server_pe674.oe674 (.text:malloc)
                  cd13d840    000000a0     rts6740_elf.lib : memcpy64.obj (.text:memcpy)
                  cd13d8e0    000000a0     osal.ae674 : Memory_BIOS.oe674 (.text:ti_sdo_ce_osal_Memory_getHeapId)
                  cd13d980    000000a0                : Memory_BIOS.oe674 (.text:ti_sdo_ce_osal_Memory_segStat)
                  cd13da20    000000a0     syscbuf.ae674 : SysCBuf.oe674 (.text:ti_sdo_ce_utils_syscbuf_SysCBuf_Module_startup__F)
                  cd13dac0    000000a0                   : SysCBuf.oe674 (.text:ti_sdo_ce_utils_syscbuf_SysCBuf_bind__F)
                  cd13db60    000000a0     dsp_server_pe674.oe674 (.text:ti_sdo_ipc_gates_GateMPSupportNull_Object__create__S)
                  cd13dc00    000000a0     ipc.ae674 : Ipc.obj (.text:ti_sdo_ipc_gates_GatePeterson_leave__E)
                  cd13dca0    000000a0               : Ipc.obj (.text:ti_sdo_ipc_notifyDrivers_NotifyDriverShm_Instance_finalize__F)
                  cd13dd40    000000a0               : Ipc.obj (.text:ti_sdo_ipc_transports_TransportShmSetup_detach__E)
                  cd13dde0    000000a0     sysbios.ae674 : BIOS.obj (.text:ti_sysbios_family_c64p_Hwi_eventMap__E)
                  cd13de80    000000a0                   : BIOS.obj (.text:ti_sysbios_family_c64p_Hwi_getStackInfo__E)
                  cd13df20    000000a0                   : BIOS.obj (.text:ti_sysbios_gates_GateSwi_leave__E)
                  cd13dfc0    000000a0                   : BIOS.obj (.text:ti_sysbios_heaps_HeapMem_init__I)
                  cd13e060    000000a0                   : BIOS.obj (.text:ti_sysbios_knl_Idle_run__E)
                  cd13e100    000000a0     dsp_server_pe674.oe674 (.text:ti_sysbios_knl_Semaphore_Object__create__S)
                  cd13e1a0    000000a0     sysbios.ae674 : BIOS.obj (.text:ti_sysbios_knl_Semaphore_pendTimeout__I)
                  cd13e240    000000a0                   : BIOS.obj (.text:ti_sysbios_knl_Task_processVitalTaskFlag__I)
                  cd13e2e0    000000a0                   : BIOS.obj (.text:ti_sysbios_syncs_SyncSem_wait__F)
                  cd13e380    000000a0                   : BIOS.obj (.text:ti_sysbios_timers_timer64_Timer_stop__E)
                  cd13e420    000000a0     dsp_server_pe674.oe674 (.text:ti_sysbios_xdcruntime_SemProcessSupport_Object__create__S)
                  cd13e4c0    000000a0     sysbios.ae674 : BIOS.obj (.text:ti_sysbios_xdcruntime_SemProcessSupport_pend__F)
                  cd13e560    000000a0     dsp_server_pe674.oe674 (.text:ti_sysbios_xdcruntime_SemThreadSupport_Object__create__S)
                  cd13e600    000000a0     rts6740_elf.lib : lowlev.obj (.text:write)
                  cd13e6a0    000000a0     ti.targets.rts6000.ae674 : Assert.oe674 (.text:xdc_runtime_Assert_raise__I)
                  cd13e740    000000a0                              : Registry.oe674 (.text:xdc_runtime_Registry_addModule__F)
                  cd13e7e0    000000a0                              : Registry.oe674 (.text:xdc_runtime_Registry_findByName__F)
                  cd13e880    000000a0                              : SysMin.oe674 (.text:xdc_runtime_SysMin_abort__F)
                  cd13e920    000000a0                              : SysMin.oe674 (.text:xdc_runtime_SysMin_flush__F)
                  cd13e9c0    000000a0                              : SysMin.oe674 (.text:xdc_runtime_SysMin_putch__F)
                  cd13ea60    00000080     ce.ae674 : Engine.oe674 (.text:Engine_ctrlNode)
                  cd13eae0    00000080     ipc.ae674 : Ipc.obj (.text:HeapBufMP_Params_init)
                  cd13eb60    00000080     node.ae674 : node_crea.oe674 (.text:_NODE_createFxn)
                  cd13ebe0    00000080     rts6740_elf.lib : fixdu.obj (.text:__c6xabi_fixdu)
                  cd13ec60    00000080                     : llshift.obj (.text:__c6xabi_llshl)
                  cd13ece0    00000080     sysbios.ae674 : c62_TaskSupport_asm.obj (.text:_ti_sysbios_family_c62_TaskSupport_swap__E)
                  cd13ed60    00000080     ce.ae674 : Engine.oe674 (.text:callServer)
                  cd13ede0    00000080     dskt2.ae674 : dskt2_seg.oe674 (.text)
                  cd13ee60    00000080     ce.ae674 : rms.oe674 (.text:freeInst)
                  cd13eee0    00000080     rts6740_elf.lib : trgmsg.obj (.text:readmsg)
                  cd13ef60    00000080     ipc.ae674 : Ipc.obj (.text:ti_sdo_ipc_family_da830_NotifySetup_sharedMemReq__E)
                  cd13efe0    00000080               : Ipc.obj (.text:ti_sdo_ipc_nsremote_NameServerRemoteNotify_detach__E)
                  cd13f060    00000080               : Ipc.obj (.text:ti_sdo_ipc_transports_TransportShm_swiFxn__I)
                  cd13f0e0    00000080     dsp_server_pe674.oe674 (.text:ti_sdo_utils_List_Object__create__S)
                  cd13f160    00000080     dsp_server_pe674.oe674 (.text:ti_sysbios_BIOS_exitFunc__I)
                  cd13f1e0    00000080     sysbios.ae674 : BIOS.obj (.text:ti_sysbios_family_c64p_Cache_invL1pAll__E)
                  cd13f260    00000080                   : BIOS.obj (.text:ti_sysbios_family_c64p_Cache_wbInvAll__E)
                  cd13f2e0    00000080     dsp_server_pe674.oe674 (.text:ti_sysbios_gates_GateAll_Object__create__S)
                  cd13f360    00000080     dsp_server_pe674.oe674 (.text:ti_sysbios_gates_GateHwi_Object__create__S)
                  cd13f3e0    00000080     dsp_server_pe674.oe674 (.text:ti_sysbios_gates_GateMutexPri_Object__create__S)
                  cd13f460    00000080     dsp_server_pe674.oe674 (.text:ti_sysbios_gates_GateMutex_Object__create__S)
                  cd13f4e0    00000080     dsp_server_pe674.oe674 (.text:ti_sysbios_gates_GateSwi_Object__create__S)
                  cd13f560    00000080     sysbios.ae674 : BIOS.obj (.text:ti_sysbios_hal_Hwi_checkStack:ti_sysbios_hal_Hwi_checkStack)
                  cd13f5e0    00000080                   : BIOS.obj (.text:ti_sysbios_hal_Hwi_initStack:ti_sysbios_hal_Hwi_initStack)
                  cd13f660    00000080     dsp_server_pe674.oe674 (.text:ti_sysbios_heaps_HeapMem_Object__create__S)
                  cd13f6e0    00000080     sysbios.ae674 : BIOS.obj (.text:ti_sysbios_knl_Clock_Module_startup__F)
                  cd13f760    00000080     dsp_server_pe674.oe674 (.text:ti_sysbios_knl_Clock_doTick__I)
                  cd13f7e0    00000080     sysbios.ae674 : BIOS.obj (.text:ti_sysbios_knl_Clock_getTicks__E)
                  cd13f860    00000080     dsp_server_pe674.oe674 (.text:ti_sysbios_knl_Queue_Object__create__S)
                  cd13f8e0    00000080     sysbios.ae674 : BIOS.obj (.text:ti_sysbios_knl_Swi_startup__E)
                  cd13f960    00000080                   : BIOS.obj (.text:ti_sysbios_knl_Task_restore__E)
                  cd13f9e0    00000080                   : BIOS.obj (.text:ti_sysbios_timers_timer64_Timer_getExpiredCounts__E)
                  cd13fa60    00000080                   : BIOS.obj (.text:ti_sysbios_timers_timer64_Timer_getPeriod__E)
                  cd13fae0    00000080     dsp_server_pe674.oe674 (.text:ti_sysbios_xdcruntime_GateProcessSupport_Object__create__S)
                  cd13fb60    00000080     dsp_server_pe674.oe674 (.text:ti_sysbios_xdcruntime_GateThreadSupport_Object__create__S)
                  cd13fbe0    00000080     sysbios.ae674 : BIOS.obj (.text:ti_sysbios_xdcruntime_SemProcessSupport_Instance_init__F)
                  cd13fc60    00000080                   : BIOS.obj (.text:ti_sysbios_xdcruntime_SemThreadSupport_Instance_init__F)
                  cd13fce0    00000080                   : BIOS.obj (.text:ti_sysbios_xdcruntime_ThreadSupport_Instance_finalize__F)
                  cd13fd60    00000080     trik_vidtranscode_cv.ae674 : vidtranscode_cv.oe674 (.text:trikCvHandleDestroy)
                  cd13fde0    00000080     rts6740_elf.lib : lowlev.obj (.text:unlink)
                  cd13fe60    00000080     ti.targets.rts6000.ae674 : Core-label.oe674 (.text:xdc_runtime_Core_assignLabel__I)
                  cd13fee0    00000080                              : Core-params.oe674 (.text:xdc_runtime_Core_assignParams__I)
                  cd13ff60    00000080                              : Registry.oe674 (.text:xdc_runtime_Registry_findByNamePattern__F)
                  cd13ffe0    00000080                              : Registry.oe674 (.text:xdc_runtime_Registry_matchPattern__I)
                  cd140060    00000080     dsp_server_pe674.oe674 (.text:xdc_runtime_SysMin_output__I)
                  cd1400e0    00000080     ti.targets.rts6000.ae674 : System.oe674 (.text:xdc_runtime_System_atexit__F)
                  cd140160    00000080                              : System.oe674 (.text:xdc_runtime_System_rtsExit__I)
                  cd1401e0    00000080                              : Text.oe674 (.text:xdc_runtime_Text_printVisFxn__I)
                  cd140260    00000080                              : Text.oe674 (.text:xdc_runtime_Text_xprintf__I)
                  cd1402e0    00000080                              : SemProcess.oe674 (.text:xdc_runtime_knl_SemProcess_Instance_init__F)
                  cd140360    00000080                              : SemThread.oe674 (.text:xdc_runtime_knl_SemThread_Instance_init__F)
                  cd1403e0    00000060     ipc_bios.ae674 : Comm_BIOS.oe674 (.text:Comm_delete)
                  cd140440    00000060     ipc.ae674 : Ipc.obj (.text:GateMP_Params_init)
                  cd1404a0    00000060               : Ipc.obj (.text:HeapMemMP_Params_init)
                  cd140500    00000060     dsp_server_pe674.oe674 (.text:IPC_threadGeneratedInit)
                  cd140560    00000060     node.ae674 : node_start.oe674 (.text:NODE_start)
                  cd1405c0    00000060                : node_stat.oe674 (.text:NODE_stat)
                  cd140620    00000060     ce.ae674 : rms.oe674 (.text:RMS_run)
                  cd140680    00000060     rts6740_elf.lib : assert.obj (.text:__c6xabi_abort_msg)
                  cd1406e0    00000060                     : imath64.obj (.text:_subcull)
                  cd140740    00000060     trik_vidtranscode_cv.ae674 : vidtranscode_cv_fxns.oe674 (.text:algFree:TRIK_VIDTRANSCODE_CV_free)
                  cd1407a0    00000060     ce.ae674 : Engine.oe674 (.text:collectDspTrace)
                  cd140800    00000060              : rms.oe674 (.text:formatNum)
                  cd140860    00000060              : Engine.oe674 (.text:freeNode)
                  cd1408c0    00000060              : rms.oe674 (.text:getMemRecs)
                  cd140920    00000060              : Server.oe674 (.text:getServerStatus)
                  cd140980    00000060     rts6740_elf.lib : memccpy.obj (.text:memccpy)
                  cd1409e0    00000060                     : sprintf.obj (.text:sprintf)
                  cd140a40    00000060                     : strpbrk.obj (.text:strpbrk)
                  cd140aa0    00000060     dsp_server_pe674.oe674 (.text:ti_sdo_ipc_GateMP_Object__delete__S)
                  cd140b00    00000060     dsp_server_pe674.oe674 (.text:ti_sdo_ipc_ListMP_Object__delete__S)
                  cd140b60    00000060     dsp_server_pe674.oe674 (.text:ti_sdo_ipc_MessageQ_Object__delete__S)
                  cd140bc0    00000060     dsp_server_pe674.oe674 (.text:ti_sdo_ipc_Notify_Object__delete__S)
                  cd140c20    00000060     dsp_server_pe674.oe674 (.text:ti_sdo_ipc_gates_GateMPSupportNull_Handle__label__S)
                  cd140c80    00000060     dsp_server_pe674.oe674 (.text:ti_sdo_ipc_gates_GateMPSupportNull_Object__delete__S)
                  cd140ce0    00000060     dsp_server_pe674.oe674 (.text:ti_sdo_ipc_gates_GatePeterson_Handle__label__S)
                  cd140d40    00000060     ipc.ae674 : Ipc.obj (.text:ti_sdo_ipc_gates_GatePeterson_Instance_finalize__F)
                  cd140da0    00000060     dsp_server_pe674.oe674 (.text:ti_sdo_ipc_gates_GatePeterson_Object__delete__S)
                  cd140e00    00000060     dsp_server_pe674.oe674 (.text:ti_sdo_ipc_heaps_HeapBufMP_Handle__label__S)
                  cd140e60    00000060     dsp_server_pe674.oe674 (.text:ti_sdo_ipc_heaps_HeapBufMP_Object__delete__S)
                  cd140ec0    00000060     dsp_server_pe674.oe674 (.text:ti_sdo_ipc_heaps_HeapMemMP_Handle__label__S)
                  cd140f20    00000060     dsp_server_pe674.oe674 (.text:ti_sdo_ipc_heaps_HeapMemMP_Object__delete__S)
                  cd140f80    00000060     dsp_server_pe674.oe674 (.text:ti_sdo_ipc_notifyDrivers_NotifyDriverShm_Handle__label__S)
                  cd140fe0    00000060     dsp_server_pe674.oe674 (.text:ti_sdo_ipc_notifyDrivers_NotifyDriverShm_Object__delete__S)
                  cd141040    00000060     ipc.ae674 : Ipc.obj (.text:ti_sdo_ipc_notifyDrivers_NotifyDriverShm_setNotifyHandle__E)
                  cd1410a0    00000060     dsp_server_pe674.oe674 (.text:ti_sdo_ipc_nsremote_NameServerRemoteNotify_Handle__label__S)
                  cd141100    00000060     dsp_server_pe674.oe674 (.text:ti_sdo_ipc_nsremote_NameServerRemoteNotify_Object__delete__S)
                  cd141160    00000060     ipc.ae674 : Ipc.obj (.text:ti_sdo_ipc_transports_TransportShmSetup_sharedMemReq__E)
                  cd1411c0    00000060     dsp_server_pe674.oe674 (.text:ti_sdo_ipc_transports_TransportShm_Handle__label__S)
                  cd141220    00000060     dsp_server_pe674.oe674 (.text:ti_sdo_ipc_transports_TransportShm_Object__delete__S)
                  cd141280    00000060     sysbios.ae674 : BIOS.obj (.text:ti_sysbios_BIOS_registerRTSLock__I)
                  cd1412e0    00000060                   : BIOS.obj (.text:ti_sysbios_BIOS_rtsLock__I)
                  cd141340    00000060                   : BIOS.obj (.text:ti_sysbios_family_c62_TaskSupport_stackUsed__E)
                  cd1413a0    00000060                   : BIOS.obj (.text:ti_sysbios_family_c62_TaskSupport_start__E)
                  cd141400    00000060                   : BIOS.obj (.text:ti_sysbios_family_c64p_Cache_setMar__E)
                  cd141460    00000060                   : BIOS.obj (.text:ti_sysbios_family_c64p_Cache_wait__E)
                  cd1414c0    00000060     dsp_server_pe674.oe674 (.text:ti_sysbios_family_c64p_Hwi_Object__delete__S)
                  cd141520    00000060     dsp_server_pe674.oe674 (.text:ti_sysbios_gates_GateAll_Handle__label__S)
                  cd141580    00000060     dsp_server_pe674.oe674 (.text:ti_sysbios_gates_GateAll_Object__delete__S)
                  cd1415e0    00000060     sysbios.ae674 : BIOS.obj (.text:ti_sysbios_gates_GateAll_enter__E)
                  cd141640    00000060     dsp_server_pe674.oe674 (.text:ti_sysbios_gates_GateHwi_Handle__label__S)
                  cd1416a0    00000060     dsp_server_pe674.oe674 (.text:ti_sysbios_gates_GateHwi_Object__delete__S)
                  cd141700    00000060     dsp_server_pe674.oe674 (.text:ti_sysbios_gates_GateMutexPri_Handle__label__S)
                  cd141760    00000060     dsp_server_pe674.oe674 (.text:ti_sysbios_gates_GateMutexPri_Object__delete__S)
                  cd1417c0    00000060     dsp_server_pe674.oe674 (.text:ti_sysbios_gates_GateMutex_Handle__label__S)
                  cd141820    00000060     sysbios.ae674 : BIOS.obj (.text:ti_sysbios_gates_GateMutex_Instance_init__F)
                  cd141880    00000060     dsp_server_pe674.oe674 (.text:ti_sysbios_gates_GateMutex_Object__delete__S)
                  cd1418e0    00000060     dsp_server_pe674.oe674 (.text:ti_sysbios_gates_GateSwi_Handle__label__S)
                  cd141940    00000060     dsp_server_pe674.oe674 (.text:ti_sysbios_gates_GateSwi_Object__delete__S)
                  cd1419a0    00000060     dsp_server_pe674.oe674 (.text:ti_sysbios_heaps_HeapMem_Handle__label__S)
                  cd141a00    00000060     dsp_server_pe674.oe674 (.text:ti_sysbios_heaps_HeapMem_Object__delete__S)
                  cd141a60    00000060     dsp_server_pe674.oe674 (.text:ti_sysbios_knl_Semaphore_Object__delete__S)
                  cd141ac0    00000060     sysbios.ae674 : BIOS.obj (.text:ti_sysbios_knl_Swi_Module_startup__F)
                  cd141b20    00000060     dsp_server_pe674.oe674 (.text:ti_sysbios_knl_Task_Object__delete__S)
                  cd141b80    00000060     sysbios.ae674 : BIOS.obj (.text:ti_sysbios_knl_Task_enter__I)
                  cd141be0    00000060     dsp_server_pe674.oe674 (.text:ti_sysbios_syncs_SyncSem_Handle__label__S)
                  cd141c40    00000060     dsp_server_pe674.oe674 (.text:ti_sysbios_syncs_SyncSem_Object__delete__S)
                  cd141ca0    00000060     dsp_server_pe674.oe674 (.text:ti_sysbios_xdcruntime_GateProcessSupport_Object__delete__S)
                  cd141d00    00000060     dsp_server_pe674.oe674 (.text:ti_sysbios_xdcruntime_GateThreadSupport_Object__delete__S)
                  cd141d60    00000060     dsp_server_pe674.oe674 (.text:ti_sysbios_xdcruntime_SemProcessSupport_Object__delete__S)
                  cd141dc0    00000060     dsp_server_pe674.oe674 (.text:ti_sysbios_xdcruntime_SemThreadSupport_Object__delete__S)
                  cd141e20    00000060     dsp_server_pe674.oe674 (.text:ti_sysbios_xdcruntime_ThreadSupport_Object__delete__S)
                  cd141e80    00000060     sysbios.ae674 : BIOS.obj (.text:ti_sysbios_xdcruntime_ThreadSupport_stat__F)
                  cd141ee0    00000060     ti.syslink.ipc.rtos.ae674 : Syslink.oe674 (.text:ti_syslink_ipc_rtos_Syslink_attach)
                  cd141f40    00000060     rts6740_elf.lib : trgmsg.obj (.text:writemsg)
                  cd141fa0    00000060     dsp_server_pe674.oe674 (.text:xdc_runtime_GateNull_Handle__label__S)
                  cd142000    00000060     dsp_server_pe674.oe674 (.text:xdc_runtime_GateNull_Object__create__S)
                  cd142060    00000060     dsp_server_pe674.oe674 (.text:xdc_runtime_GateNull_Object__delete__S)
                  cd1420c0    00000060     ti.targets.rts6000.ae674 : Memory.oe674 (.text:xdc_runtime_Memory_calloc__F)
                  cd142120    00000060                              : Memory.oe674 (.text:xdc_runtime_Memory_valloc__F)
                  cd142180    00000060                              : SysMin.oe674 (.text:xdc_runtime_SysMin_Module_startup__F)
                  cd1421e0    00000060                              : SysMin.oe674 (.text:xdc_runtime_SysMin_exit__F)
                  cd142240    00000060                              : System.oe674 (.text:xdc_runtime_System_aprintf_va__F)
                  cd1422a0    00000060                              : System.oe674 (.text:xdc_runtime_System_printf_va__F)
                  cd142300    00000060                              : Text.oe674 (.text:xdc_runtime_Text_cordText__F)
                  cd142360    00000060     dsp_server_pe674.oe674 (.text:xdc_runtime_knl_GateProcess_Handle__label__S)
                  cd1423c0    00000060     dsp_server_pe674.oe674 (.text:xdc_runtime_knl_GateProcess_Object__delete__S)
                  cd142420    00000060     dsp_server_pe674.oe674 (.text:xdc_runtime_knl_GateThread_Handle__label__S)
                  cd142480    00000060     dsp_server_pe674.oe674 (.text:xdc_runtime_knl_GateThread_Object__delete__S)
                  cd1424e0    00000060     dsp_server_pe674.oe674 (.text:xdc_runtime_knl_SemProcess_Handle__label__S)
                  cd142540    00000060     dsp_server_pe674.oe674 (.text:xdc_runtime_knl_SemProcess_Object__delete__S)
                  cd1425a0    00000060     dsp_server_pe674.oe674 (.text:xdc_runtime_knl_SemThread_Handle__label__S)
                  cd142600    00000060     dsp_server_pe674.oe674 (.text:xdc_runtime_knl_SemThread_Object__delete__S)
                  cd142660    00000060     dsp_server_pe674.oe674 (.text:xdc_runtime_knl_Thread_Object__delete__S)
                  cd1426c0    00000040     Algorithm_BIOS.ae674 : Algorithm_BIOS.oe674 (.text:Algorithm_exit)
                  cd142700    00000040     ipc_bios.ae674 : Comm_BIOS.oe674 (.text:Comm_alloc)
                  cd142740    00000040                    : Comm_BIOS.oe674 (.text:Comm_get)
                  cd142780    00000040     dsp_server_pe674.oe674 (.text:DSKT2_cfgInit)
                  cd1427c0    00000040     ce.ae674 : Engine.oe674 (.text:Engine_getLocalEngine)
                  cd142800    00000040              : Engine.oe674 (.text:Engine_getMemId)
                  cd142840    00000040              : Engine.oe674 (.text:Engine_getNodeQueues)
                  cd142880    00000040              : Engine.oe674 (.text:Engine_initAlgDesc)
                  cd1428c0    00000040     osal.ae674 : Queue.oe674 (.text:Queue_extract)
                  cd142900    00000040                : Queue.oe674 (.text:Queue_get)
                  cd142940    00000040                : Queue.oe674 (.text:Queue_put)
                  cd142980    00000040     dsp_server_pe674.oe674 (.text:RMAN_autoRegister)
                  cd1429c0    00000040     osal.ae674 : Trace_SysCBuf.oe674 (.text:Trace_fillBuf)
                  cd142a00    00000040                : Trace_SysCBuf.oe674 (.text:Trace_init)
                  cd142a40    00000040     ce.ae674 : visa.oe674 (.text:VISA_getAlgHandle)
                  cd142a80    00000040     trik_vidtranscode_cv.ae674 : vidtranscode_cv.oe674 (.text:_Z37handleSetupImageDescCreateCVAlgorithmPK12TrikCvHandleR20TrikCvPersistentDataRK15TrikCvImageDescS6_)
                  cd142ac0    00000040     rts6740_elf.lib : frcmpyd_div.obj (.text:__c6xabi_frcmpyd_div)
                  cd142b00    00000040                     : isinf.obj (.text:__c6xabi_isinf)
                  cd142b40    00000040                     : _printfi.obj (.text:__c6xabi_isnan)
                  cd142b80    00000040                     : llshift.obj (.text:__c6xabi_llshru)
                  cd142bc0    00000040                     : strasg.obj (.text:__strasgi_64plus)
                  cd142c00    00000040                     : args_main.obj (.text:_args_main)
                  cd142c40    00000040                     : sprintf.obj (.text:_outs)
                  cd142c80    00000040     sysbios.ae674 : c62_TaskSupport_asm.obj (.text:_ti_sysbios_family_c62_TaskSupport_buildTaskStack)
                  cd142cc0    00000040                   : c64p_Hwi_asm_switch.obj (.text:_ti_sysbios_family_xxx_Hwi_switchToIsrStack)
                  cd142d00    00000040     trik_vidtranscode_cv.ae674 : vidtranscode_cv_fxns.oe674 (.text:algAlloc:TRIK_VIDTRANSCODE_CV_alloc)
                  cd142d40    00000040     dsp_server_pe674.oe674 (.text:free)
                  cd142d80    00000040     ce.ae674 : rms.oe674 (.text:getCpuStat)
                  cd142dc0    00000040              : rms.oe674 (.text:getNumRecs)
                  cd142e00    00000040     main.oe674 (.text)
                  cd142e40    00000040     ce.ae674 : Engine.oe674 (.text:name2Uuid)
                  cd142e80    00000040     ipc_bios.ae674 : Processor_noOS.oe674 (.text:perCoreHeapId)
                  cd142ec0    00000040                    : Processor_noOS.oe674 (.text:perCoreMsgSize)
                  cd142f00    00000040                    : Processor_noOS.oe674 (.text:perCoreNumMsgs)
                  cd142f40    00000040                    : Processor_noOS.oe674 (.text:perCoreSharedRegionId)
                  cd142f80    00000040                    : Processor_noOS.oe674 (.text:perCoreUserCreatedHeapFlag)
                  cd142fc0    00000040     node.ae674 : node_crea.oe674 (.text:runStub)
                  cd143000    00000040     dsp_server_pe674.oe674 (.text:ti_sdo_ce_osal_Memory_cfgInit)
                  cd143040    00000040     ipc.ae674 : Ipc.obj (.text:ti_sdo_ipc_family_da830_InterruptDsp_intClear__E)
                  cd143080    00000040               : Ipc.obj (.text:ti_sdo_ipc_family_da830_InterruptDsp_intSend__E)
                  cd1430c0    00000040               : Ipc.obj (.text:ti_sdo_ipc_gates_GatePeterson_sharedMemReq__E)
                  cd143100    00000040               : Ipc.obj (.text:ti_sdo_ipc_nsremote_NameServerRemoteNotify_sharedMemReq__E)
                  cd143140    00000040     dsp_server_pe674.oe674 (.text:ti_sdo_utils_NameServer_Module__startupDone__F)
                  cd143180    00000040     dsp_server_pe674.oe674 (.text:ti_sdo_utils_NameServer_Object__get__S)
                  cd1431c0    00000040     dsp_server_pe674.oe674 (.text:ti_sysbios_BIOS_startFunc__I)
                  cd143200    00000040     dsp_server_pe674.oe674 (.text:ti_sysbios_family_c64p_Hwi_Module__startupDone__F)
                  cd143240    00000040     sysbios.ae674 : BIOS.obj (.text:ti_sysbios_family_c64p_Hwi_disableInterrupt__E)
                  cd143280    00000040                   : BIOS.obj (.text:ti_sysbios_family_c64p_Hwi_enableInterrupt__E)
                  cd1432c0    00000040                   : BIOS.obj (.text:ti_sysbios_family_c64p_primus_TimerSupport_enable__E)
                  cd143300    00000040                   : BIOS.obj (.text:ti_sysbios_gates_GateMutexPri_Instance_init__F)
                  cd143340    00000040     dsp_server_pe674.oe674 (.text:ti_sysbios_gates_GateMutexPri_Object__destruct__S)
                  cd143380    00000040     sysbios.ae674 : BIOS.obj (.text:ti_sysbios_gates_GateMutex_leave__E)
                  cd1433c0    00000040     dsp_server_pe674.oe674 (.text:ti_sysbios_hal_Timer_Module__startupDone__F)
                  cd143400    00000040     dsp_server_pe674.oe674 (.text:ti_sysbios_heaps_HeapMem_Object__get__S)
                  cd143440    00000040     dsp_server_pe674.oe674 (.text:ti_sysbios_knl_Semaphore_Object__destruct__S)
                  cd143480    00000040     dsp_server_pe674.oe674 (.text:ti_sysbios_knl_Swi_Object__destruct__S)
                  cd1434c0    00000040     dsp_server_pe674.oe674 (.text:ti_sysbios_knl_Swi_Object__get__S)
                  cd143500    00000040     dsp_server_pe674.oe674 (.text:ti_sysbios_knl_Task_Object__get__S)
                  cd143540    00000040     dsp_server_pe674.oe674 (.text:ti_sysbios_timers_timer64_Timer_Module__startupDone__F)
                  cd143580    00000040     sysbios.ae674 : BIOS.obj (.text:ti_sysbios_xdcruntime_GateProcessSupport_Instance_init__F)
                  cd1435c0    00000040                   : BIOS.obj (.text:ti_sysbios_xdcruntime_GateThreadSupport_Instance_init__F)
                  cd143600    00000040                   : BIOS.obj (.text:ti_sysbios_xdcruntime_SemProcessSupport_post__F)
                  cd143640    00000040                   : BIOS.obj (.text:ti_sysbios_xdcruntime_SemThreadSupport_post__F)
                  cd143680    00000040     ti.syslink.ipc.rtos.ae674 : Syslink.oe674 (.text:ti_syslink_ipc_rtos_Syslink_detach)
                  cd1436c0    00000040     trik_vidtranscode_cv.ae674 : vidtranscode_cv.oe674 (.text:trikCvHandleInit)
                  cd143700    00000040     ti.targets.rts6000.ae674 : Error.oe674 (.text:xdc_runtime_Error_check__F)
                  cd143740    00000040                              : Error.oe674 (.text:xdc_runtime_Error_init__F)
                  cd143780    00000040                              : Memory.oe674 (.text:xdc_runtime_Memory_free__F)
                  cd1437c0    00000040                              : Memory.oe674 (.text:xdc_runtime_Memory_getStats__F)
                  cd143800    00000040                              : Registry.oe674 (.text:xdc_runtime_Registry_findById__F)
                  cd143840    00000040                              : System.oe674 (.text:xdc_runtime_System_abort__F)
                  cd143880    00000040     dsp_server_pe674.oe674 (.text:xdc_runtime_System_aprintf__E)
                  cd1438c0    00000040     dsp_server_pe674.oe674 (.text:xdc_runtime_System_printf__E)
                  cd143900    00000040     ti.targets.rts6000.ae674 : Text.oe674 (.text:xdc_runtime_Text_matchRope__F)
                  cd143940    00000040                              : Text.oe674 (.text:xdc_runtime_Text_ropeText__F)
                  cd143980    00000040                              : GateProcess.oe674 (.text:xdc_runtime_knl_GateProcess_Instance_finalize__F)
                  cd1439c0    00000040                              : GateThread.oe674 (.text:xdc_runtime_knl_GateThread_Instance_finalize__F)
                  cd143a00    00000040                              : GateThread.oe674 (.text:xdc_runtime_knl_GateThread_Instance_init__F)
                  cd143a40    00000040                              : SemProcess.oe674 (.text:xdc_runtime_knl_SemProcess_Instance_finalize__F)
                  cd143a80    00000040                              : SemThread.oe674 (.text:xdc_runtime_knl_SemThread_Instance_finalize__F)
                  cd143ac0    00000040                              : Thread.oe674 (.text:xdc_runtime_knl_Thread_Instance_finalize__F)
                  cd143b00    00000040                              : Thread.oe674 (.text:xdc_runtime_knl_Thread_self__E)
                  cd143b40    00000020     Algorithm_BIOS.ae674 : Algorithm_BIOS.oe674 (.text:Algorithm_getAlgHandle)
                  cd143b60    00000020                          : Algorithm_BIOS.oe674 (.text:Algorithm_getMemRecs)
                  cd143b80    00000020                          : Algorithm_BIOS.oe674 (.text:Algorithm_getNumRecs)
                  cd143ba0    00000020     ipc_bios.ae674 : Comm_BIOS.oe674 (.text:Comm_free)
                  cd143bc0    00000020                    : Comm_BIOS.oe674 (.text:Comm_getId)
                  cd143be0    00000020                    : Comm_BIOS.oe674 (.text:Comm_getMsgSize)
                  cd143c00    00000020                    : Comm_BIOS.oe674 (.text:Comm_getSendersId)
                  cd143c20    00000020                    : Comm_BIOS.oe674 (.text:Comm_init)
                  cd143c40    00000020                    : Comm_BIOS.oe674 (.text:Comm_locate)
[...]
cd197aec   ti_sysbios_utils_Load_Module__diagsEnabled__C
cd197af0   ti_sysbios_utils_Load_Module__diagsIncluded__C
cd197af4   ti_sysbios_utils_Load_Module__diagsMask__C
cd197af8   ti_sysbios_utils_Load_Module__loggerFxn1__C
cd197afc   ti_sysbios_utils_Load_Module__loggerFxn2__C
cd197b00   ti_sysbios_utils_Load_Module__loggerFxn4__C
cd197b04   ti_sysbios_utils_Load_Module__loggerObj__C
cd197b08   ti_sysbios_utils_Load_postUpdate__C
cd197b0c   ti_sysbios_utils_Load_windowInMs__C
cd197b10   ti_sysbios_xdcruntime_GateProcessSupport_Instance_State_gate__O
cd197b14   ti_sysbios_xdcruntime_GateThreadSupport_Instance_State_gate__O
cd197b18   ti_sysbios_xdcruntime_SemProcessSupport_Instance_State_sem__O
cd197b1c   ti_sysbios_xdcruntime_SemThreadSupport_Instance_State_sem__O
cd197b20   ti_sysbios_xdcruntime_ThreadSupport_E_priority__C
cd197b24   ti_sysbios_xdcruntime_ThreadSupport_Instance_State_join_sem__O
cd197b28   ti_sysbios_xdcruntime_ThreadSupport_L_finish__C
cd197b2c   ti_sysbios_xdcruntime_ThreadSupport_L_join__C
cd197b30   ti_sysbios_xdcruntime_ThreadSupport_L_start__C
cd197b34   ti_sysbios_xdcruntime_ThreadSupport_Module__diagsEnabled__C
cd197b38   ti_sysbios_xdcruntime_ThreadSupport_Module__diagsIncluded__C
cd197b3c   ti_sysbios_xdcruntime_ThreadSupport_Module__diagsMask__C
cd197b40   ti_sysbios_xdcruntime_ThreadSupport_Module__loggerFxn1__C
cd197b44   ti_sysbios_xdcruntime_ThreadSupport_Module__loggerObj__C
cd197b48   ti_sysbios_xdcruntime_ThreadSupport_aboveNormalPriority__C
cd197b4c   ti_sysbios_xdcruntime_ThreadSupport_belowNormalPriority__C
cd197b50   ti_sysbios_xdcruntime_ThreadSupport_highestPriority__C
cd197b54   ti_sysbios_xdcruntime_ThreadSupport_lowestPriority__C
cd197b58   ti_sysbios_xdcruntime_ThreadSupport_normalPriority__C
cd197b5c   xdc_runtime_Assert_E_assertFailed__C
cd197b60   xdc_runtime_Core_A_initializedParams__C
cd197b64   xdc_runtime_Core_Module__diagsEnabled__C
cd197b68   xdc_runtime_Core_Module__diagsIncluded__C
cd197b6c   xdc_runtime_Core_Module__diagsMask__C
cd197b70   xdc_runtime_Diags_dictBase__C
cd197b74   xdc_runtime_Error_E_generic__C
cd197b78   xdc_runtime_Error_E_memory__C
cd197b7c   xdc_runtime_Error_Module__diagsEnabled__C
cd197b80   xdc_runtime_Error_Module__diagsIncluded__C
cd197b84   xdc_runtime_Error_Module__diagsMask__C
cd197b88   xdc_runtime_Error_Module__loggerFxn8__C
cd197b8c   xdc_runtime_Error_Module__loggerObj__C
cd197b90   xdc_runtime_Error_policy__C
cd197b94   xdc_runtime_Error_raiseHook__C
cd197b98   xdc_runtime_IGateProvider_Interface__BASE__C
cd197b9c   xdc_runtime_IHeap_Interface__BASE__C
cd197ba0   xdc_runtime_IModule_Interface__BASE__C
cd197ba4   xdc_runtime_Log_L_error__C
cd197ba8   xdc_runtime_Log_L_info__C
cd197bac   xdc_runtime_Main_Module__diagsEnabled__C
cd197bb0   xdc_runtime_Main_Module__diagsIncluded__C
cd197bb4   xdc_runtime_Main_Module__diagsMask__C
cd197bb8   xdc_runtime_Main_Module__loggerFxn4__C
cd197bbc   xdc_runtime_Main_Module__loggerFxn8__C
cd197bc0   xdc_runtime_Main_Module__loggerObj__C
cd197bc4   xdc_runtime_Memory_defaultHeapInstance__C
cd197bc8   xdc_runtime_Registry_Module__diagsEnabled__C
cd197bcc   xdc_runtime_Registry_Module__diagsIncluded__C
cd197bd0   xdc_runtime_Registry_Module__diagsMask__C
cd197bd4   xdc_runtime_Registry_Module__loggerFxn1__C
cd197bd8   xdc_runtime_Registry_Module__loggerFxn2__C
cd197bdc   xdc_runtime_Registry_Module__loggerFxn4__C
cd197be0   xdc_runtime_Registry_Module__loggerFxn8__C
cd197be4   xdc_runtime_Registry_Module__loggerObj__C
cd197be8   xdc_runtime_Startup_execImpl__C
cd197bec   xdc_runtime_Startup_maxPasses__C
cd197bf0   xdc_runtime_Startup_lastFxns__A
cd197bf4   xdc_runtime_Startup_sfxnRts__C
cd197bf8   xdc_runtime_Startup_sfxnTab__C
cd197bfc   xdc_runtime_SysMin_bufSize__C
cd197c00   xdc_runtime_SysMin_outputFunc__C
cd197c04   xdc_runtime_System_Module__gateObj__C
cd197c08   xdc_runtime_System_extendFxn__C
cd197c0c   xdc_runtime_System_maxAtexitHandlers__C
cd197c10   xdc_runtime_Text_charTab__C
cd197c14   xdc_runtime_Text_nameEmpty__C
cd197c18   xdc_runtime_Text_nameStatic__C
cd197c1c   xdc_runtime_Text_nameUnknown__C
cd197c20   xdc_runtime_Text_nodeTab__C
cd197c24   xdc_runtime_Text_visitRopeFxn__C
cd197c28   xdc_runtime_knl_GateProcess_A_invalidKey__C
cd197c2c   xdc_runtime_knl_GateProcess_Module__diagsEnabled__C
cd197c30   xdc_runtime_knl_GateProcess_Module__diagsIncluded__C
cd197c34   xdc_runtime_knl_GateProcess_Module__diagsMask__C
cd197c38   xdc_runtime_knl_ISemaphore_Interface__BASE__C
cd197c3c   xdc_runtime_knl_ISync_Interface__BASE__C
cd197c40   xdc_runtime_knl_Thread_defaultStackSize__C
cd197c44   ti_sdo_ipc_GateMP_Module__id__C
cd197c48   ti_sdo_ipc_GateMP_Module__loggerDefined__C
cd197c4c   ti_sdo_ipc_Ipc_Module__id__C
cd197c50   ti_sdo_ipc_Ipc_generateSlaveDataForHost__C
cd197c54   ti_sdo_ipc_Ipc_sr0MemorySetup__C
cd197c58   ti_sdo_ipc_ListMP_Module__id__C
cd197c5c   ti_sdo_ipc_MessageQ_Module__id__C
cd197c60   ti_sdo_ipc_MessageQ_Module__loggerDefined__C
cd197c64   ti_sdo_ipc_Notify_Module__id__C
cd197c68   ti_sdo_ipc_Notify_numLines__C
cd197c6c   ti_sdo_ipc_Notify_reservedEvents__C
cd197c70   ti_sdo_ipc_SharedRegion_Module__id__C
cd197c74   ti_sdo_ipc_SharedRegion_numEntries__C
cd197c78   ti_sdo_ipc_SharedRegion_translate__C
cd197c7c   ti_sdo_ipc_family_da830_InterruptDsp_Module__id__C
cd197c80   ti_sdo_ipc_family_da830_NotifySetup_useSecondLine__C
cd197c84   ti_sdo_ipc_gates_GateMPSupportNull_Module__id__C
cd197c88   ti_sdo_ipc_gates_GatePeterson_Module__id__C
cd197c8c   ti_sdo_ipc_heaps_HeapBufMP_Module__id__C
cd197c90   ti_sdo_ipc_heaps_HeapBufMP_trackAllocs__C
cd197c94   ti_sdo_ipc_heaps_HeapMemMP_Module__id__C
cd197c98   ti_sdo_ipc_notifyDrivers_NotifyDriverShm_Module__id__C
cd197c9c   ti_sdo_ipc_nsremote_NameServerRemoteNotify_Module__id__C
cd197ca0   ti_sdo_ipc_transports_TransportShm_Module__id__C
cd197ca4   ti_sdo_ipc_transports_TransportShm_notifyEventId__C
cd197ca8   ti_sdo_utils_MultiProc_Module__id__C
cd197cac   ti_sdo_utils_MultiProc_numProcessors__C
cd197cb0   ti_sdo_utils_MultiProc_numProcsInCluster__C
cd197cb4   ti_sdo_utils_NameServer_Module__id__C
cd197cb8   ti_sdo_utils_NameServer_singleProcessor__C
cd197cbc   ti_sysbios_BIOS_Module__id__C
cd197cc0   ti_sysbios_family_c64p_Exception_Module__id__C
cd197cc4   ti_sysbios_family_c64p_Exception_enableExternalMPC__C
cd197cc8   ti_sysbios_family_c64p_Exception_enablePrint__C
cd197ccc   ti_sysbios_family_c64p_Exception_useInternalBuffer__C
cd197cd0   ti_sysbios_family_c64p_Hwi_Module__id__C
cd197cd4   ti_sysbios_family_c64p_Hwi_Module__loggerDefined__C
cd197cd8   ti_sysbios_gates_GateMutexPri_Module__id__C
cd197cdc   ti_sysbios_gates_GateMutex_Module__id__C
cd197ce0   ti_sysbios_gates_GateSwi_Module__id__C
cd197ce4   ti_sysbios_hal_Hwi_Module__id__C
cd197ce8   ti_sysbios_heaps_HeapMem_Module__id__C
cd197cec   ti_sysbios_knl_Clock_Module__id__C
cd197cf0   ti_sysbios_knl_Clock_Module__loggerDefined__C
cd197cf4   ti_sysbios_knl_Semaphore_Module__id__C
cd197cf8   ti_sysbios_knl_Semaphore_Module__loggerDefined__C
cd197cfc   ti_sysbios_knl_Swi_Module__id__C
cd197d00   ti_sysbios_knl_Swi_Module__loggerDefined__C
cd197d04   ti_sysbios_knl_Task_Module__id__C
cd197d08   ti_sysbios_knl_Task_Module__loggerDefined__C
cd197d0c   ti_sysbios_knl_Task_deleteTerminatedTasks__C
cd197d10   ti_sysbios_knl_Task_initStackFlag__C
cd197d14   ti_sysbios_syncs_SyncSem_Module__id__C
cd197d18   ti_sysbios_timers_timer64_Timer_Module__id__C
cd197d1c   ti_sysbios_timers_timer64_Timer_startupNeeded__C
cd197d20   ti_sysbios_utils_Load_Module__id__C
cd197d24   ti_sysbios_utils_Load_Module__loggerDefined__C
cd197d28   ti_sysbios_utils_Load_autoAddTasks__C
cd197d2c   ti_sysbios_utils_Load_hwiEnabled__C
cd197d30   ti_sysbios_utils_Load_swiEnabled__C
cd197d34   ti_sysbios_utils_Load_taskEnabled__C
cd197d38   ti_sysbios_utils_Load_updateInIdle__C
cd197d3c   ti_sysbios_xdcruntime_ThreadSupport_Module__id__C
cd197d40   ti_sysbios_xdcruntime_ThreadSupport_Module__loggerDefined__C
cd197d44   xdc_runtime_Core_Module__id__C
cd197d48   xdc_runtime_Diags_setMaskEnabled__C
cd197d4c   xdc_runtime_Error_Module__loggerDefined__C
cd197d50   xdc_runtime_Error_maxDepth__C
cd197d54   xdc_runtime_Main_Module__id__C
cd197d58   xdc_runtime_Main_Module__loggerDefined__C
cd197d5c   xdc_runtime_Memory_Module__id__C
cd197d60   xdc_runtime_Registry_Module__loggerDefined__C
cd197d64   xdc_runtime_SysMin_flushAtExit__C
cd197d68   xdc_runtime_Text_charCnt__C
cd197d6c   xdc_runtime_Text_isLoaded__C
cd197d70   xdc_runtime_Text_registryModsLastId__C
cd197d74   xdc_runtime_Text_unnamedModsLastId__C
cd197d78   xdc_runtime_knl_GateProcess_Module__id__C
cd197d80   ti_sdo_ipc_GateMP_Module_State_0_remoteSystemGates__A
cd198580   Engine_config
cd198594   RMS_config
cd1985a0   DSKT2_cacheWBInvFxn
cd1985a4   _DSKT2_ALLOW_EXTERNAL_SCRATCH
cd1985a8   ti_sdo_fc_dskt2_DSKT2_disableLazyDeactivate
cd1985aa   RMAN_numRegistryEntries
cd1985ac   RMAN_registryEntries
cd1985b0   RMAN_registryResmanArgs
cd1985b4   ti_sdo_fc_rman_RMAN_MAXALGS
cd1985b8   RMAN_PARAMS
cd1985cc   NODE_config
cd1985d8   ti_sdo_ce_utils_syscbuf_SysCBuf_Module__state__V
cd1985e8   ti_sdo_ipc_GateMP_Module__root__V
cd1985f0   ti_sdo_ipc_GateMP_Module__state__V
cd198638   ti_sdo_ipc_Ipc_Module__state__V
cd198644   ti_sdo_ipc_ListMP_Module__root__V
cd19864c   ti_sdo_ipc_ListMP_Module__state__V
cd198650   ti_sdo_ipc_MessageQ_Module__root__V
cd198658   ti_sdo_ipc_MessageQ_Module__state__V
cd198674   ti_sdo_ipc_Notify_Module__root__V
cd19867c   ti_sdo_ipc_Notify_Module__state__V
cd198684   ti_sdo_ipc_SharedRegion_Module__state__V
cd198688   ti_sdo_ipc_gates_GateMPSupportNull_Module__root__V
cd198690   ti_sdo_ipc_gates_GatePeterson_Module__root__V
cd198698   ti_sdo_ipc_heaps_HeapBufMP_Module__root__V
cd1986a0   ti_sdo_ipc_heaps_HeapBufMP_Module__state__V
cd1986a4   ti_sdo_ipc_heaps_HeapMemMP_Module__root__V
cd1986ac   ti_sdo_ipc_heaps_HeapMemMP_Module__state__V
cd1986b0   ti_sdo_ipc_notifyDrivers_NotifyDriverShm_Module__root__V
cd1986b8   ti_sdo_ipc_nsremote_NameServerRemoteNotify_Module__root__V
cd1986c0   ti_sdo_ipc_transports_TransportShm_Module__root__V
cd1986c8   ti_sdo_ipc_transports_TransportShmSetup_Module__state__V
cd1986cc   ti_sdo_utils_List_Module__root__V
cd1986d4   ti_sdo_utils_MultiProc_Module__state__V
cd1986d8   ti_sdo_utils_NameServer_Module__root__V
cd1986e0   ti_sdo_utils_NameServer_Module__state__V
cd1986e8   ti_sdo_utils_NameServerRemoteNull_Module__root__V
cd1986f0   ti_sysbios_BIOS_Module__state__V
cd198710   ti_sysbios_family_c64p_Cache_Module__state__V
cd198714   ti_sysbios_family_c64p_Exception_Module__state__V
cd198744   ti_sysbios_family_c64p_Hwi_Module__root__V
cd19874c   ti_sysbios_family_c64p_Hwi_Module__state__V
cd1987b4   ti_sysbios_family_c64p_primus_TimerSupport_Module__state__V
cd1987b8   ti_sysbios_gates_GateAll_Module__root__V
cd1987c0   ti_sysbios_gates_GateHwi_Module__root__V
cd1987c8   ti_sysbios_gates_GateMutex_Module__root__V
cd1987d0   ti_sysbios_gates_GateMutexPri_Module__root__V
cd1987d8   ti_sysbios_gates_GateSwi_Module__root__V
cd1987e0   ti_sysbios_hal_Hwi_Module__root__V
cd1987e8   ti_sysbios_hal_Timer_Module__root__V
cd1987f0   ti_sysbios_heaps_HeapMem_Module__root__V
cd1987f8   ti_sysbios_knl_Clock_Module__root__V
cd198800   ti_sysbios_knl_Clock_Module__state__V
cd198828   ti_sysbios_knl_Queue_Module__root__V
cd198830   ti_sysbios_knl_Semaphore_Module__root__V
cd198838   ti_sysbios_knl_Swi_Module__root__V
cd198840   ti_sysbios_knl_Swi_Module__state__V
cd19885c   ti_sysbios_knl_Task_Module__root__V
cd198864   ti_sysbios_knl_Task_Module__state__V
cd1988a8   ti_sysbios_syncs_SyncSem_Module__root__V
cd1988b0   ti_sysbios_timers_timer64_Timer_Module__root__V
cd1988b8   ti_sysbios_timers_timer64_Timer_Module__state__V
cd1988cc   ti_sysbios_utils_Load_Module__state__V
cd198948   ti_sysbios_xdcruntime_GateProcessSupport_Module__root__V
cd198950   ti_sysbios_xdcruntime_GateThreadSupport_Module__root__V
cd198958   ti_sysbios_xdcruntime_SemProcessSupport_Module__root__V
cd198960   ti_sysbios_xdcruntime_SemThreadSupport_Module__root__V
cd198968   ti_sysbios_xdcruntime_ThreadSupport_Module__root__V
cd198970   xdc_runtime_Error_Module__state__V
cd198974   xdc_runtime_GateNull_Module__root__V
cd19897c   xdc_runtime_Memory_Module__state__V
cd198980   xdc_runtime_Registry_Module__state__V
cd198988   xdc_runtime_Startup_Module__state__V
cd198990   xdc_runtime_SysMin_Module__state__V
cd19899c   xdc_runtime_System_Module__state__V
cd1989a8   xdc_runtime_Text_Module__state__V
cd1989b0   xdc_runtime_knl_GateProcess_Module__root__V
cd1989b8   xdc_runtime_knl_GateThread_Module__root__V
cd1989c0   xdc_runtime_knl_SemProcess_Module__root__V
cd1989c8   xdc_runtime_knl_SemThread_Module__root__V
cd1989d0   xdc_runtime_knl_Thread_Module__root__V
cd1989d8   __xdc__init__addr
cd1989dc   _ft_end
cd1989e0   _ftable
cd198bc0   ti_sdo_utils_NameServer_Object__table__V
cd198cd8   Global_buildInfo
cd198f10   ti_sdo_ipc_SharedRegion_Module_State_0_regions__A
cd198fa0   ti_sysbios_knl_Swi_Module_State_0_readyQ__A
cd199020   ti_sysbios_knl_Task_Module_State_0_readyQ__A
cd199178   ti_sysbios_timers_timer64_Timer_Module_State_0_device__A
cd1991d8   _DSKT2_DARAM_SCRATCH_SIZES
cd199228   _DSKT2_SARAM_SCRATCH_SIZES
cd199278   TSK_idle
cd199278   ti_sysbios_knl_Task_Object__table__V
cd1992c4   _new_handler
cd1992c8   ti_sysbios_timers_timer64_Timer_Object__table__V
cd199318   ti_sysbios_heaps_HeapMem_Object__table__V
cd199360   ti_sysbios_gates_GateMutex_Object__table__V
cd1993a0   RMS_nodeTab
cd199410   ti_sysbios_knl_Swi_Object__table__V
cd19944c   IRESMAN_NULLRES
cd19946c   TRIK_VIDTRANSCODE_CV_FXNS
cd19946c   TRIK_VIDTRANSCODE_CV_IALG
cd199498   ti_sdo_ipc_Ipc_Module_State_0_procEntry__A
cd1994c0   ti_sdo_ipc_MessageQ_Module_State_0_heaps__A
cd1994e0   ti_sysbios_timers_timer64_Timer_Module_State_0_gctrl__A
cd199500   ti_sysbios_timers_timer64_Timer_Module_State_0_handles__A
cd199520   ti_sysbios_timers_timer64_Timer_Module_State_0_intFreqs__A
cd199540   xdc_runtime_System_Module_State_0_atexitHandlers__A
cd199560   ti_sysbios_family_c64p_Hwi_Object__table__V
cd199578   ti_sysbios_gates_GateMutexPri_Object__table__V
cd199590   Processor_ATTRS
cd1995a0   ti_sdo_ce_osal_Memory_DEFAULTPARAMS
cd1995b0   ti_sdo_ce_ipc_bios__Processor_commDescs
cd1995c0   ti_sdo_ipc_MessageQ_Module_State_0_transports__A
cd1995d0   ti_sysbios_gates_GateAll_Object__table__V
cd1995e0   Engine_ALGCREATEATTRS
cd1995e8   Engine_ATTRS
cd1995ec   Comm_ATTRS
cd1995f8   NODE_ATTRS
cd199604   _cleanup_ptr
cd199608   _dtors_ptr
cd19960c   __TI_enable_exit_profile_output
cd199610   ti_sdo_ce_osal_Memory_heapNames
cd199620   ti_sysbios_gates_GateSwi_Object__table__V
cd19962c   VIDTRANSCODE_SKEL
cd199640   DSKT2_ALGATTRS
cd199648   _lock
cd19964c   _unlock
cd199650   ti_sdo_ipc_Notify_Module_State_0_notifyHandles__A
cd199658   ti_sdo_ipc_transports_TransportShmSetup_Module_State_0_handles__A
cd199660   ti_sysbios_family_c64p_primus_TimerSupport_Module_State_0_suspSrc__A
cd199668   ti_sysbios_hal_Hwi_Object__table__V
cd199670   ti_sysbios_hal_Timer_Object__table__V
cd199680   ti_sdo_ipc_GateMP_Module_State_0_remoteCustom2Gates__A
cd199688   ti_sdo_ipc_Notify_Module_State_0_notifyHandles_0__A
cd199690   ti_sdo_ipc_Notify_Module_State_0_notifyHandles_1__A
cd199698   ti_sysbios_gates_GateHwi_Object__table__V
cd1996a0   ti_sysbios_knl_Task_Module_State_0_idleTask__A
cd1996a8   ti_sysbios_utils_Load_Module_State_0_runningTask__A
cd1996b0   ti_sysbios_utils_Load_Module_State_0_taskStartTime__A
cd1996b8   xdc_runtime_GateNull_Object__table__V
cd1996c0   ti_sdo_ce_osal_bios_Global_CE_CHECK
cd1996c8   ti_sdo_ce_osal_bios_Global_CE_DEBUG
cd1996d0   _stack
cd19a6d0   __TI_STACK_END
cd19a800   ti_sysbios_family_c64p_Hwi0
cd19a800   ti_sysbios_family_c64p_Hwi_int0
cd19a820   ti_sysbios_family_c64p_Hwi_int1
cd19a840   ti_sysbios_family_c64p_Hwi_int2
cd19a860   ti_sysbios_family_c64p_Hwi_int3
cd19a880   ti_sysbios_family_c64p_Hwi_int4
cd19a8a0   ti_sysbios_family_c64p_Hwi_int5
cd19a8c0   ti_sysbios_family_c64p_Hwi_int6
cd19a8e0   ti_sysbios_family_c64p_Hwi_int7
cd19a900   ti_sysbios_family_c64p_Hwi_int8
cd19a920   ti_sysbios_family_c64p_Hwi_int9
cd19a940   ti_sysbios_family_c64p_Hwi_int10
cd19a960   ti_sysbios_family_c64p_Hwi_int11
cd19a980   ti_sysbios_family_c64p_Hwi_int12
cd19a9a0   ti_sysbios_family_c64p_Hwi_int13
cd19a9c0   ti_sysbios_family_c64p_Hwi_int14
cd19a9e0   ti_sysbios_family_c64p_Hwi_int15
cd19aa00   DSKT2_allowExternalScratch
cd19aa00   __TI_STATIC_BASE
cd19aa04   ti_sdo_ce_osal_Memory_skipVirtualAddressTranslation
cd19aa06   ti_sdo_ce_Engine_initFromServer
cd19aa08   ti_sdo_ce_Server_skelCachingPolicy
cd19aa0c   Global_useLinkArbiter
cd19aa14   VISA_checked
cd19aa18   _DSKT2_ipcKeyBase
cd19aa1c   DSKT2_daram0Heap
cd19aa20   DSKT2_daram1Heap
cd19aa24   DSKT2_daram2Heap
cd19aa28   DSKT2_saram0Heap
cd19aa2c   DSKT2_saram1Heap
cd19aa30   DSKT2_saram2Heap
cd19aa34   DSKT2_iprogHeap
cd19aa38   DSKT2_eprogHeap
cd19aa3c   DSKT2_esdataHeap
cd19aa40   _DSKT2_heap
cd19aa44   ti_sdo_fc_rman_RMAN_ipcKey
cd19aa48   ti_sdo_fc_rman_RMAN_setYieldArgs
cd19aa4c   ti_sdo_fc_multiProcess
cd19aa4e   ti_sdo_fc_useDNUM
cd19aa50   ti_sdo_fc_useL3MemoryMap
cd19aa54   NODE
cd19aa58   ti_sdo_ce_ipc_bios_manageIpc
cd19aa5c   Comm_MSGSIZE
cd19aa60   Comm_NUMMSGS
cd19aa64   ti_sdo_ce_ipc_bios__Processor_defaultSharedRegionId
cd19aa66   ti_sdo_ce_ipc_bios__Processor_defaultHeapId
cd19aa68   ti_sdo_ce_ipc_bios__Processor_defaultNumMsgs
cd19aa6c   ti_sdo_ce_ipc_bios__Processor_defaultMsgSize
cd19aa70   ti_sdo_ce_ipc_bios__Processor_numCommDescs
cd19aa74   ti_sdo_ce_alg_Algorithm_useHeap
cd19aa76   ti_sdo_ce_alg_Algorithm_useCache
cd19aa78   ti_sdo_ce_alg_Algorithm_MAXGROUPID
cd19aa7c   ti_sdo_ce_alg_Algorithm_ipcKey
cd19aa80   Syslink_terminateEventId
cd19aa84   Syslink_terminateEventLineId
cd19aa88   Global_traceBufferSize
cd19aa8c   ti_sdo_ce_osal_Memory_numHeaps
cd19aa94   ti_sdo_ce__versionString
cd19aaa0   Engine_alwaysCollectDspTrace
cd19aaa4   Engine_ceDebugDspTraceMask
cd19aabc   _DSKT2_memTabList
cd19aac0   _DSKT2_activeAlg
cd19aac4   _DSKT2_lastActiveAlg
cd19aac8   _DSKT2_scratchShareRefCount
cd19aacc   _DSKT2_createCallbackFxn
cd19aad0   _DSKT2_NumYielded
cd19aad4   _DSKT2_yielded
cd19aad8   _DSKT2_initialized
cd19aae0   _DSKT2_gate
cd19ab44   Server_holdingTraceToken
cd19ab78   ti_sdo_fc_dskt2_DSKT2_convertAddr
cd19ab7c   _DSKT2_algReferenceCount
cd19ab98   _ZN4trik2cv17LKFeatureDetectorIL32TRIK_VIDTRANSCODE_CV_VideoFormat261ELS2_258EE12s_mult43_divE
cd19ab9c   _ZN4trik2cv17LKFeatureDetectorIL32TRIK_VIDTRANSCODE_CV_VideoFormat261ELS2_258EE13s_mult255_divE
cd19abcc   __CIOBUF_
cd19b000   _Ipc_ResetVector
cd19b008   Ipc_sr0MemorySetup
ffffffff   __TI_pprof_out_hndl
ffffffff   __TI_prof_data_size
ffffffff   __TI_prof_data_start
ffffffff   __binit__
ffffffff   __c_args__
ffffffff   binit
UNDEFED    __TI_CINIT_Base
UNDEFED    __TI_CINIT_Limit
UNDEFED    __TI_Handler_Table_Base
UNDEFED    __TI_Handler_Table_Limit
UNDEFED    __TI_INITARRAY_Base
UNDEFED    __TI_INITARRAY_Limit

[3481 symbols]


DYNAMIC SYMBOLS: SORTED ALPHABETICALLY BY Name 

address    name
--------   ----
UNDEFED    
cd199278   TSK_idle
cd19b000   _Ipc_ResetVector
cd19a6d0   __TI_STACK_END
00001000   __TI_STACK_SIZE
cd19aa00   __TI_STATIC_BASE
ffffffff   __TI_pprof_out_hndl
ffffffff   __TI_prof_data_size
ffffffff   __TI_prof_data_start
ffffffff   __binit__
cd13a5a0   __c6xabi_divi
cd13bd80   __c6xabi_remi
ffffffff   __c_args__
00000000   _argsize
ffffffff   binit
00000001   xdc_runtime_Startup__EXECFXN__C
00000001   xdc_runtime_Startup__RESETFXN__C

[17 symbols]


IMPORTED and EXPORTED SYMBOLS: SORTED ALPHABETICALLY BY Name 

IMPORTED SYMBOLS

name                           size      Imported from
-----------------------------  --------  -------------

[0 symbols]


EXPORTED SYMBOLS

address    name
--------   ----
cd19b000   _Ipc_ResetVector
cd13a5a0   __c6xabi_divi
cd13bd80   __c6xabi_remi
