******************************************************************************
               TMS320C6x Linker Unix v7.4.2                    
******************************************************************************
>> Linked Tue Mar  3 18:13:08 2015

OUTPUT FILE NAME:   <bin/dsp_server.xe674>
ENTRY POINT SYMBOL: "ti_sysbios_family_c64p_Hwi0"  address: cd312000


MEMORY CONFIGURATION

         name            origin    length      used     unused   attr    fill
----------------------  --------  ---------  --------  --------  ----  --------
  IROM                  11700000   00100000  00000000  00100000  R  X
  IRAM                  11800000   00020000  0000c000  00014000  RW X
  L3_CBA_RAM            80000000   00020000  00000000  00020000  RW X
  DDRCMEM               c8000000   02000000  00000000  02000000  RWIX
  DDRALGHEAP            ca000000   03000000  03000000  00000000  RWIX
  DDR2                  cd000000   02000000  003124a0  01cedb60  RWIX
  SR1                   cf000000   00800000  00800000  00000000  RWIX
  SYSLINK               cf800000   00800000  00800000  00000000  RWIX


SEGMENT ALLOCATION MAP

run origin  load origin   length   init length attrs members
----------  ----------- ---------- ----------- ----- -------
11800000    11800000    0000c000   00000000    rw-
  11800000    11800000    0000c000   00000000    rw- .INT_HEAP
ca000000    ca000000    03263928   00000000    rw-
  ca000000    ca000000    03000000   00000000    rw- .EXTALG_HEAP
  cd000000    cd000000    00263928   00000000    rw- .far
cd263928    cd263928    00000018   00000018    r--
  cd263928    cd263928    00000018   00000018    r-- .const.1
cd263940    cd263940    0005b380   0005b380    r-x
  cd263940    cd263940    0005b380   0005b380    r-x .text
cd2becc0    cd2becc0    00040000   00000000    rw-
  cd2becc0    cd2becc0    00040000   00000000    rw- .EXT_HEAP
cd2fecc0    cd2fecc0    000107ee   000107ee    r--
  cd2fecc0    cd2fecc0    000107ee   000107ee    r-- .const.2
cd30f4b0    cd30f4b0    0000194a   0000194a    rw-
  cd30f4b0    cd30f4b0    0000194a   0000194a    rw- .fardata
cd310e00    cd310e00    00001004   00000000    rw-
  cd310e00    cd310e00    00001000   00000000    rw- .stack
  cd311e00    cd311e00    00000004   00000000    rw- .bss
cd311e04    cd311e04    000001b0   000001b0    rw-
  cd311e04    cd311e04    000001b0   000001b0    rw- .neardata
cd311fb4    cd311fb4    00000040   00000040    r--
  cd311fb4    cd311fb4    00000040   00000040    r-- .switch.1
cd312000    cd312000    00000308   00000308    r-x
  cd312000    cd312000    00000200   00000200    r-x .vecs
  cd312200    cd312200    00000108   00000108    r-- .switch.2
cd312308    cd312308    00000120   00000000    rw-
  cd312308    cd312308    00000120   00000000    rw- .cio
cd312800    cd312800    0000008c   0000008c    r--
  cd312800    cd312800    0000008c   0000008c    r-- ti_sdo_ipc_init


SECTION ALLOCATION MAP

 output                                  attributes/
section   page    origin      length       input sections
--------  ----  ----------  ----------   ----------------
.cinit     0    cd000000    00000000     UNINITIALIZED

.init_array 
*          0    cd000000    00000000     UNINITIALIZED

.INT_HEAP 
*          0    11800000    0000c000     UNINITIALIZED
                  11800000    0000c000     dsp_server_pe674.oe674 (.INT_HEAP)

.EXTALG_HEAP 
*          0    ca000000    03000000     UNINITIALIZED
                  ca000000    03000000     dsp_server_pe674.oe674 (.EXTALG_HEAP)

xdc.meta   0    cd000000    000000f8     COPY SECTION
                  cd000000    000000f8     dsp_server_pe674.oe674 (xdc.meta)

.far       0    cd000000    00263928     UNINITIALIZED
                  cd000000    0025a980     trik_vidtranscode_cv.ae674 : vidtranscode_cv.oe674 (.far)
                  cd25a980    00008474     dsp_server_pe674.oe674 (.far)
                  cd262df4    00000004     --HOLE--
                  cd262df8    00000800     dsp_server_pe674.oe674 (.far:taskStackSection)
                  cd2635f8    00000140     rts6740_elf.lib : defs.obj (.far)
                  cd263738    000000a0     dskt2.ae674 : dskt2_lock.oe674 (.far)
                  cd2637d8    00000030     ce.ae674 : rms.oe674 (.far)
                  cd263808    0000002c     rman.ae674 : rman.oe674 (.far)
                  cd263834    00000024     ce.ae674 : Engine.oe674 (.far)
                  cd263858    00000014              : Server.oe674 (.far)
                  cd26386c    00000004     --HOLE--
                  cd263870    00000014     dskt2.ae674 : dskt2_scratch.oe674 (.far)
                  cd263884    00000014     nullres.ae674 : iresman_nullres.oe674 (.far)
                  cd263898    0000000c     Algorithm_BIOS.ae674 : Algorithm_BIOS.oe674 (.far)
                  cd2638a4    0000000c     XdmUtils.ae674 : XdmUtils.oe674 (.far)
                  cd2638b0    0000000c     ce.ae674 : visa.oe674 (.far)
                  cd2638bc    0000000c     cesettings.ae674 : CESettings.oe674 (.far)
                  cd2638c8    0000000c     fcsettings.ae674 : FCSettings.oe674 (.far)
                  cd2638d4    0000000c     ipc_bios.ae674 : Processor_noOS.oe674 (.far)
                  cd2638e0    0000000c     node.ae674 : node_init.oe674 (.far)
                  cd2638ec    0000000c     osal.ae674 : Global_BIOS.oe674 (.far)
                  cd2638f8    0000000c                : Loader_noOS.oe674 (.far)
                  cd263904    0000000c                : Memory_BIOS.oe674 (.far)
                  cd263910    0000000c     vidtranscode.ae674 : vidtranscode.oe674 (.far)
                  cd26391c    00000004     --HOLE--
                  cd263920    00000008     rts6740_elf.lib : trgdrv.obj (.far)

.const.1   0    cd263928    00000018     
                  cd263928    00000018     dskt2.ae674 : dskt2_scratch.oe674 (.const:$P$T0$2)

.text      0    cd263940    0005b380     
                  cd263940    00005ae0     dskt2.ae674 : dskt2_scratch.oe674 (.text)
                  cd269420    00004e60     rman.ae674 : rman.oe674 (.text)
                  cd26e280    00003560     trik_vidtranscode_cv.ae674 : vidtranscode_cv.oe674 (.text:_ZN4trik2cv12BallDetectorIL32TRIK_VIDTRANSCODE_CV_VideoFormat261ELS2_258EE3runERK17TrikCvImageBufferRS4_RK30TRIK_VIDTRANSCODE_CV_InArgsAlgR31TRIK_VIDTRANSCODE_CV_OutArgsAlg)
                  cd2717e0    000016a0     dskt2.ae674 : dskt2crea.oe674 (.text)
                  cd272e80    00001200     ce.ae674 : Engine.oe674 (.text:Engine_initFromServer)
                  cd274080    000011c0     ipc.ae674 : Ipc.obj (.text:ti_sdo_ipc_GateMP_Instance_init__F)
                  cd275240    00000c40     ce.ae674 : visa.oe674 (.text:VISA_create2)
                  cd275e80    00000c00              : Server.oe674 (.text:Server_addAlg)
                  cd276a80    00000b00     ipc.ae674 : Ipc.obj (.text:Ipc_attach)
                  cd277580    00000a60               : Ipc.obj (.text:ti_sdo_ipc_heaps_HeapMemMP_alloc__E)
                  cd277fe0    00000a20               : Ipc.obj (.text:ti_sdo_ipc_heaps_HeapMemMP_free__E)
                  cd278a00    000009c0     dskt2.ae674 : dskt2_yield.oe674 (.text)
                  cd2793c0    000009a0     ti.targets.rts6000.ae674 : System.oe674 (.text:xdc_runtime_System_doPrint__I)
                  cd279d60    00000940     ce.ae674 : Engine.oe674 (.text:Engine_addAlg)
                  cd27a6a0    00000920     ipc.ae674 : Ipc.obj (.text:ti_sdo_ipc_transports_TransportShm_Instance_init__F)
                  cd27afc0    00000900     ce.ae674 : Engine.oe674 (.text:Engine_addAlgRemote)
                  cd27b8c0    00000900     ipc.ae674 : Ipc.obj (.text:Ipc_detach)
                  cd27c1c0    000008c0               : Ipc.obj (.text:ti_sdo_ipc_GateMP_Instance_finalize__F)
                  cd27ca80    000008a0               : Ipc.obj (.text:ti_sdo_ipc_ListMP_Instance_init__F)
                  cd27d320    000008a0     sysbios.ae674 : BIOS.obj (.text:ti_sysbios_family_c64p_Exception_handler__I)
                  cd27dbc0    00000840     ce.ae674 : Engine.oe674 (.text:Engine_createNode2)
                  cd27e400    00000840     ipc.ae674 : Ipc.obj (.text:MessageQ_put)
                  cd27ec40    00000820               : Ipc.obj (.text:ti_sdo_ipc_heaps_HeapBufMP_Instance_init__F)
                  cd27f460    00000800     ce.ae674 : rms.oe674 (.text:addAlg)
                  cd27fc60    00000800     dskt2.ae674 : dskt2free.oe674 (.text)
                  cd280460    00000800     ipc.ae674 : Ipc.obj (.text:ti_sdo_ipc_heaps_HeapBufMP_postInit__I)
                  cd280c60    000007a0     ce.ae674 : Engine.oe674 (.text:addAlg)
                  cd281400    00000780     ipc.ae674 : Ipc.obj (.text:ti_sdo_ipc_heaps_HeapMemMP_Instance_init__F)
                  cd281b80    00000740     ce.ae674 : Engine.oe674 (.text:rmsInit)
                  cd2822c0    000006e0     dskt2.ae674 : dskt2dact.oe674 (.text)
                  cd2829a0    000006c0     ce.ae674 : Engine.oe674 (.text:addEngineToList)
                  cd283060    000006c0     ipc.ae674 : Ipc.obj (.text:ti_sdo_ipc_nsremote_NameServerRemoteNotify_Instance_init__F)
                  cd283720    000006a0               : Ipc.obj (.text:Ipc_writeConfig)
                  cd283dc0    000006a0               : Ipc.obj (.text:NameServer_add)
                  cd284460    00000680     ipc_bios.ae674 : Processor_noOS.oe674 (.text:procCreate)
                  cd284ae0    00000620     ce.ae674 : Engine.oe674 (.text:Engine_removeAlg)
                  cd285100    00000620     ipc.ae674 : Ipc.obj (.text:Notify_sendEvent)
                  cd285720    00000620     sysbios.ae674 : BIOS.obj (.text:ti_sysbios_knl_Task_Instance_finalize__F)
                  cd285d40    00000600                   : BIOS.obj (.text:ti_sysbios_heaps_HeapMem_alloc__E)
                  cd286340    00000600                   : BIOS.obj (.text:ti_sysbios_knl_Semaphore_pend__E)
                  cd286940    000005e0     ipc.ae674 : Ipc.obj (.text:Notify_registerEventSingle)
                  cd286f20    000005e0     sysbios.ae674 : BIOS.obj (.text:ti_sysbios_heaps_HeapMem_free__E)
                  cd287500    000005c0     ipc.ae674 : Ipc.obj (.text:ListMP_getHead)
                  cd287ac0    000005c0               : Ipc.obj (.text:Notify_unregisterEventSingle)
                  cd288080    000005c0     rts6740_elf.lib : _printfi.obj (.text:_getarg_diouxp)
                  cd288640    000005c0     ipc.ae674 : Ipc.obj (.text:ti_sdo_ipc_SharedRegion_start__F)
                  cd288c00    000005a0     rts6740_elf.lib : divd.obj (.text:__c6xabi_divd)
                  cd2891a0    000005a0     sysbios.ae674 : BIOS.obj (.text:ti_sysbios_timers_timer64_Timer_Module_startup__F)
                  cd289740    00000580     ipc.ae674 : Ipc.obj (.text:ti_sdo_ipc_nsremote_NameServerRemoteNotify_get__F)
                  cd289cc0    00000580               : Ipc.obj (.text:ti_sdo_ipc_transports_TransportShm_put__E)
                  cd28a240    00000560               : Ipc.obj (.text:MessageQ_free)
                  cd28a7a0    00000560               : Ipc.obj (.text:NameServer_get)
                  cd28ad00    00000540     trik_vidtranscode_cv.ae674 : vidtranscode_cv.oe674 (.text:_Z20handleSetupImageDescP12TrikCvHandle)
                  cd28b240    00000540     ce.ae674 : rms.oe674 (.text:createNode)
                  cd28b780    00000540     ipc.ae674 : Ipc.obj (.text:ti_sdo_ipc_Ipc_procSyncStart__I)
                  cd28bcc0    00000520     ce.ae674 : Engine.oe674 (.text:Engine_init)
                  cd28c1e0    00000520              : rms.oe674 (.text:getAlg)
                  cd28c700    00000500              : Engine.oe674 (.text:Engine_fwriteTrace)
                  cd28cc00    00000500     sysbios.ae674 : BIOS.obj (.text:ti_sysbios_utils_Load_update__E)
                  cd28d100    000004e0     ipc.ae674 : Ipc.obj (.text:ti_sdo_ipc_notifyDrivers_NotifyDriverShm_Instance_init__F)
                  cd28d5e0    000004a0               : Ipc.obj (.text:HeapBufMP_sharedMemReq)
                  cd28da80    000004a0               : Ipc.obj (.text:ti_sdo_ipc_gates_GatePeterson_Instance_init__F)
                  cd28df20    000004a0               : Ipc.obj (.text:ti_sdo_ipc_nsremote_NameServerRemoteNotify_swiFxn__I)
                  cd28e3c0    00000480     dskt2.ae674 : dskt2actv.oe674 (.text)
                  cd28e840    00000460     rts6740_elf.lib : _printfi.obj (.text:_printfi)
                  cd28eca0    00000460                     : _printfi.obj (.text:_setfield)
                  cd28f100    00000460     ipc.ae674 : Ipc.obj (.text:ti_sdo_ipc_GateMP_setRegion0Reserved__F)
                  cd28f560    00000460               : Ipc.obj (.text:ti_sdo_ipc_Ipc_procSyncFinish__I)
                  cd28f9c0    00000460               : Ipc.obj (.text:ti_sdo_ipc_MessageQ_Instance_init__F)
                  cd28fe20    00000440               : Ipc.obj (.text:ListMP_putTail)
                  cd290260    00000440     vidtranscode.ae674 : vidtranscode.oe674 (.text:VIDTRANSCODE_control)
                  cd2906a0    00000440     ipc.ae674 : Ipc.obj (.text:ti_sdo_ipc_heaps_HeapMemMP_getStats__E)
                  cd290ae0    00000440               : Ipc.obj (.text:ti_sdo_ipc_heaps_HeapMemMP_postInit__I)
                  cd290f20    00000420     ce.ae674 : Engine.oe674 (.text:Engine_open)
                  cd291340    00000420     sysbios.ae674 : BIOS.obj (.text:ti_sysbios_gates_GateMutexPri_enter__E)
                  cd291760    00000420                   : BIOS.obj (.text:ti_sysbios_utils_Load_logLoads__I)
                  cd291b80    00000400     ipc.ae674 : Ipc.obj (.text:ti_sdo_ipc_Notify_Instance_init__F)
                  cd291f80    00000400     sysbios.ae674 : BIOS.obj (.text:ti_sysbios_knl_Task_Instance_init__F)
                  cd292380    000003e0     ce.ae674 : Engine.oe674 (.text:rserverOpen)
                  cd292760    000003e0     sysbios.ae674 : BIOS.obj (.text:ti_sysbios_knl_Task_setPri__E)
                  cd292b40    000003c0     osal.ae674 : Memory_BIOS.oe674 (.text:ti_sdo_ce_osal_Memory_init)
                  cd292f00    000003c0     ipc.ae674 : Ipc.obj (.text:ti_sdo_ipc_SharedRegion_reserveMemory__F)
                  cd2932c0    000003a0     Algorithm_BIOS.ae674 : Algorithm_BIOS.oe674 (.text:Algorithm_create)
                  cd293660    000003a0     rts6740_elf.lib : fputs.obj (.text:fputs)
                  cd293a00    00000380     ipc.ae674 : Ipc.obj (.text:HeapMemMP_sharedMemReq)
                  cd293d80    00000380               : Ipc.obj (.text:MessageQ_alloc)
                  cd294100    00000380     ce.ae674 : rms.oe674 (.text:redefineHeap)
                  cd294480    00000380     ipc.ae674 : Ipc.obj (.text:ti_sdo_ipc_family_da830_InterruptDsp_intRegister__E)
                  cd294800    00000380     ti.targets.rts6000.ae674 : Diags.oe674 (.text:xdc_runtime_Diags_setMask__F)
                  cd294b80    00000360     dsp_server_pe674.oe674 (.text:CERuntime_init)
                  cd294ee0    00000360     vidtranscode.ae674 : vidtranscode.oe674 (.text:VIDTRANSCODE_process)
                  cd295240    00000360     fcsettings.ae674 : FCSettings.oe674 (.text)
                  cd2955a0    00000340     ce.ae674 : Engine.oe674 (.text:Engine_setTrace)
                  cd2958e0    00000340     ipc.ae674 : Ipc.obj (.text:GateMP_sharedMemReq)
                  cd295c20    00000340     node.ae674 : node_exec.oe674 (.text:NODE_EXECFXN)
                  cd295f60    00000340     ce.ae674 : visa.oe674 (.text:VISA_delete)
                  cd2962a0    00000340              : Engine.oe674 (.text:cleanup)
                  cd2965e0    00000340     nullres.ae674 : iresman_nullres.oe674 (.text)
                  cd296920    00000320     ce.ae674 : Engine.oe674 (.text:Engine_getNumServerAlgs)
                  cd296c40    00000320     XdmUtils.ae674 : XdmUtils.oe674 (.text:XdmUtils_validateSparseBufDesc1)
                  cd296f60    00000320     rts6740_elf.lib : _printfi.obj (.text:_pproc_fge)
                  cd297280    00000300     ipc.ae674 : Ipc.obj (.text:GateMP_openByAddr)
                  cd297580    00000300     ipc_bios.ae674 : Processor_noOS.oe674 (.text:procDelete)
                  cd297880    00000300     ce.ae674 : rms.oe674 (.text:processRmsCmd)
                  cd297b80    00000300     ipc.ae674 : Ipc.obj (.text:ti_sdo_ipc_heaps_HeapBufMP_free__E)
                  cd297e80    00000300               : Ipc.obj (.text:ti_sdo_ipc_transports_TransportShm_openByAddr__F)
                  cd298180    00000300     sysbios.ae674 : BIOS.obj (.text:ti_sysbios_family_c64p_Hwi_dispatchC__I)
                  cd298480    000002e0     ipc.ae674 : Ipc.obj (.text:SharedRegion_getEntry)
                  cd298760    000002e0               : Ipc.obj (.text:SharedRegion_getPtr)
                  cd298a40    000002e0     rts6740_elf.lib : _printfi.obj (.text:_pproc_fwp)
                  cd298d20    000002e0     sysbios.ae674 : BIOS.obj (.text:ti_sysbios_heaps_HeapMem_Instance_init__F)
                  cd299000    000002e0     trik_vidtranscode_cv.ae674 : vidtranscode_cv.oe674 (.text:trikCvProceedImage)
                  cd2992e0    000002c0     ipc.ae674 : Ipc.obj (.text:MessageQ_open)
                  cd2995a0    000002c0     ipc_bios.ae674 : Processor_noOS.oe674 (.text:Processor_create)
                  cd299860    000002c0     trik_vidtranscode_cv.ae674 : vidtranscode_cv.oe674 (.text:_ZN4trik2cv16HsvRangeDetector6detectERtS2_S2_S2_S2_S2_Py)
                  cd299b20    000002c0     ce.ae674 : Engine.oe674 (.text:getRpcProtocolVersion)
                  cd299de0    000002c0              : Engine.oe674 (.text:rserverDetach)
                  cd29a0a0    000002c0     ipc.ae674 : Ipc.obj (.text:ti_sdo_ipc_notifyDrivers_NotifyDriverShm_isr__I)
                  cd29a360    000002a0               : Ipc.obj (.text:MessageQ_staticMsgInit)
                  cd29a600    000002a0               : Ipc.obj (.text:NameServer_getLocal)
                  cd29a8a0    000002a0     ce.ae674 : rms.oe674 (.text:RMS_init)
                  cd29ab40    000002a0     vidtranscode.ae674 : vidtranscode_skel.oe674 (.text:call)
                  cd29ade0    000002a0     dskt2.ae674 : dskt2_permute.oe674 (.text)
                  cd29b080    000002a0     rts6740_elf.lib : _printfi.obj (.text:ecvt)
                  cd29b320    000002a0                     : _printfi.obj (.text:fcvt)
                  cd29b5c0    000002a0     ce.ae674 : Engine.oe674 (.text:freeServerTab)
                  cd29b860    000002a0              : Engine.oe674 (.text:getAlgDesc)
                  cd29bb00    000002a0     ipc.ae674 : Ipc.obj (.text:ti_sdo_ipc_heaps_HeapBufMP_Instance_finalize__F)
                  cd29bda0    000002a0     sysbios.ae674 : BIOS.obj (.text:ti_sysbios_knl_Clock_workFunc__E)
                  cd29c040    000002a0                   : BIOS.obj (.text:ti_sysbios_timers_timer64_Timer_deviceConfig__I)
                  cd29c2e0    00000280     ipc.ae674 : Ipc.obj (.text:Ipc_start)
                  cd29c560    00000280     node.ae674 : node_dele.oe674 (.text:NODE_delete)
                  cd29c7e0    00000280     ipc.ae674 : Ipc.obj (.text:SharedRegion_getSRPtr)
                  cd29ca60    00000280     XdmUtils.ae674 : XdmUtils.oe674 (.text:XdmUtils_validateSparseBufDesc)
                  cd29cce0    00000280     trik_vidtranscode_cv.ae674 : vidtranscode_cv.oe674 (.text:_ZN4trik2cv12BallDetectorIL32TRIK_VIDTRANSCODE_CV_VideoFormat261ELS2_258EE5setupERK15TrikCvImageDescS6_Paj)
                  cd29cf60    00000280     rts6740_elf.lib : divf.obj (.text:__c6xabi_divf)
                  cd29d1e0    00000280     osal_support.ae674 : OsalSupport.oe674 (.text)
                  cd29d460    00000280     sysbios.ae674 : BIOS.obj (.text:ti_sysbios_family_c64p_Cache_Module_startup__F)
                  cd29d6e0    00000280     ti.targets.rts6000.ae674 : Core-mem.oe674 (.text:xdc_runtime_Core_createObject__I)
                  cd29d960    00000280                              : Error.oe674 (.text:xdc_runtime_Error_raiseX__F)
                  cd29dbe0    00000280     dsp_server_pe674.oe674 (.text:xdc_runtime_System_printfExtend__I)
                  cd29de60    00000260     cesettings.ae674 : CESettings.oe674 (.text:CESettings_getDiags)
                  cd29e0c0    00000260     ipc.ae674 : Ipc.obj (.text:ListMP_sharedMemReq)
                  cd29e320    00000260     node.ae674 : node_crea.oe674 (.text:NODE_create)
                  cd29e580    00000260     XdmUtils.ae674 : XdmUtils.oe674 (.text:XdmUtils_validateExtendedStruct)
                  cd29e7e0    00000260     rts6740_elf.lib : imath64.obj (.text:__c6xabi_divull)
                  cd29ea40    00000260                     : _printfi.obj (.text:_pconv_e)
                  cd29eca0    00000260     ce.ae674 : Engine.oe674 (.text:getServerKey)
                  cd29ef00    00000260     osal.ae674 : Memory_BIOS.oe674 (.text:ti_sdo_ce_osal_Memory_redefine)
                  cd29f160    00000260     ipc.ae674 : Ipc.obj (.text:ti_sdo_ipc_ListMP_Instance_finalize__F)
                  cd29f3c0    00000260               : Ipc.obj (.text:ti_sdo_ipc_heaps_HeapMemMP_Instance_finalize__F)
                  cd29f620    00000260               : Ipc.obj (.text:ti_sdo_ipc_notifyDrivers_NotifyDriverShm_disableEvent__E)
                  cd29f880    00000260               : Ipc.obj (.text:ti_sdo_ipc_notifyDrivers_NotifyDriverShm_sharedMemReq__F)
                  cd29fae0    00000260     sysbios.ae674 : BIOS.obj (.text:ti_sysbios_family_c64p_Exception_internalHandler__I)
                  cd29fd40    00000260                   : BIOS.obj (.text:ti_sysbios_knl_Semaphore_post__E)
                  cd29ffa0    00000260                   : BIOS.obj (.text:ti_sysbios_xdcruntime_ThreadSupport_Instance_init__F)
                  cd2a0200    00000260     ti.targets.rts6000.ae674 : Startup.oe674 (.text:xdc_runtime_Startup_startMods__I)
                  cd2a0460    00000240     osal.ae674 : Global_BIOS.oe674 (.text:Global_init)
                  cd2a06a0    00000240     vidtranscode.ae674 : vidtranscode.oe674 (.text:VIDTRANSCODE_create)
                  cd2a08e0    00000240     rts6740_elf.lib : _printfi.obj (.text:_pproc_diouxp)
                  cd2a0b20    00000240     ce.ae674 : rms.oe674 (.text:mkInst)
                  cd2a0d60    00000240     ipc.ae674 : Ipc.obj (.text:ti_sdo_ipc_MessageQ_Instance_finalize__F)
                  cd2a0fa0    00000240               : Ipc.obj (.text:ti_sdo_ipc_family_da830_NotifySetup_attach__E)
                  cd2a11e0    00000240     sysbios.ae674 : BIOS.obj (.text:ti_sysbios_knl_Task_exit__E)
                  cd2a1420    00000220     ce.ae674 : Engine.oe674 (.text:Engine_deleteNode)
                  cd2a1640    00000220     ipc.ae674 : Ipc.obj (.text:MessageQ_get)
                  cd2a1860    00000220               : Ipc.obj (.text:MultiProc_getId)
                  cd2a1a80    00000220     rts6740_elf.lib : _printfi.obj (.text:_pproc_str)
                  cd2a1ca0    00000220     trik_vidtranscode_cv.ae674 : vidtranscode_cv_fxns.oe674 (.text:algControl:TRIK_VIDTRANSCODE_CV_control)
                  cd2a1ec0    00000220                                : vidtranscode_cv_fxns.oe674 (.text:algProcess:TRIK_VIDTRANSCODE_CV_process)
                  cd2a20e0    00000220     rts6740_elf.lib : fputc.obj (.text:fputc)
                  cd2a2300    00000220     ipc.ae674 : Ipc.obj (.text:ti_sdo_ipc_GateMP_start__F)
                  cd2a2520    00000220     sysbios.ae674 : BIOS.obj (.text:ti_sysbios_family_c64p_Hwi_reconfig__E)
                  cd2a2740    00000220                   : BIOS.obj (.text:ti_sysbios_knl_Swi_run__I)
                  cd2a2960    00000220                   : BIOS.obj (.text:ti_sysbios_knl_Task_schedule__I)
                  cd2a2b80    00000220                   : BIOS.obj (.text:ti_sysbios_knl_Task_startCore__E)
                  cd2a2da0    00000200     Algorithm_BIOS.ae674 : Algorithm_BIOS.oe674 (.text:Algorithm_delete)
                  cd2a2fa0    00000200     ce.ae674 : Engine.oe674 (.text:Engine_close)
                  cd2a31a0    00000200     ipc.ae674 : Ipc.obj (.text:GateMP_enter)
                  cd2a33a0    00000200               : Ipc.obj (.text:GateMP_leave)
                  cd2a35a0    00000200               : Ipc.obj (.text:ListMP_openByAddr)
                  cd2a37a0    00000200     rts6740_elf.lib : _printfi.obj (.text:_pconv_g)
                  cd2a39a0    00000200     sysbios.ae674 : c64p_Hwi_disp_always.obj (.text:_ti_sysbios_family_c64p_Hwi_dispatchAlways)
                  cd2a3ba0    00000200     dskt2.ae674 : dskt2_lock.oe674 (.text)
                  cd2a3da0    00000200     rts6740_elf.lib : setvbuf.obj (.text:setvbuf)
                  cd2a3fa0    00000200     ipc.ae674 : Ipc.obj (.text:ti_sdo_ipc_heaps_HeapBufMP_alloc__E)
                  cd2a41a0    00000200               : Ipc.obj (.text:ti_sdo_ipc_notifyDrivers_NotifyDriverShm_sendEvent__E)
                  cd2a43a0    00000200               : Ipc.obj (.text:ti_sdo_ipc_transports_TransportShm_Instance_finalize__F)
                  cd2a45a0    00000200     sysbios.ae674 : BIOS.obj (.text:ti_sysbios_utils_Load_taskDeleteHook__E)
                  cd2a47a0    00000200     trik_vidtranscode_cv.ae674 : vidtranscode_cv.oe674 (.text:trikCvHandleSetupDynamicParams)
                  cd2a49a0    000001e0     cesettings.ae674 : CESettings.oe674 (.text:CESettings_setDiags)
                  cd2a4b80    000001e0     ipc.ae674 : Ipc.obj (.text:ti_sdo_ipc_GateMP_attach__F)
                  cd2a4d60    000001e0               : Ipc.obj (.text:ti_sdo_ipc_GateMP_getFreeResource__I)
                  cd2a4f40    000001e0     sysbios.ae674 : BIOS.obj (.text:ti_sysbios_family_c64p_Exception_externalHandler__I)
                  cd2a5120    000001e0                   : BIOS.obj (.text:ti_sysbios_knl_Swi_Instance_init__F)
                  cd2a5300    000001e0                   : BIOS.obj (.text:ti_sysbios_knl_Task_checkStacks__E)
                  cd2a54e0    000001e0                   : BIOS.obj (.text:ti_sysbios_knl_Task_postInit__I)
                  cd2a56c0    000001e0                   : BIOS.obj (.text:ti_sysbios_timers_timer64_Timer_getFreq__E)
                  cd2a58a0    000001e0                   : BIOS.obj (.text:ti_sysbios_utils_Load_idleFxn__E)
                  cd2a5a80    000001c0     ipc.ae674 : Ipc.obj (.text:HeapMemMP_openByAddr)
                  cd2a5c40    000001c0     ipc_bios.ae674 : Processor_noOS.oe674 (.text:Processor_delete)
                  cd2a5e00    000001c0     ce.ae674 : Server.oe674 (.text:Server_getNode)
                  cd2a5fc0    000001c0              : Server.oe674 (.text:Server_init)
                  cd2a6180    000001c0     rts6740_elf.lib : _printfi.obj (.text:_mcpy)
                  cd2a6340    000001c0     ce.ae674 : Engine.oe674 (.text:checkServer)
                  cd2a6500    000001c0              : Engine.oe674 (.text:isa)
                  cd2a66c0    000001c0     ipc.ae674 : Ipc.obj (.text:ti_sdo_ipc_GateMP_detach__F)
                  cd2a6880    000001c0               : Ipc.obj (.text:ti_sdo_ipc_GateMP_stop__F)
                  cd2a6a40    000001c0               : Ipc.obj (.text:ti_sdo_ipc_notifyDrivers_NotifyDriverShm_registerEvent__E)
                  cd2a6c00    000001c0     sysbios.ae674 : BIOS.obj (.text:ti_sysbios_family_c64p_Cache_block__I)
                  cd2a6dc0    000001c0                   : BIOS.obj (.text:ti_sysbios_family_c64p_Exception_decodeMpfsr__I)
                  cd2a6f80    000001c0                   : BIOS.obj (.text:ti_sysbios_gates_GateMutex_enter__E)
                  cd2a7140    000001c0                   : BIOS.obj (.text:ti_sysbios_timers_timer64_Timer_setPeriodMicroSecs__E)
                  cd2a7300    000001a0     ipc.ae674 : Ipc.obj (.text:SharedRegion_getCacheLineSize)
                  cd2a74a0    000001a0               : Ipc.obj (.text:SharedRegion_getHeap)
                  cd2a7640    000001a0               : Ipc.obj (.text:SharedRegion_isCacheEnabled)
                  cd2a77e0    000001a0     trik_vidtranscode_cv.ae674 : vidtranscode_cv.oe674 (.text:_Z17createCVAlgorithmIN4trik2cv12BallDetectorIL32TRIK_VIDTRANSCODE_CV_VideoFormat261ELS3_258EEEEiPK12TrikCvHandleR20TrikCvPersistentDataRK15TrikCvImageDescSC_)
                  cd2a7980    000001a0     rts6740_elf.lib : imath40.obj (.text:__c6xabi_divul)
                  cd2a7b20    000001a0     ce.ae674 : Engine.oe674 (.text:allocNode)
                  cd2a7cc0    000001a0     node.ae674 : node_crea.oe674 (.text:callStub)
                  cd2a7e60    000001a0     ipc.ae674 : Ipc.obj (.text:ti_sdo_ipc_GateMP_openRegion0Reserved__F)
                  cd2a8000    000001a0               : Ipc.obj (.text:ti_sdo_ipc_notifyDrivers_NotifyDriverShm_enableEvent__E)
                  cd2a81a0    000001a0               : Ipc.obj (.text:ti_sdo_ipc_notifyDrivers_NotifyDriverShm_unregisterEvent__E)
                  cd2a8340    000001a0               : Ipc.obj (.text:ti_sdo_ipc_nsremote_NameServerRemoteNotify_attach__E)
                  cd2a84e0    000001a0     sysbios.ae674 : BIOS.obj (.text:ti_sysbios_syncs_SyncSem_Instance_init__F)
                  cd2a8680    000001a0                   : BIOS.obj (.text:ti_sysbios_timers_timer64_Timer_start__E)
                  cd2a8820    000001a0                   : BIOS.obj (.text:ti_sysbios_xdcruntime_ThreadSupport_runStub__I)
                  cd2a89c0    00000180     osal.ae674 : Global_BIOS.oe674 (.text:Global_exit)
                  cd2a8b40    00000180     rts6740_elf.lib : trgdrv.obj (.text:HOSTrename)
                  cd2a8cc0    00000180     ipc.ae674 : Ipc.obj (.text:MultiProc_getName)
                  cd2a8e40    00000180               : Ipc.obj (.text:Notify_intLineRegistered)
                  cd2a8fc0    00000180     ce.ae674 : rms.oe674 (.text:RMS_exec)
                  cd2a9140    00000180              : Server.oe674 (.text:cleanup)
                  cd2a92c0    00000180              : rms.oe674 (.text:getSegStat)
                  cd2a9440    00000180              : Engine.oe674 (.text:rserverClose)
                  cd2a95c0    00000180     sysbios.ae674 : c64p_Exception_asm.obj (.text)
                  cd2a9740    00000180     syscbuf.ae674 : SysCBuf.oe674 (.text:ti_sdo_ce_utils_syscbuf_SysCBuf_get__F)
                  cd2a98c0    00000180     ipc.ae674 : Ipc.obj (.text:ti_sdo_ipc_MessageQ_registerTransport__F)
                  cd2a9a40    00000180               : Ipc.obj (.text:ti_sdo_ipc_Notify_Module_startup__F)
                  cd2a9bc0    00000180               : Ipc.obj (.text:ti_sdo_ipc_SharedRegion_resetInternalFields__F)
                  cd2a9d40    00000180               : Ipc.obj (.text:ti_sdo_ipc_gates_GatePeterson_enter__E)
                  cd2a9ec0    00000180               : Ipc.obj (.text:ti_sdo_utils_NameServer_Module_startup__F)
                  cd2aa040    00000180     sysbios.ae674 : BIOS.obj (.text:ti_sysbios_knl_Swi_schedule__I)
                  cd2aa1c0    00000180                   : BIOS.obj (.text:ti_sysbios_knl_Task_unblockI__E)
                  cd2aa340    00000180     ti.targets.rts6000.ae674 : Text.oe674 (.text:xdc_runtime_Text_putSite__F)
                  cd2aa4c0    00000160     Algorithm_BIOS.ae674 : Algorithm_BIOS.oe674 (.text:Algorithm_activate)
                  cd2aa620    00000160                          : Algorithm_BIOS.oe674 (.text:Algorithm_deactivate)
                  cd2aa780    00000160     osal.ae674 : Memory_BIOS.oe674 (.text:ti_sdo_ce_osal_Memory_alloc)
                  cd2aa8e0    00000160                : Memory_BIOS.oe674 (.text:ti_sdo_ce_osal_Memory_free)
                  cd2aaa40    00000160     ipc.ae674 : Ipc.obj (.text:ti_sdo_ipc_GateMP_createLocal__F)
                  cd2aaba0    00000160               : Ipc.obj (.text:ti_sdo_ipc_MessageQ_unregisterTransport__F)
                  cd2aad00    00000160               : Ipc.obj (.text:ti_sdo_ipc_transports_TransportShm_sharedMemReq__F)
                  cd2aae60    00000160               : Ipc.obj (.text:ti_sdo_utils_NameServer_isRegistered__E)
                  cd2aafc0    00000160               : Ipc.obj (.text:ti_sdo_utils_NameServer_registerRemoteDriver__E)
                  cd2ab120    00000160               : Ipc.obj (.text:ti_sdo_utils_NameServer_unregisterRemoteDriver__E)
                  cd2ab280    00000160     sysbios.ae674 : BIOS.obj (.text:ti_sysbios_utils_Load_taskCreateHook__E)
                  cd2ab3e0    00000140     ce.ae674 : Engine.oe674 (.text:Engine_getFxns)
                  cd2ab520    00000140     ipc.ae674 : Ipc.obj (.text:GateMP_close)
                  cd2ab660    00000140               : Ipc.obj (.text:MessageQ_registerHeap)
                  cd2ab7a0    00000140     vidtranscode.ae674 : vidtranscode.oe674 (.text:VIDTRANSCODE_delete)
                  cd2ab8e0    00000140     boot.ae674 : autoinit.oe674 (.text:_auto_init_elf)
                  cd2aba20    00000140     rts6740_elf.lib : _printfi.obj (.text:_pproc_fflags)
                  cd2abb60    00000140     ce.ae674 : rms.oe674 (.text:checkStack)
                  cd2abca0    00000140     rts6740_elf.lib : lowlev.obj (.text:getdevice)
                  cd2abde0    00000140     osal.ae674 : Memory_BIOS.oe674 (.text:ti_sdo_ce_osal_Memory_cacheInv)
                  cd2abf20    00000140                : Memory_BIOS.oe674 (.text:ti_sdo_ce_osal_Memory_cacheWb)
                  cd2ac060    00000140     ipc.ae674 : Ipc.obj (.text:ti_sdo_ipc_Notify_exec__F)
                  cd2ac1a0    00000140     sysbios.ae674 : BIOS.obj (.text:ti_sysbios_family_c64p_Hwi_Module_startup__F)
                  cd2ac2e0    00000140                   : BIOS.obj (.text:ti_sysbios_gates_GateSwi_enter__E)
                  cd2ac420    00000140                   : BIOS.obj (.text:ti_sysbios_knl_Semaphore_Instance_init__F)
                  cd2ac560    00000140                   : BIOS.obj (.text:ti_sysbios_knl_Swi_post__E)
                  cd2ac6a0    00000140                   : BIOS.obj (.text:ti_sysbios_knl_Task_Module_startup__F)
                  cd2ac7e0    00000140                   : BIOS.obj (.text:ti_sysbios_knl_Task_blockI__E)
                  cd2ac920    00000140                   : BIOS.obj (.text:ti_sysbios_knl_Task_yield__E)
                  cd2aca60    00000140     ti.targets.rts6000.ae674 : GateProcess.oe674 (.text:xdc_runtime_knl_GateProcess_Instance_init__F)
                  cd2acba0    00000120     Algorithm_BIOS.ae674 : Algorithm_BIOS.oe674 (.text:Algorithm_addGroup)
                  cd2accc0    00000120                          : Algorithm_BIOS.oe674 (.text:Algorithm_init)
                  cd2acde0    00000120                          : Algorithm_BIOS.oe674 (.text:Algorithm_removeGroup)
                  cd2acf00    00000120     ipc_bios.ae674 : Comm_BIOS.oe674 (.text:Comm_create)
                  cd2ad020    00000120     osal.ae674 : Loader_noOS.oe674 (.text:Loader_init)
                  cd2ad140    00000120     ipc.ae674 : Ipc.obj (.text:MessageQ_unregisterHeap)
                  cd2ad260    00000120     ce.ae674 : visa.oe674 (.text:VISA_create)
                  cd2ad380    00000120     rts6740_elf.lib : fclose.obj (.text:_closefile)
                  cd2ad4a0    00000120                     : _printfi.obj (.text:_ltostr)
                  cd2ad5c0    00000120     ce.ae674 : rms.oe674 (.text:deleteNode)
                  cd2ad6e0    00000120     rts6740_elf.lib : fseek.obj (.text:fseek)
                  cd2ad800    00000120     ce.ae674 : rms.oe674 (.text:getMemStat)
                  cd2ad920    00000120     rts6740_elf.lib : sqrtf.obj (.text:sqrtf)
                  cd2ada40    00000120     osal.ae674 : Memory_BIOS.oe674 (.text:ti_sdo_ce_osal_Memory_cacheWbInvAll)
                  cd2adb60    00000120     ipc.ae674 : Ipc.obj (.text:ti_sdo_ipc_MessageQ_Module_startup__F)
                  cd2adc80    00000120     dsp_server_pe674.oe674 (.text:ti_sdo_ipc_MessageQ_Object__create__S)
                  cd2adda0    00000120     dsp_server_pe674.oe674 (.text:ti_sdo_ipc_Notify_Object__create__S)
                  cd2adec0    00000120     dsp_server_pe674.oe674 (.text:ti_sdo_ipc_gates_GatePeterson_Object__create__S)
                  cd2adfe0    00000120     ipc.ae674 : Ipc.obj (.text:ti_sdo_ipc_nsremote_NameServerRemoteNotify_Instance_finalize__F)
                  cd2ae100    00000120     dsp_server_pe674.oe674 (.text:ti_sdo_ipc_nsremote_NameServerRemoteNotify_Object__create__S)
                  cd2ae220    00000120     dsp_server_pe674.oe674 (.text:ti_sdo_ipc_transports_TransportShm_Object__create__S)
                  cd2ae340    00000120     sysbios.ae674 : BIOS.obj (.text:ti_sysbios_BIOS_rtsUnlock__I)
                  cd2ae460    00000120                   : BIOS.obj (.text:ti_sysbios_family_c64p_Exception_Module_startup__F)
                  cd2ae580    00000120     dsp_server_pe674.oe674 (.text:ti_sysbios_family_c64p_Hwi_Object__create__S)
                  cd2ae6a0    00000120     sysbios.ae674 : BIOS.obj (.text:ti_sysbios_knl_Clock_startI__E)
                  cd2ae7c0    00000120     dsp_server_pe674.oe674 (.text:ti_sysbios_knl_Swi_Object__create__S)
                  cd2ae8e0    00000120     dsp_server_pe674.oe674 (.text:ti_sysbios_knl_Task_Object__create__S)
                  cd2aea00    00000120     dsp_server_pe674.oe674 (.text:ti_sysbios_xdcruntime_ThreadSupport_Object__create__S)
                  cd2aeb20    00000120     ti.targets.rts6000.ae674 : Text.oe674 (.text:xdc_runtime_Text_putLab__F)
                  cd2aec40    00000120     dsp_server_pe674.oe674 (.text:xdc_runtime_knl_SemProcess_Object__create__S)
                  cd2aed60    00000120     dsp_server_pe674.oe674 (.text:xdc_runtime_knl_SemThread_Object__create__S)
                  cd2aee80    00000120     dsp_server_pe674.oe674 (.text:xdc_runtime_knl_Thread_Object__create__S)
                  cd2aefa0    00000100     ce.ae674 : Engine.oe674 (.text:Engine_getConstName)
                  cd2af0a0    00000100     osal.ae674 : Global_BIOS.oe674 (.text:Global_atexit)
                  cd2af1a0    00000100                : Global_BIOS.oe674 (.text:Global_getenv)
                  cd2af2a0    00000100     rts6740_elf.lib : trgdrv.obj (.text:HOSTlseek)
                  cd2af3a0    00000100     node.ae674 : node_init.oe674 (.text:NODE_init)
                  cd2af4a0    00000100     ipc_bios.ae674 : Processor_noOS.oe674 (.text:Processor_init)
                  cd2af5a0    00000100     ce.ae674 : rms.oe674 (.text:RMS_exit)
                  cd2af6a0    00000100              : Server.oe674 (.text:Server_initAlgDesc)
                  cd2af7a0    00000100     XdmUtils.ae674 : XdmUtils.oe674 (.text:XdmUtils_init)
                  cd2af8a0    00000100     ce.ae674 : visa.oe674 (.text:_VISA_init)
                  cd2af9a0    00000100     rts6740_elf.lib : _io_perm.obj (.text:_wrt_ok)
                  cd2afaa0    00000100     ce.ae674 : Engine.oe674 (.text:copyToFile)
                  cd2afba0    00000100     fcsettings.ae674 : gt_dais.oe674 (.text)
                  cd2afca0    00000100     rts6740_elf.lib : fprintf.obj (.text:fprintf)
                  cd2afda0    00000100     ce.ae674 : rms.oe674 (.text:getNumAlgs)
                  cd2afea0    00000100              : rms.oe674 (.text:getTrace)
                  cd2affa0    00000100     dsp_server_pe674.oe674 (.text:ti_sdo_ipc_GateMP_Object__create__S)
                  cd2b00a0    00000100     dsp_server_pe674.oe674 (.text:ti_sdo_ipc_ListMP_Object__create__S)
                  cd2b01a0    00000100     ipc.ae674 : Ipc.obj (.text:ti_sdo_ipc_Notify_Instance_finalize__F)
                  cd2b02a0    00000100               : Ipc.obj (.text:ti_sdo_ipc_SharedRegion_attach__F)
                  cd2b03a0    00000100               : Ipc.obj (.text:ti_sdo_ipc_SharedRegion_clearReservedMemory__F)
                  cd2b04a0    00000100               : Ipc.obj (.text:ti_sdo_ipc_gates_GateMPSupportNull_enter__E)
                  cd2b05a0    00000100               : Ipc.obj (.text:ti_sdo_ipc_gates_GateMPSupportNull_leave__E)
                  cd2b06a0    00000100     dsp_server_pe674.oe674 (.text:ti_sdo_ipc_heaps_HeapBufMP_Object__create__S)
                  cd2b07a0    00000100     dsp_server_pe674.oe674 (.text:ti_sdo_ipc_heaps_HeapMemMP_Object__create__S)
                  cd2b08a0    00000100     dsp_server_pe674.oe674 (.text:ti_sdo_ipc_notifyDrivers_NotifyDriverShm_Object__create__S)
                  cd2b09a0    00000100     ipc.ae674 : Ipc.obj (.text:ti_sdo_ipc_transports_TransportShmSetup_attach__E)
                  cd2b0aa0    00000100     sysbios.ae674 : BIOS.obj (.text:ti_sysbios_gates_GateMutexPri_leave__E)
                  cd2b0ba0    00000100                   : BIOS.obj (.text:ti_sysbios_knl_Swi_restoreHwi__E)
                  cd2b0ca0    00000100     dsp_server_pe674.oe674 (.text:ti_sysbios_syncs_SyncSem_Object__create__S)
                  cd2b0da0    00000100     sysbios.ae674 : BIOS.obj (.text:ti_sysbios_timers_timer64_Timer_initDevice__I)
                  cd2b0ea0    00000100                   : BIOS.obj (.text:ti_sysbios_utils_Load_addTask__E)
                  cd2b0fa0    00000100                   : BIOS.obj (.text:ti_sysbios_xdcruntime_ThreadSupport_join__F)
                  cd2b10a0    00000100     trik_vidtranscode_cv.ae674 : vidtranscode_cv.oe674 (.text:trikCvHandleSetupParams)
                  cd2b11a0    00000100     ti.targets.rts6000.ae674 : Core-mem.oe674 (.text:xdc_runtime_Core_deleteObject__I)
                  cd2b12a0    00000100                              : Startup.oe674 (.text:xdc_runtime_Startup_exec__F)
                  cd2b13a0    00000100                              : Text.oe674 (.text:xdc_runtime_Text_putMod__F)
                  cd2b14a0    00000100                              : Text.oe674 (.text:xdc_runtime_Text_visitRope2__I)
                  cd2b15a0    00000100     dsp_server_pe674.oe674 (.text:xdc_runtime_knl_GateProcess_Object__create__S)
                  cd2b16a0    00000100     dsp_server_pe674.oe674 (.text:xdc_runtime_knl_GateThread_Object__create__S)
                  cd2b17a0    000000e0     cesettings.ae674 : CESettings.oe674 (.text:CESettings_init)
                  cd2b1880    000000e0     rts6740_elf.lib : trgdrv.obj (.text:HOSTopen)
                  cd2b1960    000000e0     ipc.ae674 : Ipc.obj (.text:HeapBufMP_create)
                  cd2b1a40    000000e0     ce.ae674 : visa.oe674 (.text:VISA_enter)
                  cd2b1b20    000000e0              : visa.oe674 (.text:VISA_exit)
                  cd2b1c00    000000e0     rts6740_elf.lib : divi.obj (.text:__divi)
                  cd2b1ce0    000000e0                     : atoi.obj (.text:atoi)
                  cd2b1dc0    000000e0                     : lowlev.obj (.text:close)
                  cd2b1ea0    000000e0                     : fflush.obj (.text:fflush)
                  cd2b1f80    000000e0                     : ltoa.obj (.text:ltoa)
                  cd2b2060    000000e0                     : memset.obj (.text:memset)
                  cd2b2140    000000e0     ce.ae674 : rms.oe674 (.text:restoreHeap)
                  cd2b2220    000000e0              : rms.oe674 (.text:setTraceMask)
                  cd2b2300    000000e0              : rms.oe674 (.text:startNode)
                  cd2b23e0    000000e0     ipc.ae674 : Ipc.obj (.text:ti_sdo_ipc_Notify_detach__F)
                  cd2b24c0    000000e0               : Ipc.obj (.text:ti_sdo_ipc_SharedRegion_stop__F)
                  cd2b25a0    000000e0               : Ipc.obj (.text:ti_sdo_ipc_heaps_HeapBufMP_getStats__F)
                  cd2b2680    000000e0     sysbios.ae674 : BIOS.obj (.text:ti_sysbios_family_c64p_Hwi_Instance_finalize__F)
                  cd2b2760    000000e0                   : BIOS.obj (.text:ti_sysbios_family_c64p_Hwi_Instance_init__F)
                  cd2b2840    000000e0     ti.targets.rts6000.ae674 : Error.oe674 (.text:xdc_runtime_Error_print__F)
                  cd2b2920    000000e0                              : Memory.oe674 (.text:xdc_runtime_Memory_alloc__F)
                  cd2b2a00    000000e0                              : Thread.oe674 (.text:xdc_runtime_knl_Thread_Instance_init__F)
                  cd2b2ae0    000000c0     ce.ae674 : Engine.oe674 (.text:Engine_getCodecClassConfig)
                  cd2b2ba0    000000c0              : Engine.oe674 (.text:Engine_getProcId)
                  cd2b2c60    000000c0     rts6740_elf.lib : trgdrv.obj (.text:HOSTread)
                  cd2b2d20    000000c0                     : trgdrv.obj (.text:HOSTunlink)
                  cd2b2de0    000000c0                     : trgdrv.obj (.text:HOSTwrite)
                  cd2b2ea0    000000c0     ipc.ae674 : Ipc.obj (.text:HeapMemMP_create)
                  cd2b2f60    000000c0               : Ipc.obj (.text:Ipc_stop)
                  cd2b3020    000000c0               : Ipc.obj (.text:ListMP_create)
                  cd2b30e0    000000c0     osal.ae674 : Loader_noOS.oe674 (.text:Loader_loadLibrary)
                  cd2b31a0    000000c0     rts6740_elf.lib : dtor_list.obj (.text:_Z11__TI_atexitPFYvPvES_S_)
                  cd2b3260    000000c0                     : dtor_list.obj (.text:__cxa_finalize)
                  cd2b3320    000000c0                     : divu.obj (.text:__divu)
                  cd2b33e0    000000c0                     : _printfi.obj (.text:_div)
                  cd2b34a0    000000c0                     : fflush.obj (.text:_doflush)
                  cd2b3560    000000c0                     : exit.obj (.text:exit)
                  cd2b3620    000000c0     ce.ae674 : rms.oe674 (.text:getVers)
                  cd2b36e0    000000c0     ipc.ae674 : Ipc.obj (.text:ti_sdo_ipc_GateMP_getRegion0ReservedSize__F)
                  cd2b37a0    000000c0               : Ipc.obj (.text:ti_sdo_ipc_SharedRegion_detach__F)
                  cd2b3860    000000c0     sysbios.ae674 : BIOS.obj (.text:ti_sysbios_BIOS_errorRaiseHook__I)
                  cd2b3920    000000c0                   : BIOS.obj (.text:ti_sysbios_gates_GateAll_leave__E)
                  cd2b39e0    000000c0                   : BIOS.obj (.text:ti_sysbios_heaps_HeapMem_getStats__E)
                  cd2b3aa0    000000c0                   : BIOS.obj (.text:ti_sysbios_knl_Clock_logTick__E)
                  cd2b3b60    000000c0                   : BIOS.obj (.text:ti_sysbios_knl_Swi_Instance_finalize__F)
                  cd2b3c20    000000c0                   : BIOS.obj (.text:ti_sysbios_knl_Task_allBlockedFunction__I)
                  cd2b3ce0    000000c0                   : BIOS.obj (.text:ti_sysbios_timers_timer64_Timer_startup__E)
                  cd2b3da0    000000c0                   : BIOS.obj (.text:ti_sysbios_utils_Load_taskSwitchHook__E)
                  cd2b3e60    000000c0                   : BIOS.obj (.text:ti_sysbios_xdcruntime_SemThreadSupport_pend__F)
                  cd2b3f20    000000c0     ti.targets.rts6000.ae674 : System.oe674 (.text:xdc_runtime_System_formatNum__I)
                  cd2b3fe0    000000c0                              : Text.oe674 (.text:xdc_runtime_Text_matchVisFxn__I)
                  cd2b40a0    000000a0     ce.ae674 : Engine.oe674 (.text:Engine_getRemoteVisa)
                  cd2b4140    000000a0     rts6740_elf.lib : trgdrv.obj (.text:HOSTclose)
                  cd2b41e0    000000a0     dsp_server_pe674.oe674 (.text:IPC_threadGeneratedReset)
                  cd2b4280    000000a0     ipc.ae674 : Ipc.obj (.text:MessageQ_create)
                  cd2b4320    000000a0     ce.ae674 : Server.oe674 (.text:Server_getNodeUuid)
                  cd2b43c0    000000a0     rts6740_elf.lib : new_.obj (.text:_Znwj)
                  cd2b4460    000000a0                     : remu.obj (.text:__remu)
                  cd2b4500    000000a0     boot.ae674 : boot.oe674 (.text:_c_int00)
                  cd2b45a0    000000a0     rts6740_elf.lib : fopen.obj (.text:_cleanup)
                  cd2b4640    000000a0                     : _printfi.obj (.text:_ecpy)
                  cd2b46e0    000000a0                     : _printfi.obj (.text:_fcpy)
                  cd2b4780    000000a0                     : _printfi.obj (.text:_pconv_f)
                  cd2b4820    000000a0     sysbios.ae674 : c64p_Hwi_asm.obj (.text:_ti_sysbios_family_c64p_Hwi_plug__E)
                  cd2b48c0    000000a0     trik_vidtranscode_cv.ae674 : vidtranscode_cv_fxns.oe674 (.text:algInit:TRIK_VIDTRANSCODE_CV_initObj)
                  cd2b4960    000000a0     osal.ae674 : Loader_noOS.oe674 (.text:cleanup)
                  cd2b4a00    000000a0     rts6740_elf.lib : lowlev.obj (.text:finddevice)
                  cd2b4aa0    000000a0     ce.ae674 : Engine.oe674 (.text:getDescListElem)
                  cd2b4b40    000000a0              : Engine.oe674 (.text:getStubFxns)
                  cd2b4be0    000000a0     rts6740_elf.lib : lowlev.obj (.text:lseek)
                  cd2b4c80    000000a0     dsp_server_pe674.oe674 (.text:malloc)
                  cd2b4d20    000000a0     rts6740_elf.lib : memcpy64.obj (.text:memcpy)
                  cd2b4dc0    000000a0     osal.ae674 : Memory_BIOS.oe674 (.text:ti_sdo_ce_osal_Memory_getHeapId)
                  cd2b4e60    000000a0                : Memory_BIOS.oe674 (.text:ti_sdo_ce_osal_Memory_segStat)
                  cd2b4f00    000000a0     syscbuf.ae674 : SysCBuf.oe674 (.text:ti_sdo_ce_utils_syscbuf_SysCBuf_Module_startup__F)
                  cd2b4fa0    000000a0                   : SysCBuf.oe674 (.text:ti_sdo_ce_utils_syscbuf_SysCBuf_bind__F)
                  cd2b5040    000000a0     dsp_server_pe674.oe674 (.text:ti_sdo_ipc_gates_GateMPSupportNull_Object__create__S)
                  cd2b50e0    000000a0     ipc.ae674 : Ipc.obj (.text:ti_sdo_ipc_gates_GatePeterson_leave__E)
                  cd2b5180    000000a0               : Ipc.obj (.text:ti_sdo_ipc_notifyDrivers_NotifyDriverShm_Instance_finalize__F)
                  cd2b5220    000000a0               : Ipc.obj (.text:ti_sdo_ipc_transports_TransportShmSetup_detach__E)
                  cd2b52c0    000000a0     sysbios.ae674 : BIOS.obj (.text:ti_sysbios_family_c64p_Hwi_eventMap__E)
                  cd2b5360    000000a0                   : BIOS.obj (.text:ti_sysbios_family_c64p_Hwi_getStackInfo__E)
                  cd2b5400    000000a0                   : BIOS.obj (.text:ti_sysbios_gates_GateSwi_leave__E)
                  cd2b54a0    000000a0                   : BIOS.obj (.text:ti_sysbios_heaps_HeapMem_init__I)
                  cd2b5540    000000a0                   : BIOS.obj (.text:ti_sysbios_knl_Idle_run__E)
                  cd2b55e0    000000a0     dsp_server_pe674.oe674 (.text:ti_sysbios_knl_Semaphore_Object__create__S)
                  cd2b5680    000000a0     sysbios.ae674 : BIOS.obj (.text:ti_sysbios_knl_Semaphore_pendTimeout__I)
                  cd2b5720    000000a0                   : BIOS.obj (.text:ti_sysbios_knl_Task_processVitalTaskFlag__I)
                  cd2b57c0    000000a0                   : BIOS.obj (.text:ti_sysbios_syncs_SyncSem_wait__F)
                  cd2b5860    000000a0                   : BIOS.obj (.text:ti_sysbios_timers_timer64_Timer_stop__E)
                  cd2b5900    000000a0     dsp_server_pe674.oe674 (.text:ti_sysbios_xdcruntime_SemProcessSupport_Object__create__S)
                  cd2b59a0    000000a0     sysbios.ae674 : BIOS.obj (.text:ti_sysbios_xdcruntime_SemProcessSupport_pend__F)
                  cd2b5a40    000000a0     dsp_server_pe674.oe674 (.text:ti_sysbios_xdcruntime_SemThreadSupport_Object__create__S)
                  cd2b5ae0    000000a0     rts6740_elf.lib : lowlev.obj (.text:write)
                  cd2b5b80    000000a0     ti.targets.rts6000.ae674 : Assert.oe674 (.text:xdc_runtime_Assert_raise__I)
                  cd2b5c20    000000a0                              : Registry.oe674 (.text:xdc_runtime_Registry_addModule__F)
                  cd2b5cc0    000000a0                              : Registry.oe674 (.text:xdc_runtime_Registry_findByName__F)
                  cd2b5d60    000000a0                              : SysMin.oe674 (.text:xdc_runtime_SysMin_abort__F)
                  cd2b5e00    000000a0                              : SysMin.oe674 (.text:xdc_runtime_SysMin_flush__F)
                  cd2b5ea0    000000a0                              : SysMin.oe674 (.text:xdc_runtime_SysMin_putch__F)
                  cd2b5f40    00000080     ce.ae674 : Engine.oe674 (.text:Engine_ctrlNode)
                  cd2b5fc0    00000080     ipc.ae674 : Ipc.obj (.text:HeapBufMP_Params_init)
                  cd2b6040    00000080     node.ae674 : node_crea.oe674 (.text:_NODE_createFxn)
                  cd2b60c0    00000080     rts6740_elf.lib : fixdu.obj (.text:__c6xabi_fixdu)
                  cd2b6140    00000080                     : fixfu.obj (.text:__c6xabi_fixfu)
                  cd2b61c0    00000080                     : llshift.obj (.text:__c6xabi_llshl)
                  cd2b6240    00000080     sysbios.ae674 : c62_TaskSupport_asm.obj (.text:_ti_sysbios_family_c62_TaskSupport_swap__E)
                  cd2b62c0    00000080     ce.ae674 : Engine.oe674 (.text:callServer)
                  cd2b6340    00000080     dskt2.ae674 : dskt2_seg.oe674 (.text)
                  cd2b63c0    00000080     ce.ae674 : rms.oe674 (.text:freeInst)
                  cd2b6440    00000080     rts6740_elf.lib : trgmsg.obj (.text:readmsg)
                  cd2b64c0    00000080     ipc.ae674 : Ipc.obj (.text:ti_sdo_ipc_family_da830_NotifySetup_sharedMemReq__E)
                  cd2b6540    00000080               : Ipc.obj (.text:ti_sdo_ipc_nsremote_NameServerRemoteNotify_detach__E)
                  cd2b65c0    00000080               : Ipc.obj (.text:ti_sdo_ipc_transports_TransportShm_swiFxn__I)
                  cd2b6640    00000080     dsp_server_pe674.oe674 (.text:ti_sdo_utils_List_Object__create__S)
                  cd2b66c0    00000080     dsp_server_pe674.oe674 (.text:ti_sysbios_BIOS_exitFunc__I)
                  cd2b6740    00000080     sysbios.ae674 : BIOS.obj (.text:ti_sysbios_family_c64p_Cache_invL1pAll__E)
                  cd2b67c0    00000080                   : BIOS.obj (.text:ti_sysbios_family_c64p_Cache_wbInvAll__E)
                  cd2b6840    00000080     dsp_server_pe674.oe674 (.text:ti_sysbios_gates_GateAll_Object__create__S)
                  cd2b68c0    00000080     dsp_server_pe674.oe674 (.text:ti_sysbios_gates_GateHwi_Object__create__S)
                  cd2b6940    00000080     dsp_server_pe674.oe674 (.text:ti_sysbios_gates_GateMutexPri_Object__create__S)
                  cd2b69c0    00000080     dsp_server_pe674.oe674 (.text:ti_sysbios_gates_GateMutex_Object__create__S)
                  cd2b6a40    00000080     dsp_server_pe674.oe674 (.text:ti_sysbios_gates_GateSwi_Object__create__S)
                  cd2b6ac0    00000080     sysbios.ae674 : BIOS.obj (.text:ti_sysbios_hal_Hwi_checkStack:ti_sysbios_hal_Hwi_checkStack)
                  cd2b6b40    00000080                   : BIOS.obj (.text:ti_sysbios_hal_Hwi_initStack:ti_sysbios_hal_Hwi_initStack)
                  cd2b6bc0    00000080     dsp_server_pe674.oe674 (.text:ti_sysbios_heaps_HeapMem_Object__create__S)
                  cd2b6c40    00000080     sysbios.ae674 : BIOS.obj (.text:ti_sysbios_knl_Clock_Module_startup__F)
                  cd2b6cc0    00000080     dsp_server_pe674.oe674 (.text:ti_sysbios_knl_Clock_doTick__I)
                  cd2b6d40    00000080     sysbios.ae674 : BIOS.obj (.text:ti_sysbios_knl_Clock_getTicks__E)
                  cd2b6dc0    00000080     dsp_server_pe674.oe674 (.text:ti_sysbios_knl_Queue_Object__create__S)
                  cd2b6e40    00000080     sysbios.ae674 : BIOS.obj (.text:ti_sysbios_knl_Swi_startup__E)
                  cd2b6ec0    00000080                   : BIOS.obj (.text:ti_sysbios_knl_Task_restore__E)
                  cd2b6f40    00000080                   : BIOS.obj (.text:ti_sysbios_timers_timer64_Timer_getExpiredCounts__E)
                  cd2b6fc0    00000080                   : BIOS.obj (.text:ti_sysbios_timers_timer64_Timer_getPeriod__E)
                  cd2b7040    00000080     dsp_server_pe674.oe674 (.text:ti_sysbios_xdcruntime_GateProcessSupport_Object__create__S)
                  cd2b70c0    00000080     dsp_server_pe674.oe674 (.text:ti_sysbios_xdcruntime_GateThreadSupport_Object__create__S)
                  cd2b7140    00000080     sysbios.ae674 : BIOS.obj (.text:ti_sysbios_xdcruntime_SemProcessSupport_Instance_init__F)
                  cd2b71c0    00000080                   : BIOS.obj (.text:ti_sysbios_xdcruntime_SemThreadSupport_Instance_init__F)
                  cd2b7240    00000080                   : BIOS.obj (.text:ti_sysbios_xdcruntime_ThreadSupport_Instance_finalize__F)
                  cd2b72c0    00000080     trik_vidtranscode_cv.ae674 : vidtranscode_cv.oe674 (.text:trikCvHandleDestroy)
                  cd2b7340    00000080     rts6740_elf.lib : lowlev.obj (.text:unlink)
                  cd2b73c0    00000080     ti.targets.rts6000.ae674 : Core-label.oe674 (.text:xdc_runtime_Core_assignLabel__I)
                  cd2b7440    00000080                              : Core-params.oe674 (.text:xdc_runtime_Core_assignParams__I)
                  cd2b74c0    00000080                              : Registry.oe674 (.text:xdc_runtime_Registry_findByNamePattern__F)
                  cd2b7540    00000080                              : Registry.oe674 (.text:xdc_runtime_Registry_matchPattern__I)
                  cd2b75c0    00000080     dsp_server_pe674.oe674 (.text:xdc_runtime_SysMin_output__I)
                  cd2b7640    00000080     ti.targets.rts6000.ae674 : System.oe674 (.text:xdc_runtime_System_atexit__F)
                  cd2b76c0    00000080                              : System.oe674 (.text:xdc_runtime_System_rtsExit__I)
                  cd2b7740    00000080                              : Text.oe674 (.text:xdc_runtime_Text_printVisFxn__I)
                  cd2b77c0    00000080                              : Text.oe674 (.text:xdc_runtime_Text_xprintf__I)
                  cd2b7840    00000080                              : SemProcess.oe674 (.text:xdc_runtime_knl_SemProcess_Instance_init__F)
                  cd2b78c0    00000080                              : SemThread.oe674 (.text:xdc_runtime_knl_SemThread_Instance_init__F)
                  cd2b7940    00000060     ipc_bios.ae674 : Comm_BIOS.oe674 (.text:Comm_delete)
                  cd2b79a0    00000060     ipc.ae674 : Ipc.obj (.text:GateMP_Params_init)
                  cd2b7a00    00000060               : Ipc.obj (.text:HeapMemMP_Params_init)
                  cd2b7a60    00000060     dsp_server_pe674.oe674 (.text:IPC_threadGeneratedInit)
                  cd2b7ac0    00000060     node.ae674 : node_start.oe674 (.text:NODE_start)
                  cd2b7b20    00000060                : node_stat.oe674 (.text:NODE_stat)
                  cd2b7b80    00000060     ce.ae674 : rms.oe674 (.text:RMS_run)
                  cd2b7be0    00000060     trik_vidtranscode_cv.ae674 : vidtranscode_cv.oe674 (.text:_ZNSt8auto_ptrIN4trik2cv11CVAlgorithmEE5resetEPS2_)
                  cd2b7c40    00000060     rts6740_elf.lib : assert.obj (.text:__c6xabi_abort_msg)
                  cd2b7ca0    00000060                     : imath64.obj (.text:_subcull)
                  cd2b7d00    00000060     trik_vidtranscode_cv.ae674 : vidtranscode_cv_fxns.oe674 (.text:algFree:TRIK_VIDTRANSCODE_CV_free)
                  cd2b7d60    00000060     ce.ae674 : Engine.oe674 (.text:collectDspTrace)
                  cd2b7dc0    00000060              : rms.oe674 (.text:formatNum)
                  cd2b7e20    00000060              : Engine.oe674 (.text:freeNode)
                  cd2b7e80    00000060              : rms.oe674 (.text:getMemRecs)
                  cd2b7ee0    00000060              : Server.oe674 (.text:getServerStatus)
                  cd2b7f40    00000060     rts6740_elf.lib : memccpy.obj (.text:memccpy)
                  cd2b7fa0    00000060                     : modff.obj (.text:modff)
                  cd2b8000    00000060                     : sprintf.obj (.text:sprintf)
                  cd2b8060    00000060                     : strpbrk.obj (.text:strpbrk)
                  cd2b80c0    00000060     dsp_server_pe674.oe674 (.text:ti_sdo_ipc_GateMP_Object__delete__S)
                  cd2b8120    00000060     dsp_server_pe674.oe674 (.text:ti_sdo_ipc_ListMP_Object__delete__S)
                  cd2b8180    00000060     dsp_server_pe674.oe674 (.text:ti_sdo_ipc_MessageQ_Object__delete__S)
                  cd2b81e0    00000060     dsp_server_pe674.oe674 (.text:ti_sdo_ipc_Notify_Object__delete__S)
                  cd2b8240    00000060     dsp_server_pe674.oe674 (.text:ti_sdo_ipc_gates_GateMPSupportNull_Handle__label__S)
                  cd2b82a0    00000060     dsp_server_pe674.oe674 (.text:ti_sdo_ipc_gates_GateMPSupportNull_Object__delete__S)
                  cd2b8300    00000060     dsp_server_pe674.oe674 (.text:ti_sdo_ipc_gates_GatePeterson_Handle__label__S)
                  cd2b8360    00000060     ipc.ae674 : Ipc.obj (.text:ti_sdo_ipc_gates_GatePeterson_Instance_finalize__F)
                  cd2b83c0    00000060     dsp_server_pe674.oe674 (.text:ti_sdo_ipc_gates_GatePeterson_Object__delete__S)
                  cd2b8420    00000060     dsp_server_pe674.oe674 (.text:ti_sdo_ipc_heaps_HeapBufMP_Handle__label__S)
                  cd2b8480    00000060     dsp_server_pe674.oe674 (.text:ti_sdo_ipc_heaps_HeapBufMP_Object__delete__S)
                  cd2b84e0    00000060     dsp_server_pe674.oe674 (.text:ti_sdo_ipc_heaps_HeapMemMP_Handle__label__S)
                  cd2b8540    00000060     dsp_server_pe674.oe674 (.text:ti_sdo_ipc_heaps_HeapMemMP_Object__delete__S)
                  cd2b85a0    00000060     dsp_server_pe674.oe674 (.text:ti_sdo_ipc_notifyDrivers_NotifyDriverShm_Handle__label__S)
                  cd2b8600    00000060     dsp_server_pe674.oe674 (.text:ti_sdo_ipc_notifyDrivers_NotifyDriverShm_Object__delete__S)
                  cd2b8660    00000060     ipc.ae674 : Ipc.obj (.text:ti_sdo_ipc_notifyDrivers_NotifyDriverShm_setNotifyHandle__E)
                  cd2b86c0    00000060     dsp_server_pe674.oe674 (.text:ti_sdo_ipc_nsremote_NameServerRemoteNotify_Handle__label__S)
                  cd2b8720    00000060     dsp_server_pe674.oe674 (.text:ti_sdo_ipc_nsremote_NameServerRemoteNotify_Object__delete__S)
                  cd2b8780    00000060     ipc.ae674 : Ipc.obj (.text:ti_sdo_ipc_transports_TransportShmSetup_sharedMemReq__E)
                  cd2b87e0    00000060     dsp_server_pe674.oe674 (.text:ti_sdo_ipc_transports_TransportShm_Handle__label__S)
                  cd2b8840    00000060     dsp_server_pe674.oe674 (.text:ti_sdo_ipc_transports_TransportShm_Object__delete__S)
                  cd2b88a0    00000060     sysbios.ae674 : BIOS.obj (.text:ti_sysbios_BIOS_registerRTSLock__I)
                  cd2b8900    00000060                   : BIOS.obj (.text:ti_sysbios_BIOS_rtsLock__I)
                  cd2b8960    00000060                   : BIOS.obj (.text:ti_sysbios_family_c62_TaskSupport_stackUsed__E)
                  cd2b89c0    00000060                   : BIOS.obj (.text:ti_sysbios_family_c62_TaskSupport_start__E)
                  cd2b8a20    00000060                   : BIOS.obj (.text:ti_sysbios_family_c64p_Cache_setMar__E)
                  cd2b8a80    00000060                   : BIOS.obj (.text:ti_sysbios_family_c64p_Cache_wait__E)
                  cd2b8ae0    00000060     dsp_server_pe674.oe674 (.text:ti_sysbios_family_c64p_Hwi_Object__delete__S)
                  cd2b8b40    00000060     dsp_server_pe674.oe674 (.text:ti_sysbios_gates_GateAll_Handle__label__S)
                  cd2b8ba0    00000060     dsp_server_pe674.oe674 (.text:ti_sysbios_gates_GateAll_Object__delete__S)
                  cd2b8c00    00000060     sysbios.ae674 : BIOS.obj (.text:ti_sysbios_gates_GateAll_enter__E)
                  cd2b8c60    00000060     dsp_server_pe674.oe674 (.text:ti_sysbios_gates_GateHwi_Handle__label__S)
                  cd2b8cc0    00000060     dsp_server_pe674.oe674 (.text:ti_sysbios_gates_GateHwi_Object__delete__S)
                  cd2b8d20    00000060     dsp_server_pe674.oe674 (.text:ti_sysbios_gates_GateMutexPri_Handle__label__S)
                  cd2b8d80    00000060     dsp_server_pe674.oe674 (.text:ti_sysbios_gates_GateMutexPri_Object__delete__S)
                  cd2b8de0    00000060     dsp_server_pe674.oe674 (.text:ti_sysbios_gates_GateMutex_Handle__label__S)
                  cd2b8e40    00000060     sysbios.ae674 : BIOS.obj (.text:ti_sysbios_gates_GateMutex_Instance_init__F)
                  cd2b8ea0    00000060     dsp_server_pe674.oe674 (.text:ti_sysbios_gates_GateMutex_Object__delete__S)
                  cd2b8f00    00000060     dsp_server_pe674.oe674 (.text:ti_sysbios_gates_GateSwi_Handle__label__S)
                  cd2b8f60    00000060     dsp_server_pe674.oe674 (.text:ti_sysbios_gates_GateSwi_Object__delete__S)
                  cd2b8fc0    00000060     dsp_server_pe674.oe674 (.text:ti_sysbios_heaps_HeapMem_Handle__label__S)
                  cd2b9020    00000060     dsp_server_pe674.oe674 (.text:ti_sysbios_heaps_HeapMem_Object__delete__S)
                  cd2b9080    00000060     dsp_server_pe674.oe674 (.text:ti_sysbios_knl_Semaphore_Object__delete__S)
                  cd2b90e0    00000060     sysbios.ae674 : BIOS.obj (.text:ti_sysbios_knl_Swi_Module_startup__F)
                  cd2b9140    00000060     dsp_server_pe674.oe674 (.text:ti_sysbios_knl_Task_Object__delete__S)
                  cd2b91a0    00000060     sysbios.ae674 : BIOS.obj (.text:ti_sysbios_knl_Task_enter__I)
                  cd2b9200    00000060     dsp_server_pe674.oe674 (.text:ti_sysbios_syncs_SyncSem_Handle__label__S)
                  cd2b9260    00000060     dsp_server_pe674.oe674 (.text:ti_sysbios_syncs_SyncSem_Object__delete__S)
                  cd2b92c0    00000060     dsp_server_pe674.oe674 (.text:ti_sysbios_xdcruntime_GateProcessSupport_Object__delete__S)
                  cd2b9320    00000060     dsp_server_pe674.oe674 (.text:ti_sysbios_xdcruntime_GateThreadSupport_Object__delete__S)
                  cd2b9380    00000060     dsp_server_pe674.oe674 (.text:ti_sysbios_xdcruntime_SemProcessSupport_Object__delete__S)
                  cd2b93e0    00000060     dsp_server_pe674.oe674 (.text:ti_sysbios_xdcruntime_SemThreadSupport_Object__delete__S)
                  cd2b9440    00000060     dsp_server_pe674.oe674 (.text:ti_sysbios_xdcruntime_ThreadSupport_Object__delete__S)
                  cd2b94a0    00000060     sysbios.ae674 : BIOS.obj (.text:ti_sysbios_xdcruntime_ThreadSupport_stat__F)
                  cd2b9500    00000060     ti.syslink.ipc.rtos.ae674 : Syslink.oe674 (.text:ti_syslink_ipc_rtos_Syslink_attach)
                  cd2b9560    00000060     rts6740_elf.lib : trgmsg.obj (.text:writemsg)
                  cd2b95c0    00000060     dsp_server_pe674.oe674 (.text:xdc_runtime_GateNull_Handle__label__S)
                  cd2b9620    00000060     dsp_server_pe674.oe674 (.text:xdc_runtime_GateNull_Object__create__S)
                  cd2b9680    00000060     dsp_server_pe674.oe674 (.text:xdc_runtime_GateNull_Object__delete__S)
                  cd2b96e0    00000060     ti.targets.rts6000.ae674 : Memory.oe674 (.text:xdc_runtime_Memory_calloc__F)
                  cd2b9740    00000060                              : Memory.oe674 (.text:xdc_runtime_Memory_valloc__F)
                  cd2b97a0    00000060                              : SysMin.oe674 (.text:xdc_runtime_SysMin_Module_startup__F)
                  cd2b9800    00000060                              : SysMin.oe674 (.text:xdc_runtime_SysMin_exit__F)
                  cd2b9860    00000060                              : System.oe674 (.text:xdc_runtime_System_aprintf_va__F)
                  cd2b98c0    00000060                              : System.oe674 (.text:xdc_runtime_System_printf_va__F)
                  cd2b9920    00000060                              : Text.oe674 (.text:xdc_runtime_Text_cordText__F)
                  cd2b9980    00000060     dsp_server_pe674.oe674 (.text:xdc_runtime_knl_GateProcess_Handle__label__S)
                  cd2b99e0    00000060     dsp_server_pe674.oe674 (.text:xdc_runtime_knl_GateProcess_Object__delete__S)
                  cd2b9a40    00000060     dsp_server_pe674.oe674 (.text:xdc_runtime_knl_GateThread_Handle__label__S)
                  cd2b9aa0    00000060     dsp_server_pe674.oe674 (.text:xdc_runtime_knl_GateThread_Object__delete__S)
                  cd2b9b00    00000060     dsp_server_pe674.oe674 (.text:xdc_runtime_knl_SemProcess_Handle__label__S)
                  cd2b9b60    00000060     dsp_server_pe674.oe674 (.text:xdc_runtime_knl_SemProcess_Object__delete__S)
                  cd2b9bc0    00000060     dsp_server_pe674.oe674 (.text:xdc_runtime_knl_SemThread_Handle__label__S)
                  cd2b9c20    00000060     dsp_server_pe674.oe674 (.text:xdc_runtime_knl_SemThread_Object__delete__S)
                  cd2b9c80    00000060     dsp_server_pe674.oe674 (.text:xdc_runtime_knl_Thread_Object__delete__S)
                  cd2b9ce0    00000040     Algorithm_BIOS.ae674 : Algorithm_BIOS.oe674 (.text:Algorithm_exit)
                  cd2b9d20    00000040     ipc_bios.ae674 : Comm_BIOS.oe674 (.text:Comm_alloc)
                  cd2b9d60    00000040                    : Comm_BIOS.oe674 (.text:Comm_get)
                  cd2b9da0    00000040     dsp_server_pe674.oe674 (.text:DSKT2_cfgInit)
                  cd2b9de0    00000040     ce.ae674 : Engine.oe674 (.text:Engine_getLocalEngine)
                  cd2b9e20    00000040              : Engine.oe674 (.text:Engine_getMemId)
                  cd2b9e60    00000040              : Engine.oe674 (.text:Engine_getNodeQueues)
                  cd2b9ea0    00000040              : Engine.oe674 (.text:Engine_initAlgDesc)
                  cd2b9ee0    00000040     osal.ae674 : Queue.oe674 (.text:Queue_extract)
                  cd2b9f20    00000040                : Queue.oe674 (.text:Queue_get)
                  cd2b9f60    00000040                : Queue.oe674 (.text:Queue_put)
                  cd2b9fa0    00000040     dsp_server_pe674.oe674 (.text:RMAN_autoRegister)
                  cd2b9fe0    00000040     osal.ae674 : Trace_SysCBuf.oe674 (.text:Trace_fillBuf)
                  cd2ba020    00000040                : Trace_SysCBuf.oe674 (.text:Trace_init)
                  cd2ba060    00000040     ce.ae674 : visa.oe674 (.text:VISA_getAlgHandle)
                  cd2ba0a0    00000040     trik_vidtranscode_cv.ae674 : vidtranscode_cv.oe674 (.text:_Z37handleSetupImageDescCreateCVAlgorithmPK12TrikCvHandleR20TrikCvPersistentDataRK15TrikCvImageDescS6_)
                  cd2ba0e0    00000040                                : vidtranscode_cv.oe674 (.text:_ZNSt8auto_ptrIN4trik2cv11CVAlgorithmEED1Ev)
                  cd2ba120    00000040                                : vidtranscode_cv.oe674 (.text:_ZSt5ceilff)
                  cd2ba160    00000040     rts6740_elf.lib : frcmpyd_div.obj (.text:__c6xabi_frcmpyd_div)
                  cd2ba1a0    00000040                     : isinf.obj (.text:__c6xabi_isinf)
                  cd2ba1e0    00000040                     : _printfi.obj (.text:__c6xabi_isnan)
                  cd2ba220    00000040                     : llshift.obj (.text:__c6xabi_llshru)
                  cd2ba260    00000040                     : strasg.obj (.text:__strasgi_64plus)
                  cd2ba2a0    00000040                     : args_main.obj (.text:_args_main)
                  cd2ba2e0    00000040                     : sprintf.obj (.text:_outs)
                  cd2ba320    00000040     sysbios.ae674 : c62_TaskSupport_asm.obj (.text:_ti_sysbios_family_c62_TaskSupport_buildTaskStack)
                  cd2ba360    00000040                   : c64p_Hwi_asm_switch.obj (.text:_ti_sysbios_family_xxx_Hwi_switchToIsrStack)
                  cd2ba3a0    00000040     trik_vidtranscode_cv.ae674 : vidtranscode_cv_fxns.oe674 (.text:algAlloc:TRIK_VIDTRANSCODE_CV_alloc)
                  cd2ba3e0    00000040     dsp_server_pe674.oe674 (.text:free)
                  cd2ba420    00000040     ce.ae674 : rms.oe674 (.text:getCpuStat)
                  cd2ba460    00000040              : rms.oe674 (.text:getNumRecs)
                  cd2ba4a0    00000040     main.oe674 (.text)
                  cd2ba4e0    00000040     ce.ae674 : Engine.oe674 (.text:name2Uuid)
                  cd2ba520    00000040     ipc_bios.ae674 : Processor_noOS.oe674 (.text:perCoreHeapId)
                  cd2ba560    00000040                    : Processor_noOS.oe674 (.text:perCoreMsgSize)
                  cd2ba5a0    00000040                    : Processor_noOS.oe674 (.text:perCoreNumMsgs)
                  cd2ba5e0    00000040                    : Processor_noOS.oe674 (.text:perCoreSharedRegionId)
                  cd2ba620    00000040                    : Processor_noOS.oe674 (.text:perCoreUserCreatedHeapFlag)
                  cd2ba660    00000040     node.ae674 : node_crea.oe674 (.text:runStub)
                  cd2ba6a0    00000040     dsp_server_pe674.oe674 (.text:ti_sdo_ce_osal_Memory_cfgInit)
                  cd2ba6e0    00000040     ipc.ae674 : Ipc.obj (.text:ti_sdo_ipc_family_da830_InterruptDsp_intClear__E)
                  cd2ba720    00000040               : Ipc.obj (.text:ti_sdo_ipc_family_da830_InterruptDsp_intSend__E)
                  cd2ba760    00000040               : Ipc.obj (.text:ti_sdo_ipc_gates_GatePeterson_sharedMemReq__E)
                  cd2ba7a0    00000040               : Ipc.obj (.text:ti_sdo_ipc_nsremote_NameServerRemoteNotify_sharedMemReq__E)
                  cd2ba7e0    00000040     dsp_server_pe674.oe674 (.text:ti_sdo_utils_NameServer_Module__startupDone__F)
                  cd2ba820    00000040     dsp_server_pe674.oe674 (.text:ti_sdo_utils_NameServer_Object__get__S)
                  cd2ba860    00000040     dsp_server_pe674.oe674 (.text:ti_sysbios_BIOS_startFunc__I)
                  cd2ba8a0    00000040     dsp_server_pe674.oe674 (.text:ti_sysbios_family_c64p_Hwi_Module__startupDone__F)
                  cd2ba8e0    00000040     sysbios.ae674 : BIOS.obj (.text:ti_sysbios_family_c64p_Hwi_disableInterrupt__E)
                  cd2ba920    00000040                   : BIOS.obj (.text:ti_sysbios_family_c64p_Hwi_enableInterrupt__E)
                  cd2ba960    00000040                   : BIOS.obj (.text:ti_sysbios_family_c64p_primus_TimerSupport_enable__E)
                  cd2ba9a0    00000040                   : BIOS.obj (.text:ti_sysbios_gates_GateMutexPri_Instance_init__F)
                  cd2ba9e0    00000040     dsp_server_pe674.oe674 (.text:ti_sysbios_gates_GateMutexPri_Object__destruct__S)
                  cd2baa20    00000040     sysbios.ae674 : BIOS.obj (.text:ti_sysbios_gates_GateMutex_leave__E)
                  cd2baa60    00000040     dsp_server_pe674.oe674 (.text:ti_sysbios_hal_Timer_Module__startupDone__F)
                  cd2baaa0    00000040     dsp_server_pe674.oe674 (.text:ti_sysbios_heaps_HeapMem_Object__get__S)
                  cd2baae0    00000040     dsp_server_pe674.oe674 (.text:ti_sysbios_knl_Semaphore_Object__destruct__S)
                  cd2bab20    00000040     dsp_server_pe674.oe674 (.text:ti_sysbios_knl_Swi_Object__destruct__S)
                  cd2bab60    00000040     dsp_server_pe674.oe674 (.text:ti_sysbios_knl_Swi_Object__get__S)
                  cd2baba0    00000040     dsp_server_pe674.oe674 (.text:ti_sysbios_knl_Task_Object__get__S)
                  cd2babe0    00000040     dsp_server_pe674.oe674 (.text:ti_sysbios_timers_timer64_Timer_Module__startupDone__F)
                  cd2bac20    00000040     sysbios.ae674 : BIOS.obj (.text:ti_sysbios_xdcruntime_GateProcessSupport_Instance_init__F)
                  cd2bac60    00000040                   : BIOS.obj (.text:ti_sysbios_xdcruntime_GateThreadSupport_Instance_init__F)
                  cd2baca0    00000040                   : BIOS.obj (.text:ti_sysbios_xdcruntime_SemProcessSupport_post__F)
                  cd2bace0    00000040                   : BIOS.obj (.text:ti_sysbios_xdcruntime_SemThreadSupport_post__F)
                  cd2bad20    00000040     ti.syslink.ipc.rtos.ae674 : Syslink.oe674 (.text:ti_syslink_ipc_rtos_Syslink_detach)
                  cd2bad60    00000040     trik_vidtranscode_cv.ae674 : vidtranscode_cv.oe674 (.text:trikCvHandleInit)
                  cd2bada0    00000040     ti.targets.rts6000.ae674 : Error.oe674 (.text:xdc_runtime_Error_check__F)
                  cd2bade0    00000040                              : Error.oe674 (.text:xdc_runtime_Error_init__F)
                  cd2bae20    00000040                              : Memory.oe674 (.text:xdc_runtime_Memory_free__F)
                  cd2bae60    00000040                              : Memory.oe674 (.text:xdc_runtime_Memory_getStats__F)
                  cd2baea0    00000040                              : Registry.oe674 (.text:xdc_runtime_Registry_findById__F)
                  cd2baee0    00000040                              : System.oe674 (.text:xdc_runtime_System_abort__F)
                  cd2baf20    00000040     dsp_server_pe674.oe674 (.text:xdc_runtime_System_aprintf__E)
                  cd2baf60    00000040     dsp_server_pe674.oe674 (.text:xdc_runtime_System_printf__E)
                  cd2bafa0    00000040     ti.targets.rts6000.ae674 : Text.oe674 (.text:xdc_runtime_Text_matchRope__F)
                  cd2bafe0    00000040                              : Text.oe674 (.text:xdc_runtime_Text_ropeText__F)
                  cd2bb020    00000040                              : GateProcess.oe674 (.text:xdc_runtime_knl_GateProcess_Instance_finalize__F)
                  cd2bb060    00000040                              : GateThread.oe674 (.text:xdc_runtime_knl_GateThread_Instance_finalize__F)
                  cd2bb0a0    00000040                              : GateThread.oe674 (.text:xdc_runtime_knl_GateThread_Instance_init__F)
                  cd2bb0e0    00000040                              : SemProcess.oe674 (.text:xdc_runtime_knl_SemProcess_Instance_finalize__F)
                  cd2bb120    00000040                              : SemThread.oe674 (.text:xdc_runtime_knl_SemThread_Instance_finalize__F)
                  cd2bb160    00000040                              : Thread.oe674 (.text:xdc_runtime_knl_Thread_Instance_finalize__F)
                  cd2bb1a0    00000040                              : Thread.oe674 (.text:xdc_runtime_knl_Thread_self__E)
                  cd2bb1e0    00000020     Algorithm_BIOS.ae674 : Algorithm_BIOS.oe674 (.text:Algorithm_getAlgHandle)
                  cd2bb200    00000020                          : Algorithm_BIOS.oe674 (.text:Algorithm_getMemRecs)
                  cd2bb220    00000020                          : Algorithm_BIOS.oe674 (.text:Algorithm_getNumRecs)
                  cd2bb240    00000020     ipc_bios.ae674 : Comm_BIOS.oe674 (.text:Comm_free)
                  cd2bb260    00000020                    : Comm_BIOS.oe674 (.text:Comm_getId)
                  cd2bb280    00000020                    : Comm_BIOS.oe674 (.text:Comm_getMsgSize)
                  cd2bb2a0    00000020                    : Comm_BIOS.oe674 (.text:Comm_getSendersId)
                  cd2bb2c0    00000020                    : Comm_BIOS.oe674 (.text:Comm_init)
                  cd2bb2e0    00000020                    : Comm_BIOS.oe674 (.text:Comm_locate)
[...]
cd30f218   ti_sysbios_utils_Load_LS_taskLoad__C
cd30f21c   ti_sysbios_utils_Load_Module_State_taskList__O
cd30f220   ti_sysbios_utils_Load_Module__diagsEnabled__C
cd30f224   ti_sysbios_utils_Load_Module__diagsIncluded__C
cd30f228   ti_sysbios_utils_Load_Module__diagsMask__C
cd30f22c   ti_sysbios_utils_Load_Module__loggerFxn1__C
cd30f230   ti_sysbios_utils_Load_Module__loggerFxn2__C
cd30f234   ti_sysbios_utils_Load_Module__loggerFxn4__C
cd30f238   ti_sysbios_utils_Load_Module__loggerObj__C
cd30f23c   ti_sysbios_utils_Load_postUpdate__C
cd30f240   ti_sysbios_utils_Load_windowInMs__C
cd30f244   ti_sysbios_xdcruntime_GateProcessSupport_Instance_State_gate__O
cd30f248   ti_sysbios_xdcruntime_GateThreadSupport_Instance_State_gate__O
cd30f24c   ti_sysbios_xdcruntime_SemProcessSupport_Instance_State_sem__O
cd30f250   ti_sysbios_xdcruntime_SemThreadSupport_Instance_State_sem__O
cd30f254   ti_sysbios_xdcruntime_ThreadSupport_E_priority__C
cd30f258   ti_sysbios_xdcruntime_ThreadSupport_Instance_State_join_sem__O
cd30f25c   ti_sysbios_xdcruntime_ThreadSupport_L_finish__C
cd30f260   ti_sysbios_xdcruntime_ThreadSupport_L_join__C
cd30f264   ti_sysbios_xdcruntime_ThreadSupport_L_start__C
cd30f268   ti_sysbios_xdcruntime_ThreadSupport_Module__diagsEnabled__C
cd30f26c   ti_sysbios_xdcruntime_ThreadSupport_Module__diagsIncluded__C
cd30f270   ti_sysbios_xdcruntime_ThreadSupport_Module__diagsMask__C
cd30f274   ti_sysbios_xdcruntime_ThreadSupport_Module__loggerFxn1__C
cd30f278   ti_sysbios_xdcruntime_ThreadSupport_Module__loggerObj__C
cd30f27c   ti_sysbios_xdcruntime_ThreadSupport_aboveNormalPriority__C
cd30f280   ti_sysbios_xdcruntime_ThreadSupport_belowNormalPriority__C
cd30f284   ti_sysbios_xdcruntime_ThreadSupport_highestPriority__C
cd30f288   ti_sysbios_xdcruntime_ThreadSupport_lowestPriority__C
cd30f28c   ti_sysbios_xdcruntime_ThreadSupport_normalPriority__C
cd30f290   xdc_runtime_Assert_E_assertFailed__C
cd30f294   xdc_runtime_Core_A_initializedParams__C
cd30f298   xdc_runtime_Core_Module__diagsEnabled__C
cd30f29c   xdc_runtime_Core_Module__diagsIncluded__C
cd30f2a0   xdc_runtime_Core_Module__diagsMask__C
cd30f2a4   xdc_runtime_Diags_dictBase__C
cd30f2a8   xdc_runtime_Error_E_generic__C
cd30f2ac   xdc_runtime_Error_E_memory__C
cd30f2b0   xdc_runtime_Error_Module__diagsEnabled__C
cd30f2b4   xdc_runtime_Error_Module__diagsIncluded__C
cd30f2b8   xdc_runtime_Error_Module__diagsMask__C
cd30f2bc   xdc_runtime_Error_Module__loggerFxn8__C
cd30f2c0   xdc_runtime_Error_Module__loggerObj__C
cd30f2c4   xdc_runtime_Error_policy__C
cd30f2c8   xdc_runtime_Error_raiseHook__C
cd30f2cc   xdc_runtime_IGateProvider_Interface__BASE__C
cd30f2d0   xdc_runtime_IHeap_Interface__BASE__C
cd30f2d4   xdc_runtime_IModule_Interface__BASE__C
cd30f2d8   xdc_runtime_Log_L_error__C
cd30f2dc   xdc_runtime_Log_L_info__C
cd30f2e0   xdc_runtime_Main_Module__diagsEnabled__C
cd30f2e4   xdc_runtime_Main_Module__diagsIncluded__C
cd30f2e8   xdc_runtime_Main_Module__diagsMask__C
cd30f2ec   xdc_runtime_Main_Module__loggerFxn4__C
cd30f2f0   xdc_runtime_Main_Module__loggerFxn8__C
cd30f2f4   xdc_runtime_Main_Module__loggerObj__C
cd30f2f8   xdc_runtime_Memory_defaultHeapInstance__C
cd30f2fc   xdc_runtime_Registry_Module__diagsEnabled__C
cd30f300   xdc_runtime_Registry_Module__diagsIncluded__C
cd30f304   xdc_runtime_Registry_Module__diagsMask__C
cd30f308   xdc_runtime_Registry_Module__loggerFxn1__C
cd30f30c   xdc_runtime_Registry_Module__loggerFxn2__C
cd30f310   xdc_runtime_Registry_Module__loggerFxn4__C
cd30f314   xdc_runtime_Registry_Module__loggerFxn8__C
cd30f318   xdc_runtime_Registry_Module__loggerObj__C
cd30f31c   xdc_runtime_Startup_execImpl__C
cd30f320   xdc_runtime_Startup_lastFxns__A
cd30f324   xdc_runtime_Startup_maxPasses__C
cd30f328   xdc_runtime_Startup_sfxnRts__C
cd30f32c   xdc_runtime_Startup_sfxnTab__C
cd30f330   xdc_runtime_SysMin_bufSize__C
cd30f334   xdc_runtime_SysMin_outputFunc__C
cd30f338   xdc_runtime_System_Module__gateObj__C
cd30f33c   xdc_runtime_System_extendFxn__C
cd30f340   xdc_runtime_System_maxAtexitHandlers__C
cd30f344   xdc_runtime_Text_charTab__C
cd30f348   xdc_runtime_Text_nameEmpty__C
cd30f34c   xdc_runtime_Text_nameStatic__C
cd30f350   xdc_runtime_Text_nameUnknown__C
cd30f354   xdc_runtime_Text_nodeTab__C
cd30f358   xdc_runtime_Text_visitRopeFxn__C
cd30f35c   xdc_runtime_knl_GateProcess_A_invalidKey__C
cd30f360   xdc_runtime_knl_GateProcess_Module__diagsEnabled__C
cd30f364   xdc_runtime_knl_GateProcess_Module__diagsIncluded__C
cd30f368   xdc_runtime_knl_GateProcess_Module__diagsMask__C
cd30f36c   xdc_runtime_knl_ISemaphore_Interface__BASE__C
cd30f370   xdc_runtime_knl_ISync_Interface__BASE__C
cd30f374   xdc_runtime_knl_Thread_defaultStackSize__C
cd30f378   ti_sdo_ipc_GateMP_Module__id__C
cd30f37c   ti_sdo_ipc_GateMP_Module__loggerDefined__C
cd30f380   ti_sdo_ipc_Ipc_Module__id__C
cd30f384   ti_sdo_ipc_Ipc_generateSlaveDataForHost__C
cd30f388   ti_sdo_ipc_Ipc_sr0MemorySetup__C
cd30f38c   ti_sdo_ipc_ListMP_Module__id__C
cd30f390   ti_sdo_ipc_MessageQ_Module__id__C
cd30f394   ti_sdo_ipc_MessageQ_Module__loggerDefined__C
cd30f398   ti_sdo_ipc_Notify_Module__id__C
cd30f39c   ti_sdo_ipc_Notify_numLines__C
cd30f3a0   ti_sdo_ipc_Notify_reservedEvents__C
cd30f3a4   ti_sdo_ipc_SharedRegion_Module__id__C
cd30f3a8   ti_sdo_ipc_SharedRegion_numEntries__C
cd30f3ac   ti_sdo_ipc_SharedRegion_translate__C
cd30f3b0   ti_sdo_ipc_family_da830_InterruptDsp_Module__id__C
cd30f3b4   ti_sdo_ipc_family_da830_NotifySetup_useSecondLine__C
cd30f3b8   ti_sdo_ipc_gates_GateMPSupportNull_Module__id__C
cd30f3bc   ti_sdo_ipc_gates_GatePeterson_Module__id__C
cd30f3c0   ti_sdo_ipc_heaps_HeapBufMP_Module__id__C
cd30f3c4   ti_sdo_ipc_heaps_HeapBufMP_trackAllocs__C
cd30f3c8   ti_sdo_ipc_heaps_HeapMemMP_Module__id__C
cd30f3cc   ti_sdo_ipc_notifyDrivers_NotifyDriverShm_Module__id__C
cd30f3d0   ti_sdo_ipc_nsremote_NameServerRemoteNotify_Module__id__C
cd30f3d4   ti_sdo_ipc_transports_TransportShm_Module__id__C
cd30f3d8   ti_sdo_ipc_transports_TransportShm_notifyEventId__C
cd30f3dc   ti_sdo_utils_MultiProc_Module__id__C
cd30f3e0   ti_sdo_utils_MultiProc_numProcessors__C
cd30f3e4   ti_sdo_utils_MultiProc_numProcsInCluster__C
cd30f3e8   ti_sdo_utils_NameServer_Module__id__C
cd30f3ec   ti_sdo_utils_NameServer_singleProcessor__C
cd30f3f0   ti_sysbios_BIOS_Module__id__C
cd30f3f4   ti_sysbios_family_c64p_Exception_Module__id__C
cd30f3f8   ti_sysbios_family_c64p_Exception_enableExternalMPC__C
cd30f3fc   ti_sysbios_family_c64p_Exception_enablePrint__C
cd30f400   ti_sysbios_family_c64p_Exception_useInternalBuffer__C
cd30f404   ti_sysbios_family_c64p_Hwi_Module__id__C
cd30f408   ti_sysbios_family_c64p_Hwi_Module__loggerDefined__C
cd30f40c   ti_sysbios_gates_GateMutexPri_Module__id__C
cd30f410   ti_sysbios_gates_GateMutex_Module__id__C
cd30f414   ti_sysbios_gates_GateSwi_Module__id__C
cd30f418   ti_sysbios_hal_Hwi_Module__id__C
cd30f41c   ti_sysbios_heaps_HeapMem_Module__id__C
cd30f420   ti_sysbios_knl_Clock_Module__id__C
cd30f424   ti_sysbios_knl_Clock_Module__loggerDefined__C
cd30f428   ti_sysbios_knl_Semaphore_Module__id__C
cd30f42c   ti_sysbios_knl_Semaphore_Module__loggerDefined__C
cd30f430   ti_sysbios_knl_Swi_Module__id__C
cd30f434   ti_sysbios_knl_Swi_Module__loggerDefined__C
cd30f438   ti_sysbios_knl_Task_Module__id__C
cd30f43c   ti_sysbios_knl_Task_Module__loggerDefined__C
cd30f440   ti_sysbios_knl_Task_deleteTerminatedTasks__C
cd30f444   ti_sysbios_knl_Task_initStackFlag__C
cd30f448   ti_sysbios_syncs_SyncSem_Module__id__C
cd30f44c   ti_sysbios_timers_timer64_Timer_Module__id__C
cd30f450   ti_sysbios_timers_timer64_Timer_startupNeeded__C
cd30f454   ti_sysbios_utils_Load_Module__id__C
cd30f458   ti_sysbios_utils_Load_Module__loggerDefined__C
cd30f45c   ti_sysbios_utils_Load_autoAddTasks__C
cd30f460   ti_sysbios_utils_Load_hwiEnabled__C
cd30f464   ti_sysbios_utils_Load_swiEnabled__C
cd30f468   ti_sysbios_utils_Load_taskEnabled__C
cd30f46c   ti_sysbios_utils_Load_updateInIdle__C
cd30f470   ti_sysbios_xdcruntime_ThreadSupport_Module__id__C
cd30f474   ti_sysbios_xdcruntime_ThreadSupport_Module__loggerDefined__C
cd30f478   xdc_runtime_Core_Module__id__C
cd30f47c   xdc_runtime_Diags_setMaskEnabled__C
cd30f480   xdc_runtime_Error_Module__loggerDefined__C
cd30f484   xdc_runtime_Error_maxDepth__C
cd30f488   xdc_runtime_Main_Module__id__C
cd30f48c   xdc_runtime_Main_Module__loggerDefined__C
cd30f490   xdc_runtime_Memory_Module__id__C
cd30f494   xdc_runtime_Registry_Module__loggerDefined__C
cd30f498   xdc_runtime_SysMin_flushAtExit__C
cd30f49c   xdc_runtime_Text_charCnt__C
cd30f4a0   xdc_runtime_Text_isLoaded__C
cd30f4a4   xdc_runtime_Text_registryModsLastId__C
cd30f4a8   xdc_runtime_Text_unnamedModsLastId__C
cd30f4ac   xdc_runtime_knl_GateProcess_Module__id__C
cd30f4b0   ti_sdo_ipc_GateMP_Module_State_0_remoteSystemGates__A
cd30fcb0   Engine_config
cd30fcc4   RMS_config
cd30fcd0   DSKT2_cacheWBInvFxn
cd30fcd4   _DSKT2_ALLOW_EXTERNAL_SCRATCH
cd30fcd8   ti_sdo_fc_dskt2_DSKT2_disableLazyDeactivate
cd30fcda   RMAN_numRegistryEntries
cd30fcdc   RMAN_registryEntries
cd30fce0   RMAN_registryResmanArgs
cd30fce4   ti_sdo_fc_rman_RMAN_MAXALGS
cd30fce8   RMAN_PARAMS
cd30fcfc   NODE_config
cd30fd08   ti_sdo_ce_utils_syscbuf_SysCBuf_Module__state__V
cd30fd18   ti_sdo_ipc_GateMP_Module__root__V
cd30fd20   ti_sdo_ipc_GateMP_Module__state__V
cd30fd68   ti_sdo_ipc_Ipc_Module__state__V
cd30fd74   ti_sdo_ipc_ListMP_Module__root__V
cd30fd7c   ti_sdo_ipc_ListMP_Module__state__V
cd30fd80   ti_sdo_ipc_MessageQ_Module__root__V
cd30fd88   ti_sdo_ipc_MessageQ_Module__state__V
cd30fda4   ti_sdo_ipc_Notify_Module__root__V
cd30fdac   ti_sdo_ipc_Notify_Module__state__V
cd30fdb4   ti_sdo_ipc_SharedRegion_Module__state__V
cd30fdb8   ti_sdo_ipc_gates_GateMPSupportNull_Module__root__V
cd30fdc0   ti_sdo_ipc_gates_GatePeterson_Module__root__V
cd30fdc8   ti_sdo_ipc_heaps_HeapBufMP_Module__root__V
cd30fdd0   ti_sdo_ipc_heaps_HeapBufMP_Module__state__V
cd30fdd4   ti_sdo_ipc_heaps_HeapMemMP_Module__root__V
cd30fddc   ti_sdo_ipc_heaps_HeapMemMP_Module__state__V
cd30fde0   ti_sdo_ipc_notifyDrivers_NotifyDriverShm_Module__root__V
cd30fde8   ti_sdo_ipc_nsremote_NameServerRemoteNotify_Module__root__V
cd30fdf0   ti_sdo_ipc_transports_TransportShm_Module__root__V
cd30fdf8   ti_sdo_ipc_transports_TransportShmSetup_Module__state__V
cd30fdfc   ti_sdo_utils_List_Module__root__V
cd30fe04   ti_sdo_utils_MultiProc_Module__state__V
cd30fe08   ti_sdo_utils_NameServer_Module__root__V
cd30fe10   ti_sdo_utils_NameServer_Module__state__V
cd30fe18   ti_sdo_utils_NameServerRemoteNull_Module__root__V
cd30fe20   ti_sysbios_BIOS_Module__state__V
cd30fe40   ti_sysbios_family_c64p_Cache_Module__state__V
cd30fe44   ti_sysbios_family_c64p_Exception_Module__state__V
cd30fe74   ti_sysbios_family_c64p_Hwi_Module__root__V
cd30fe7c   ti_sysbios_family_c64p_Hwi_Module__state__V
cd30fee4   ti_sysbios_family_c64p_primus_TimerSupport_Module__state__V
cd30fee8   ti_sysbios_gates_GateAll_Module__root__V
cd30fef0   ti_sysbios_gates_GateHwi_Module__root__V
cd30fef8   ti_sysbios_gates_GateMutex_Module__root__V
cd30ff00   ti_sysbios_gates_GateMutexPri_Module__root__V
cd30ff08   ti_sysbios_gates_GateSwi_Module__root__V
cd30ff10   ti_sysbios_hal_Hwi_Module__root__V
cd30ff18   ti_sysbios_hal_Timer_Module__root__V
cd30ff20   ti_sysbios_heaps_HeapMem_Module__root__V
cd30ff28   ti_sysbios_knl_Clock_Module__root__V
cd30ff30   ti_sysbios_knl_Clock_Module__state__V
cd30ff58   ti_sysbios_knl_Queue_Module__root__V
cd30ff60   ti_sysbios_knl_Semaphore_Module__root__V
cd30ff68   ti_sysbios_knl_Swi_Module__root__V
cd30ff70   ti_sysbios_knl_Swi_Module__state__V
cd30ff8c   ti_sysbios_knl_Task_Module__root__V
cd30ff94   ti_sysbios_knl_Task_Module__state__V
cd30ffd8   ti_sysbios_syncs_SyncSem_Module__root__V
cd30ffe0   ti_sysbios_timers_timer64_Timer_Module__root__V
cd30ffe8   ti_sysbios_timers_timer64_Timer_Module__state__V
cd30fffc   ti_sysbios_utils_Load_Module__state__V
cd310078   ti_sysbios_xdcruntime_GateProcessSupport_Module__root__V
cd310080   ti_sysbios_xdcruntime_GateThreadSupport_Module__root__V
cd310088   ti_sysbios_xdcruntime_SemProcessSupport_Module__root__V
cd310090   ti_sysbios_xdcruntime_SemThreadSupport_Module__root__V
cd310098   ti_sysbios_xdcruntime_ThreadSupport_Module__root__V
cd3100a0   xdc_runtime_Error_Module__state__V
cd3100a4   xdc_runtime_GateNull_Module__root__V
cd3100ac   xdc_runtime_Memory_Module__state__V
cd3100b0   xdc_runtime_Registry_Module__state__V
cd3100b8   xdc_runtime_Startup_Module__state__V
cd3100c0   xdc_runtime_SysMin_Module__state__V
cd3100cc   xdc_runtime_System_Module__state__V
cd3100d8   xdc_runtime_Text_Module__state__V
cd3100e0   xdc_runtime_knl_GateProcess_Module__root__V
cd3100e8   xdc_runtime_knl_GateThread_Module__root__V
cd3100f0   xdc_runtime_knl_SemProcess_Module__root__V
cd3100f8   xdc_runtime_knl_SemThread_Module__root__V
cd310100   xdc_runtime_knl_Thread_Module__root__V
cd310108   __xdc__init__addr
cd31010c   _ft_end
cd310110   _ftable
cd3102f0   ti_sdo_utils_NameServer_Object__table__V
cd310408   Global_buildInfo
cd310640   ti_sdo_ipc_SharedRegion_Module_State_0_regions__A
cd3106d0   ti_sysbios_knl_Swi_Module_State_0_readyQ__A
cd310750   ti_sysbios_knl_Task_Module_State_0_readyQ__A
cd3108a8   ti_sysbios_timers_timer64_Timer_Module_State_0_device__A
cd310908   _DSKT2_DARAM_SCRATCH_SIZES
cd310958   _DSKT2_SARAM_SCRATCH_SIZES
cd3109a8   TSK_idle
cd3109a8   ti_sysbios_knl_Task_Object__table__V
cd3109f4   __errno
cd3109f4   errno
cd3109f8   ti_sysbios_timers_timer64_Timer_Object__table__V
cd310a44   _new_handler
cd310a48   ti_sysbios_heaps_HeapMem_Object__table__V
cd310a90   ti_sysbios_gates_GateMutex_Object__table__V
cd310ad0   RMS_nodeTab
cd310b40   ti_sysbios_knl_Swi_Object__table__V
cd310b7c   IRESMAN_NULLRES
cd310b9c   TRIK_VIDTRANSCODE_CV_FXNS
cd310b9c   TRIK_VIDTRANSCODE_CV_IALG
cd310bc8   ti_sdo_ipc_Ipc_Module_State_0_procEntry__A
cd310bf0   ti_sdo_ipc_MessageQ_Module_State_0_heaps__A
cd310c10   ti_sysbios_timers_timer64_Timer_Module_State_0_gctrl__A
cd310c30   ti_sysbios_timers_timer64_Timer_Module_State_0_handles__A
cd310c50   ti_sysbios_timers_timer64_Timer_Module_State_0_intFreqs__A
cd310c70   xdc_runtime_System_Module_State_0_atexitHandlers__A
cd310c90   ti_sysbios_family_c64p_Hwi_Object__table__V
cd310ca8   ti_sysbios_gates_GateMutexPri_Object__table__V
cd310cc0   Processor_ATTRS
cd310cd0   ti_sdo_ce_osal_Memory_DEFAULTPARAMS
cd310ce0   ti_sdo_ce_ipc_bios__Processor_commDescs
cd310cf0   ti_sdo_ipc_MessageQ_Module_State_0_transports__A
cd310d00   ti_sysbios_gates_GateAll_Object__table__V
cd310d10   Engine_ALGCREATEATTRS
cd310d18   Engine_ATTRS
cd310d1c   Comm_ATTRS
cd310d28   NODE_ATTRS
cd310d34   _cleanup_ptr
cd310d38   _dtors_ptr
cd310d3c   __TI_enable_exit_profile_output
cd310d40   ti_sdo_ce_osal_Memory_heapNames
cd310d50   ti_sysbios_gates_GateSwi_Object__table__V
cd310d5c   VIDTRANSCODE_SKEL
cd310d70   DSKT2_ALGATTRS
cd310d78   _lock
cd310d7c   _unlock
cd310d80   ti_sdo_ipc_Notify_Module_State_0_notifyHandles__A
cd310d88   ti_sdo_ipc_transports_TransportShmSetup_Module_State_0_handles__A
cd310d90   ti_sysbios_family_c64p_primus_TimerSupport_Module_State_0_suspSrc__A
cd310d98   ti_sysbios_hal_Hwi_Object__table__V
cd310da0   ti_sysbios_hal_Timer_Object__table__V
cd310db0   ti_sdo_ipc_GateMP_Module_State_0_remoteCustom2Gates__A
cd310db8   ti_sdo_ipc_Notify_Module_State_0_notifyHandles_0__A
cd310dc0   ti_sdo_ipc_Notify_Module_State_0_notifyHandles_1__A
cd310dc8   ti_sysbios_gates_GateHwi_Object__table__V
cd310dd0   ti_sysbios_knl_Task_Module_State_0_idleTask__A
cd310dd8   ti_sysbios_utils_Load_Module_State_0_runningTask__A
cd310de0   ti_sysbios_utils_Load_Module_State_0_taskStartTime__A
cd310de8   xdc_runtime_GateNull_Object__table__V
cd310df0   ti_sdo_ce_osal_bios_Global_CE_CHECK
cd310df8   ti_sdo_ce_osal_bios_Global_CE_DEBUG
cd310e00   _stack
cd311e00   DSKT2_allowExternalScratch
cd311e00   __TI_STACK_END
cd311e00   __TI_STATIC_BASE
cd311e04   ti_sdo_ce_osal_Memory_skipVirtualAddressTranslation
cd311e06   ti_sdo_ce_Engine_initFromServer
cd311e08   ti_sdo_ce_Server_skelCachingPolicy
cd311e0c   Global_useLinkArbiter
cd311e14   VISA_checked
cd311e18   _DSKT2_ipcKeyBase
cd311e1c   DSKT2_daram0Heap
cd311e20   DSKT2_daram1Heap
cd311e24   DSKT2_daram2Heap
cd311e28   DSKT2_saram0Heap
cd311e2c   DSKT2_saram1Heap
cd311e30   DSKT2_saram2Heap
cd311e34   DSKT2_iprogHeap
cd311e38   DSKT2_eprogHeap
cd311e3c   DSKT2_esdataHeap
cd311e40   _DSKT2_heap
cd311e44   ti_sdo_fc_rman_RMAN_ipcKey
cd311e48   ti_sdo_fc_rman_RMAN_setYieldArgs
cd311e4c   ti_sdo_fc_multiProcess
cd311e4e   ti_sdo_fc_useDNUM
cd311e50   ti_sdo_fc_useL3MemoryMap
cd311e54   NODE
cd311e58   ti_sdo_ce_ipc_bios_manageIpc
cd311e5c   Comm_MSGSIZE
cd311e60   Comm_NUMMSGS
cd311e64   ti_sdo_ce_ipc_bios__Processor_defaultSharedRegionId
cd311e66   ti_sdo_ce_ipc_bios__Processor_defaultHeapId
cd311e68   ti_sdo_ce_ipc_bios__Processor_defaultNumMsgs
cd311e6c   ti_sdo_ce_ipc_bios__Processor_defaultMsgSize
cd311e70   ti_sdo_ce_ipc_bios__Processor_numCommDescs
cd311e74   ti_sdo_ce_alg_Algorithm_useHeap
cd311e76   ti_sdo_ce_alg_Algorithm_useCache
cd311e78   ti_sdo_ce_alg_Algorithm_MAXGROUPID
cd311e7c   ti_sdo_ce_alg_Algorithm_ipcKey
cd311e80   Syslink_terminateEventId
cd311e84   Syslink_terminateEventLineId
cd311e88   Global_traceBufferSize
cd311e8c   ti_sdo_ce_osal_Memory_numHeaps
cd311e94   ti_sdo_ce__versionString
cd311ea0   Engine_alwaysCollectDspTrace
cd311ea4   Engine_ceDebugDspTraceMask
cd311ebc   _DSKT2_memTabList
cd311ec0   _DSKT2_activeAlg
cd311ec4   _DSKT2_lastActiveAlg
cd311ec8   _DSKT2_scratchShareRefCount
cd311ecc   _DSKT2_createCallbackFxn
cd311ed0   _DSKT2_NumYielded
cd311ed4   _DSKT2_yielded
cd311ed8   _DSKT2_initialized
cd311ee0   _DSKT2_gate
cd311f44   Server_holdingTraceToken
cd311f78   ti_sdo_fc_dskt2_DSKT2_convertAddr
cd311f7c   _DSKT2_algReferenceCount
cd311f98   _ZN4trik2cv12BallDetectorIL32TRIK_VIDTRANSCODE_CV_VideoFormat261ELS2_258EE12s_mult43_divE
cd311f9c   _ZN4trik2cv12BallDetectorIL32TRIK_VIDTRANSCODE_CV_VideoFormat261ELS2_258EE13s_mult255_divE
cd312000   ti_sysbios_family_c64p_Hwi0
cd312000   ti_sysbios_family_c64p_Hwi_int0
cd312020   ti_sysbios_family_c64p_Hwi_int1
cd312040   ti_sysbios_family_c64p_Hwi_int2
cd312060   ti_sysbios_family_c64p_Hwi_int3
cd312080   ti_sysbios_family_c64p_Hwi_int4
cd3120a0   ti_sysbios_family_c64p_Hwi_int5
cd3120c0   ti_sysbios_family_c64p_Hwi_int6
cd3120e0   ti_sysbios_family_c64p_Hwi_int7
cd312100   ti_sysbios_family_c64p_Hwi_int8
cd312120   ti_sysbios_family_c64p_Hwi_int9
cd312140   ti_sysbios_family_c64p_Hwi_int10
cd312160   ti_sysbios_family_c64p_Hwi_int11
cd312180   ti_sysbios_family_c64p_Hwi_int12
cd3121a0   ti_sysbios_family_c64p_Hwi_int13
cd3121c0   ti_sysbios_family_c64p_Hwi_int14
cd3121e0   ti_sysbios_family_c64p_Hwi_int15
cd312308   __CIOBUF_
cd312800   _Ipc_ResetVector
cd312808   Ipc_sr0MemorySetup
ffffffff   __TI_pprof_out_hndl
ffffffff   __TI_prof_data_size
ffffffff   __TI_prof_data_start
ffffffff   __binit__
ffffffff   __c_args__
ffffffff   binit
UNDEFED    __TI_CINIT_Base
UNDEFED    __TI_CINIT_Limit
UNDEFED    __TI_Handler_Table_Base
UNDEFED    __TI_Handler_Table_Limit
UNDEFED    __TI_INITARRAY_Base
UNDEFED    __TI_INITARRAY_Limit

[3483 symbols]


DYNAMIC SYMBOLS: SORTED ALPHABETICALLY BY Name 

address    name
--------   ----
UNDEFED    
cd3109a8   TSK_idle
cd312800   _Ipc_ResetVector
cd311e00   __TI_STACK_END
00001000   __TI_STACK_SIZE
cd311e00   __TI_STATIC_BASE
ffffffff   __TI_pprof_out_hndl
ffffffff   __TI_prof_data_size
ffffffff   __TI_prof_data_start
ffffffff   __binit__
ffffffff   __c_args__
00000000   _argsize
ffffffff   binit
00000001   xdc_runtime_Startup__EXECFXN__C
00000001   xdc_runtime_Startup__RESETFXN__C

[15 symbols]


IMPORTED and EXPORTED SYMBOLS: SORTED ALPHABETICALLY BY Name 

IMPORTED SYMBOLS

name                           size      Imported from
-----------------------------  --------  -------------

[0 symbols]


EXPORTED SYMBOLS

address    name
--------   ----
cd312800   _Ipc_ResetVector
